#
# There is insufficient memory for the Java Runtime Environment to continue.
# Native memory allocation (malloc) failed to allocate 877376 bytes for Chunk::new
# Possible reasons:
#   The system is out of physical RAM or swap space
#   The process is running with CompressedOops enabled, and the Java Heap may be blocking the growth of the native heap
# Possible solutions:
#   Reduce memory load on the system
#   Increase physical memory or swap space
#   Check if swap backing store is full
#   Decrease Java heap size (-Xmx/-Xms)
#   Decrease number of Java threads
#   Decrease Java thread stack sizes (-Xss)
#   Set larger code cache with -XX:ReservedCodeCacheSize=
#   JVM is running with Unscaled Compressed Oops mode in which the Java heap is
#     placed in the first 4GB address space. The Java Heap base address is the
#     maximum limit for the native heap growth. Please use -XX:HeapBaseMinAddress
#     to set the Java Heap base and to place the Java Heap above 4GB virtual address.
# This output file may be truncated or incomplete.
#
#  Out of Memory Error (arena.cpp:168), pid=10204, tid=1312
#
# JRE version: Java(TM) SE Runtime Environment (21.0.4+8) (build 21.0.4+8-LTS-274)
# Java VM: Java HotSpot(TM) 64-Bit Server VM (21.0.4+8-LTS-274, mixed mode, sharing, tiered, compressed oops, compressed class ptrs, g1 gc, windows-amd64)
# No core dump will be written. Minidumps are not enabled by default on client versions of Windows
#

---------------  S U M M A R Y ------------

Command Line: --add-opens=java.base/java.util=ALL-UNNAMED --add-opens=java.base/java.lang=ALL-UNNAMED --add-opens=java.base/java.lang.invoke=ALL-UNNAMED --add-opens=java.prefs/java.util.prefs=ALL-UNNAMED --add-opens=java.base/java.nio.charset=ALL-UNNAMED --add-opens=java.base/java.net=ALL-UNNAMED --add-opens=java.base/java.util.concurrent.atomic=ALL-UNNAMED -XX:MaxMetaspaceSize=384m -XX:+HeapDumpOnOutOfMemoryError -Xms256m -Xmx512m -Dfile.encoding=UTF-8 -Duser.country=RU -Duser.language=ru -Duser.variant -javaagent:C:\Users\011ko\.gradle\wrapper\dists\gradle-8.5-bin\5t9huq95ubn472n8rpzujfbqh\gradle-8.5\lib\agents\gradle-instrumentation-agent-8.5.jar org.gradle.launcher.daemon.bootstrap.GradleDaemon 8.5

Host: 11th Gen Intel(R) Core(TM) i3-1115G4 @ 3.00GHz, 4 cores, 7G,  Windows 11 , 64 bit Build 22621 (10.0.22621.3958)
Time: Wed Oct 30 00:57:38 2024 RTZ 6 (s 11 , 64 bit Build 22621 (10.0.22621.3958) elapsed time: 3.885853 seconds (0d 0h 0m 3s)

---------------  T H R E A D  ---------------

Current thread (0x00000293439466a0):  JavaThread "C2 CompilerThread1" daemon [_thread_in_native, id=1312, stack(0x0000009eb7400000,0x0000009eb7500000) (1024K)]


Current CompileTask:
C2:   3885 2677   !   4       java.net.URLClassLoader::findClass (47 bytes)

Stack: [0x0000009eb7400000,0x0000009eb7500000]
Native frames: (J=compiled Java code, j=interpreted, Vv=VM code, C=native code)
V  [jvm.dll+0x6c8e59]
V  [jvm.dll+0x853181]
V  [jvm.dll+0x8556ae]
V  [jvm.dll+0x855d83]
V  [jvm.dll+0x27d526]
V  [jvm.dll+0xc4aad]
V  [jvm.dll+0xc4fe3]
V  [jvm.dll+0x2f038f]
V  [jvm.dll+0x5f406a]
V  [jvm.dll+0x24f102]
V  [jvm.dll+0x247eef]
V  [jvm.dll+0x245754]
V  [jvm.dll+0x1c69de]
V  [jvm.dll+0x254d49]
V  [jvm.dll+0x2532da]
V  [jvm.dll+0x3ed426]
V  [jvm.dll+0x7fd65b]
V  [jvm.dll+0x6c753d]
C  [ucrtbase.dll+0x29333]
C  [KERNEL32.DLL+0x1257d]
C  [ntdll.dll+0x5af08]


---------------  P R O C E S S  ---------------

Threads class SMR info:
_java_thread_list=0x00000293459d76e0, length=25, elements={
0x000002930dcca840, 0x0000029343017cf0, 0x0000029343018c10, 0x000002934301bfc0,
0x0000029343020120, 0x0000029343020ef0, 0x0000029343021a40, 0x00000293430228c0,
0x0000029343046c50, 0x000002934311ede0, 0x0000029343331650, 0x00000293439466a0,
0x0000029344d46d60, 0x0000029343d90030, 0x0000029344d9d670, 0x0000029344b6fad0,
0x0000029344fa5e10, 0x00000293445fc600, 0x0000029344e3b970, 0x0000029344e160d0,
0x0000029344e14d20, 0x0000029344e15a40, 0x0000029344e14690, 0x0000029344e16760,
0x0000029344e153b0
}

Java Threads: ( => current thread )
  0x000002930dcca840 JavaThread "main"                              [_thread_blocked, id=12800, stack(0x0000009eb5f00000,0x0000009eb6000000) (1024K)]
  0x0000029343017cf0 JavaThread "Reference Handler"          daemon [_thread_blocked, id=25344, stack(0x0000009eb6700000,0x0000009eb6800000) (1024K)]
  0x0000029343018c10 JavaThread "Finalizer"                  daemon [_thread_blocked, id=4044, stack(0x0000009eb6800000,0x0000009eb6900000) (1024K)]
  0x000002934301bfc0 JavaThread "Signal Dispatcher"          daemon [_thread_blocked, id=10740, stack(0x0000009eb6900000,0x0000009eb6a00000) (1024K)]
  0x0000029343020120 JavaThread "Attach Listener"            daemon [_thread_blocked, id=9128, stack(0x0000009eb6a00000,0x0000009eb6b00000) (1024K)]
  0x0000029343020ef0 JavaThread "Service Thread"             daemon [_thread_blocked, id=9832, stack(0x0000009eb6b00000,0x0000009eb6c00000) (1024K)]
  0x0000029343021a40 JavaThread "Monitor Deflation Thread"   daemon [_thread_blocked, id=4584, stack(0x0000009eb6c00000,0x0000009eb6d00000) (1024K)]
  0x00000293430228c0 JavaThread "C2 CompilerThread0"         daemon [_thread_in_native, id=9516, stack(0x0000009eb6d00000,0x0000009eb6e00000) (1024K)]
  0x0000029343046c50 JavaThread "C1 CompilerThread0"         daemon [_thread_in_native, id=26092, stack(0x0000009eb6e00000,0x0000009eb6f00000) (1024K)]
  0x000002934311ede0 JavaThread "Common-Cleaner"             daemon [_thread_blocked, id=18400, stack(0x0000009eb6f00000,0x0000009eb7000000) (1024K)]
  0x0000029343331650 JavaThread "Notification Thread"        daemon [_thread_blocked, id=5160, stack(0x0000009eb7000000,0x0000009eb7100000) (1024K)]
=>0x00000293439466a0 JavaThread "C2 CompilerThread1"         daemon [_thread_in_native, id=1312, stack(0x0000009eb7400000,0x0000009eb7500000) (1024K)]
  0x0000029344d46d60 JavaThread "Daemon health stats"               [_thread_blocked, id=24448, stack(0x0000009eb7500000,0x0000009eb7600000) (1024K)]
  0x0000029343d90030 JavaThread "Incoming local TCP Connector on port 36772"        [_thread_in_native, id=7420, stack(0x0000009eb7600000,0x0000009eb7700000) (1024K)]
  0x0000029344d9d670 JavaThread "Daemon periodic checks"            [_thread_blocked, id=29496, stack(0x0000009eb7700000,0x0000009eb7800000) (1024K)]
  0x0000029344b6fad0 JavaThread "Daemon"                            [_thread_blocked, id=7596, stack(0x0000009eb7800000,0x0000009eb7900000) (1024K)]
  0x0000029344fa5e10 JavaThread "Handler for socket connection from /127.0.0.1:36772 to /127.0.0.1:36773"        [_thread_in_native, id=16608, stack(0x0000009eb7900000,0x0000009eb7a00000) (1024K)]
  0x00000293445fc600 JavaThread "Cancel handler"                    [_thread_blocked, id=27268, stack(0x0000009eb7a00000,0x0000009eb7b00000) (1024K)]
  0x0000029344e3b970 JavaThread "Daemon worker"                     [_thread_in_vm, id=26820, stack(0x0000009eb7b00000,0x0000009eb7c00000) (1024K)]
  0x0000029344e160d0 JavaThread "Asynchronous log dispatcher for DefaultDaemonConnection: socket connection from /127.0.0.1:36772 to /127.0.0.1:36773"        [_thread_blocked, id=27280, stack(0x0000009eb7c00000,0x0000009eb7d00000) (1024K)]
  0x0000029344e14d20 JavaThread "Stdin handler"                     [_thread_blocked, id=8936, stack(0x0000009eb7d00000,0x0000009eb7e00000) (1024K)]
  0x0000029344e15a40 JavaThread "Daemon client event forwarder"        [_thread_blocked, id=14312, stack(0x0000009eb7e00000,0x0000009eb7f00000) (1024K)]
  0x0000029344e14690 JavaThread "Cache worker for journal cache (C:\Users\011ko\.gradle\caches\journal-1)"        [_thread_blocked, id=20440, stack(0x0000009eb7f00000,0x0000009eb8000000) (1024K)]
  0x0000029344e16760 JavaThread "File lock request listener"        [_thread_in_native, id=27016, stack(0x0000009eb8000000,0x0000009eb8100000) (1024K)]
  0x0000029344e153b0 JavaThread "Cache worker for file hash cache (C:\Users\011ko\.gradle\caches\8.5\fileHashes)"        [_thread_blocked, id=23984, stack(0x0000009eb8100000,0x0000009eb8200000) (1024K)]
Total: 25

Other Threads:
  0x0000029329f9c7d0 VMThread "VM Thread"                           [id=15416, stack(0x0000009eb6600000,0x0000009eb6700000) (1024K)]
  0x0000029329f87330 WatcherThread "VM Periodic Task Thread"        [id=11684, stack(0x0000009eb6500000,0x0000009eb6600000) (1024K)]
  0x000002930dcf48c0 WorkerThread "GC Thread#0"                     [id=29248, stack(0x0000009eb6000000,0x0000009eb6100000) (1024K)]
  0x00000293433db1a0 WorkerThread "GC Thread#1"                     [id=17976, stack(0x0000009eb7100000,0x0000009eb7200000) (1024K)]
  0x00000293433db540 WorkerThread "GC Thread#2"                     [id=4008, stack(0x0000009eb7200000,0x0000009eb7300000) (1024K)]
  0x00000293433e8f20 WorkerThread "GC Thread#3"                     [id=1936, stack(0x0000009eb7300000,0x0000009eb7400000) (1024K)]
  0x000002930dcf98a0 ConcurrentGCThread "G1 Main Marker"            [id=23492, stack(0x0000009eb6100000,0x0000009eb6200000) (1024K)]
  0x000002930dcfa550 WorkerThread "G1 Conc#0"                       [id=29548, stack(0x0000009eb6200000,0x0000009eb6300000) (1024K)]
  0x000002930dd8eaf0 ConcurrentGCThread "G1 Refine#0"               [id=24124, stack(0x0000009eb6300000,0x0000009eb6400000) (1024K)]
  0x0000029329e589f0 ConcurrentGCThread "G1 Service"                [id=12312, stack(0x0000009eb6400000,0x0000009eb6500000) (1024K)]
Total: 10

Threads with active compile tasks:
C2 CompilerThread0     3921 2546   !   4       java.lang.ClassLoader::loadClass (121 bytes)
C2 CompilerThread1     3921 2677   !   4       java.net.URLClassLoader::findClass (47 bytes)
Total: 2

VM state: not at safepoint (normal execution)

VM Mutex/Monitor currently owned by a thread:  ([mutex/lock_event])
[0x00007ffb79688598] SystemDictionary_lock - owner thread: 0x0000029344e3b970

Heap address: 0x00000000e0000000, size: 512 MB, Compressed Oops mode: 32-bit

CDS archive(s) mapped at: [0x000002932a000000-0x000002932ac90000-0x000002932ac90000), size 13172736, SharedBaseAddress: 0x000002932a000000, ArchiveRelocationMode: 1.
Compressed class space mapped at: 0x000002932b000000-0x000002933f000000, reserved size: 335544320
Narrow klass base: 0x000002932a000000, Narrow klass shift: 0, Narrow klass range: 0x100000000

GC Precious Log:
 CardTable entry size: 512
 Card Set container configuration: InlinePtr #cards 5 size 8 Array Of Cards #cards 12 size 40 Howl #buckets 4 coarsen threshold 1843 Howl Bitmap #cards 512 size 80 coarsen threshold 460 Card regions per heap region 1 cards per card region 2048
 CPUs: 4 total, 4 available
 Memory: 7991M
 Large Page Support: Disabled
 NUMA Support: Disabled
 Compressed Oops: Enabled (32-bit)
 Heap Region Size: 1M
 Heap Min Capacity: 256M
 Heap Initial Capacity: 256M
 Heap Max Capacity: 512M
 Pre-touch: Disabled
 Parallel Workers: 4
 Concurrent Workers: 1
 Concurrent Refinement Workers: 4
 Periodic GC: Disabled

Heap:
 garbage-first heap   total 262144K, used 82825K [0x00000000e0000000, 0x0000000100000000)
  region size 1024K, 71 young (72704K), 4 survivors (4096K)
 Metaspace       used 17057K, committed 17536K, reserved 393216K
  class space    used 2410K, committed 2624K, reserved 327680K

Heap Regions: E=young(eden), S=young(survivor), O=old, HS=humongous(starts), HC=humongous(continues), CS=collection set, F=free, TAMS=top-at-mark-start, PB=parsable bottom
|   0|0x00000000e0000000, 0x00000000e0100000, 0x00000000e0100000|100%| O|  |TAMS 0x00000000e0000000| PB 0x00000000e0000000| Untracked 
|   1|0x00000000e0100000, 0x00000000e0200000, 0x00000000e0200000|100%| O|  |TAMS 0x00000000e0100000| PB 0x00000000e0100000| Untracked 
|   2|0x00000000e0200000, 0x00000000e0300000, 0x00000000e0300000|100%|HS|  |TAMS 0x00000000e0200000| PB 0x00000000e0200000| Complete 
|   3|0x00000000e0300000, 0x00000000e0400000, 0x00000000e0400000|100%|HC|  |TAMS 0x00000000e0300000| PB 0x00000000e0300000| Complete 
|   4|0x00000000e0400000, 0x00000000e0500000, 0x00000000e0500000|100%|HC|  |TAMS 0x00000000e0400000| PB 0x00000000e0400000| Complete 
|   5|0x00000000e0500000, 0x00000000e0600000, 0x00000000e0600000|100%|HC|  |TAMS 0x00000000e0500000| PB 0x00000000e0500000| Complete 
|   6|0x00000000e0600000, 0x00000000e0700000, 0x00000000e0700000|100%| O|  |TAMS 0x00000000e0600000| PB 0x00000000e0600000| Untracked 
|   7|0x00000000e0700000, 0x00000000e0800000, 0x00000000e0800000|100%| O|  |TAMS 0x00000000e0700000| PB 0x00000000e0700000| Untracked 
|   8|0x00000000e0800000, 0x00000000e0800000, 0x00000000e0900000|  0%| F|  |TAMS 0x00000000e0800000| PB 0x00000000e0800000| Untracked 
|   9|0x00000000e0900000, 0x00000000e0a00000, 0x00000000e0a00000|100%| O|  |TAMS 0x00000000e0900000| PB 0x00000000e0900000| Untracked 
|  10|0x00000000e0a00000, 0x00000000e0b00000, 0x00000000e0b00000|100%| O|  |TAMS 0x00000000e0a00000| PB 0x00000000e0a00000| Untracked 
|  11|0x00000000e0b00000, 0x00000000e0be25b8, 0x00000000e0c00000| 88%| O|  |TAMS 0x00000000e0b00000| PB 0x00000000e0b00000| Untracked 
|  12|0x00000000e0c00000, 0x00000000e0c00000, 0x00000000e0d00000|  0%| F|  |TAMS 0x00000000e0c00000| PB 0x00000000e0c00000| Untracked 
|  13|0x00000000e0d00000, 0x00000000e0d00000, 0x00000000e0e00000|  0%| F|  |TAMS 0x00000000e0d00000| PB 0x00000000e0d00000| Untracked 
|  14|0x00000000e0e00000, 0x00000000e0e00000, 0x00000000e0f00000|  0%| F|  |TAMS 0x00000000e0e00000| PB 0x00000000e0e00000| Untracked 
|  15|0x00000000e0f00000, 0x00000000e0f00000, 0x00000000e1000000|  0%| F|  |TAMS 0x00000000e0f00000| PB 0x00000000e0f00000| Untracked 
|  16|0x00000000e1000000, 0x00000000e1000000, 0x00000000e1100000|  0%| F|  |TAMS 0x00000000e1000000| PB 0x00000000e1000000| Untracked 
|  17|0x00000000e1100000, 0x00000000e1100000, 0x00000000e1200000|  0%| F|  |TAMS 0x00000000e1100000| PB 0x00000000e1100000| Untracked 
|  18|0x00000000e1200000, 0x00000000e1200000, 0x00000000e1300000|  0%| F|  |TAMS 0x00000000e1200000| PB 0x00000000e1200000| Untracked 
|  19|0x00000000e1300000, 0x00000000e1300000, 0x00000000e1400000|  0%| F|  |TAMS 0x00000000e1300000| PB 0x00000000e1300000| Untracked 
|  20|0x00000000e1400000, 0x00000000e1400000, 0x00000000e1500000|  0%| F|  |TAMS 0x00000000e1400000| PB 0x00000000e1400000| Untracked 
|  21|0x00000000e1500000, 0x00000000e1500000, 0x00000000e1600000|  0%| F|  |TAMS 0x00000000e1500000| PB 0x00000000e1500000| Untracked 
|  22|0x00000000e1600000, 0x00000000e1600000, 0x00000000e1700000|  0%| F|  |TAMS 0x00000000e1600000| PB 0x00000000e1600000| Untracked 
|  23|0x00000000e1700000, 0x00000000e1700000, 0x00000000e1800000|  0%| F|  |TAMS 0x00000000e1700000| PB 0x00000000e1700000| Untracked 
|  24|0x00000000e1800000, 0x00000000e1800000, 0x00000000e1900000|  0%| F|  |TAMS 0x00000000e1800000| PB 0x00000000e1800000| Untracked 
|  25|0x00000000e1900000, 0x00000000e1900000, 0x00000000e1a00000|  0%| F|  |TAMS 0x00000000e1900000| PB 0x00000000e1900000| Untracked 
|  26|0x00000000e1a00000, 0x00000000e1a00000, 0x00000000e1b00000|  0%| F|  |TAMS 0x00000000e1a00000| PB 0x00000000e1a00000| Untracked 
|  27|0x00000000e1b00000, 0x00000000e1b00000, 0x00000000e1c00000|  0%| F|  |TAMS 0x00000000e1b00000| PB 0x00000000e1b00000| Untracked 
|  28|0x00000000e1c00000, 0x00000000e1c00000, 0x00000000e1d00000|  0%| F|  |TAMS 0x00000000e1c00000| PB 0x00000000e1c00000| Untracked 
|  29|0x00000000e1d00000, 0x00000000e1d00000, 0x00000000e1e00000|  0%| F|  |TAMS 0x00000000e1d00000| PB 0x00000000e1d00000| Untracked 
|  30|0x00000000e1e00000, 0x00000000e1e00000, 0x00000000e1f00000|  0%| F|  |TAMS 0x00000000e1e00000| PB 0x00000000e1e00000| Untracked 
|  31|0x00000000e1f00000, 0x00000000e1f00000, 0x00000000e2000000|  0%| F|  |TAMS 0x00000000e1f00000| PB 0x00000000e1f00000| Untracked 
|  32|0x00000000e2000000, 0x00000000e2000000, 0x00000000e2100000|  0%| F|  |TAMS 0x00000000e2000000| PB 0x00000000e2000000| Untracked 
|  33|0x00000000e2100000, 0x00000000e2100000, 0x00000000e2200000|  0%| F|  |TAMS 0x00000000e2100000| PB 0x00000000e2100000| Untracked 
|  34|0x00000000e2200000, 0x00000000e2200000, 0x00000000e2300000|  0%| F|  |TAMS 0x00000000e2200000| PB 0x00000000e2200000| Untracked 
|  35|0x00000000e2300000, 0x00000000e2300000, 0x00000000e2400000|  0%| F|  |TAMS 0x00000000e2300000| PB 0x00000000e2300000| Untracked 
|  36|0x00000000e2400000, 0x00000000e2400000, 0x00000000e2500000|  0%| F|  |TAMS 0x00000000e2400000| PB 0x00000000e2400000| Untracked 
|  37|0x00000000e2500000, 0x00000000e2500000, 0x00000000e2600000|  0%| F|  |TAMS 0x00000000e2500000| PB 0x00000000e2500000| Untracked 
|  38|0x00000000e2600000, 0x00000000e2600000, 0x00000000e2700000|  0%| F|  |TAMS 0x00000000e2600000| PB 0x00000000e2600000| Untracked 
|  39|0x00000000e2700000, 0x00000000e2700000, 0x00000000e2800000|  0%| F|  |TAMS 0x00000000e2700000| PB 0x00000000e2700000| Untracked 
|  40|0x00000000e2800000, 0x00000000e2800000, 0x00000000e2900000|  0%| F|  |TAMS 0x00000000e2800000| PB 0x00000000e2800000| Untracked 
|  41|0x00000000e2900000, 0x00000000e2900000, 0x00000000e2a00000|  0%| F|  |TAMS 0x00000000e2900000| PB 0x00000000e2900000| Untracked 
|  42|0x00000000e2a00000, 0x00000000e2a00000, 0x00000000e2b00000|  0%| F|  |TAMS 0x00000000e2a00000| PB 0x00000000e2a00000| Untracked 
|  43|0x00000000e2b00000, 0x00000000e2b00000, 0x00000000e2c00000|  0%| F|  |TAMS 0x00000000e2b00000| PB 0x00000000e2b00000| Untracked 
|  44|0x00000000e2c00000, 0x00000000e2c00000, 0x00000000e2d00000|  0%| F|  |TAMS 0x00000000e2c00000| PB 0x00000000e2c00000| Untracked 
|  45|0x00000000e2d00000, 0x00000000e2d00000, 0x00000000e2e00000|  0%| F|  |TAMS 0x00000000e2d00000| PB 0x00000000e2d00000| Untracked 
|  46|0x00000000e2e00000, 0x00000000e2e00000, 0x00000000e2f00000|  0%| F|  |TAMS 0x00000000e2e00000| PB 0x00000000e2e00000| Untracked 
|  47|0x00000000e2f00000, 0x00000000e2f00000, 0x00000000e3000000|  0%| F|  |TAMS 0x00000000e2f00000| PB 0x00000000e2f00000| Untracked 
|  48|0x00000000e3000000, 0x00000000e3000000, 0x00000000e3100000|  0%| F|  |TAMS 0x00000000e3000000| PB 0x00000000e3000000| Untracked 
|  49|0x00000000e3100000, 0x00000000e3100000, 0x00000000e3200000|  0%| F|  |TAMS 0x00000000e3100000| PB 0x00000000e3100000| Untracked 
|  50|0x00000000e3200000, 0x00000000e3200000, 0x00000000e3300000|  0%| F|  |TAMS 0x00000000e3200000| PB 0x00000000e3200000| Untracked 
|  51|0x00000000e3300000, 0x00000000e3300000, 0x00000000e3400000|  0%| F|  |TAMS 0x00000000e3300000| PB 0x00000000e3300000| Untracked 
|  52|0x00000000e3400000, 0x00000000e3400000, 0x00000000e3500000|  0%| F|  |TAMS 0x00000000e3400000| PB 0x00000000e3400000| Untracked 
|  53|0x00000000e3500000, 0x00000000e3500000, 0x00000000e3600000|  0%| F|  |TAMS 0x00000000e3500000| PB 0x00000000e3500000| Untracked 
|  54|0x00000000e3600000, 0x00000000e3600000, 0x00000000e3700000|  0%| F|  |TAMS 0x00000000e3600000| PB 0x00000000e3600000| Untracked 
|  55|0x00000000e3700000, 0x00000000e3700000, 0x00000000e3800000|  0%| F|  |TAMS 0x00000000e3700000| PB 0x00000000e3700000| Untracked 
|  56|0x00000000e3800000, 0x00000000e3800000, 0x00000000e3900000|  0%| F|  |TAMS 0x00000000e3800000| PB 0x00000000e3800000| Untracked 
|  57|0x00000000e3900000, 0x00000000e3900000, 0x00000000e3a00000|  0%| F|  |TAMS 0x00000000e3900000| PB 0x00000000e3900000| Untracked 
|  58|0x00000000e3a00000, 0x00000000e3a00000, 0x00000000e3b00000|  0%| F|  |TAMS 0x00000000e3a00000| PB 0x00000000e3a00000| Untracked 
|  59|0x00000000e3b00000, 0x00000000e3b00000, 0x00000000e3c00000|  0%| F|  |TAMS 0x00000000e3b00000| PB 0x00000000e3b00000| Untracked 
|  60|0x00000000e3c00000, 0x00000000e3c00000, 0x00000000e3d00000|  0%| F|  |TAMS 0x00000000e3c00000| PB 0x00000000e3c00000| Untracked 
|  61|0x00000000e3d00000, 0x00000000e3d00000, 0x00000000e3e00000|  0%| F|  |TAMS 0x00000000e3d00000| PB 0x00000000e3d00000| Untracked 
|  62|0x00000000e3e00000, 0x00000000e3e00000, 0x00000000e3f00000|  0%| F|  |TAMS 0x00000000e3e00000| PB 0x00000000e3e00000| Untracked 
|  63|0x00000000e3f00000, 0x00000000e3f00000, 0x00000000e4000000|  0%| F|  |TAMS 0x00000000e3f00000| PB 0x00000000e3f00000| Untracked 
|  64|0x00000000e4000000, 0x00000000e4000000, 0x00000000e4100000|  0%| F|  |TAMS 0x00000000e4000000| PB 0x00000000e4000000| Untracked 
|  65|0x00000000e4100000, 0x00000000e4100000, 0x00000000e4200000|  0%| F|  |TAMS 0x00000000e4100000| PB 0x00000000e4100000| Untracked 
|  66|0x00000000e4200000, 0x00000000e4200000, 0x00000000e4300000|  0%| F|  |TAMS 0x00000000e4200000| PB 0x00000000e4200000| Untracked 
|  67|0x00000000e4300000, 0x00000000e4300000, 0x00000000e4400000|  0%| F|  |TAMS 0x00000000e4300000| PB 0x00000000e4300000| Untracked 
|  68|0x00000000e4400000, 0x00000000e4400000, 0x00000000e4500000|  0%| F|  |TAMS 0x00000000e4400000| PB 0x00000000e4400000| Untracked 
|  69|0x00000000e4500000, 0x00000000e4500000, 0x00000000e4600000|  0%| F|  |TAMS 0x00000000e4500000| PB 0x00000000e4500000| Untracked 
|  70|0x00000000e4600000, 0x00000000e4600000, 0x00000000e4700000|  0%| F|  |TAMS 0x00000000e4600000| PB 0x00000000e4600000| Untracked 
|  71|0x00000000e4700000, 0x00000000e4700000, 0x00000000e4800000|  0%| F|  |TAMS 0x00000000e4700000| PB 0x00000000e4700000| Untracked 
|  72|0x00000000e4800000, 0x00000000e4800000, 0x00000000e4900000|  0%| F|  |TAMS 0x00000000e4800000| PB 0x00000000e4800000| Untracked 
|  73|0x00000000e4900000, 0x00000000e4900000, 0x00000000e4a00000|  0%| F|  |TAMS 0x00000000e4900000| PB 0x00000000e4900000| Untracked 
|  74|0x00000000e4a00000, 0x00000000e4a00000, 0x00000000e4b00000|  0%| F|  |TAMS 0x00000000e4a00000| PB 0x00000000e4a00000| Untracked 
|  75|0x00000000e4b00000, 0x00000000e4b00000, 0x00000000e4c00000|  0%| F|  |TAMS 0x00000000e4b00000| PB 0x00000000e4b00000| Untracked 
|  76|0x00000000e4c00000, 0x00000000e4c00000, 0x00000000e4d00000|  0%| F|  |TAMS 0x00000000e4c00000| PB 0x00000000e4c00000| Untracked 
|  77|0x00000000e4d00000, 0x00000000e4d00000, 0x00000000e4e00000|  0%| F|  |TAMS 0x00000000e4d00000| PB 0x00000000e4d00000| Untracked 
|  78|0x00000000e4e00000, 0x00000000e4e00000, 0x00000000e4f00000|  0%| F|  |TAMS 0x00000000e4e00000| PB 0x00000000e4e00000| Untracked 
|  79|0x00000000e4f00000, 0x00000000e4f00000, 0x00000000e5000000|  0%| F|  |TAMS 0x00000000e4f00000| PB 0x00000000e4f00000| Untracked 
|  80|0x00000000e5000000, 0x00000000e5000000, 0x00000000e5100000|  0%| F|  |TAMS 0x00000000e5000000| PB 0x00000000e5000000| Untracked 
|  81|0x00000000e5100000, 0x00000000e5100000, 0x00000000e5200000|  0%| F|  |TAMS 0x00000000e5100000| PB 0x00000000e5100000| Untracked 
|  82|0x00000000e5200000, 0x00000000e5200000, 0x00000000e5300000|  0%| F|  |TAMS 0x00000000e5200000| PB 0x00000000e5200000| Untracked 
|  83|0x00000000e5300000, 0x00000000e5300000, 0x00000000e5400000|  0%| F|  |TAMS 0x00000000e5300000| PB 0x00000000e5300000| Untracked 
|  84|0x00000000e5400000, 0x00000000e5400000, 0x00000000e5500000|  0%| F|  |TAMS 0x00000000e5400000| PB 0x00000000e5400000| Untracked 
|  85|0x00000000e5500000, 0x00000000e5500000, 0x00000000e5600000|  0%| F|  |TAMS 0x00000000e5500000| PB 0x00000000e5500000| Untracked 
|  86|0x00000000e5600000, 0x00000000e5600000, 0x00000000e5700000|  0%| F|  |TAMS 0x00000000e5600000| PB 0x00000000e5600000| Untracked 
|  87|0x00000000e5700000, 0x00000000e5700000, 0x00000000e5800000|  0%| F|  |TAMS 0x00000000e5700000| PB 0x00000000e5700000| Untracked 
|  88|0x00000000e5800000, 0x00000000e5800000, 0x00000000e5900000|  0%| F|  |TAMS 0x00000000e5800000| PB 0x00000000e5800000| Untracked 
|  89|0x00000000e5900000, 0x00000000e5900000, 0x00000000e5a00000|  0%| F|  |TAMS 0x00000000e5900000| PB 0x00000000e5900000| Untracked 
|  90|0x00000000e5a00000, 0x00000000e5a00000, 0x00000000e5b00000|  0%| F|  |TAMS 0x00000000e5a00000| PB 0x00000000e5a00000| Untracked 
|  91|0x00000000e5b00000, 0x00000000e5b00000, 0x00000000e5c00000|  0%| F|  |TAMS 0x00000000e5b00000| PB 0x00000000e5b00000| Untracked 
|  92|0x00000000e5c00000, 0x00000000e5c00000, 0x00000000e5d00000|  0%| F|  |TAMS 0x00000000e5c00000| PB 0x00000000e5c00000| Untracked 
|  93|0x00000000e5d00000, 0x00000000e5d00000, 0x00000000e5e00000|  0%| F|  |TAMS 0x00000000e5d00000| PB 0x00000000e5d00000| Untracked 
|  94|0x00000000e5e00000, 0x00000000e5e00000, 0x00000000e5f00000|  0%| F|  |TAMS 0x00000000e5e00000| PB 0x00000000e5e00000| Untracked 
|  95|0x00000000e5f00000, 0x00000000e5f00000, 0x00000000e6000000|  0%| F|  |TAMS 0x00000000e5f00000| PB 0x00000000e5f00000| Untracked 
|  96|0x00000000e6000000, 0x00000000e6000000, 0x00000000e6100000|  0%| F|  |TAMS 0x00000000e6000000| PB 0x00000000e6000000| Untracked 
|  97|0x00000000e6100000, 0x00000000e6100000, 0x00000000e6200000|  0%| F|  |TAMS 0x00000000e6100000| PB 0x00000000e6100000| Untracked 
|  98|0x00000000e6200000, 0x00000000e6200000, 0x00000000e6300000|  0%| F|  |TAMS 0x00000000e6200000| PB 0x00000000e6200000| Untracked 
|  99|0x00000000e6300000, 0x00000000e6300000, 0x00000000e6400000|  0%| F|  |TAMS 0x00000000e6300000| PB 0x00000000e6300000| Untracked 
| 100|0x00000000e6400000, 0x00000000e6400000, 0x00000000e6500000|  0%| F|  |TAMS 0x00000000e6400000| PB 0x00000000e6400000| Untracked 
| 101|0x00000000e6500000, 0x00000000e6500000, 0x00000000e6600000|  0%| F|  |TAMS 0x00000000e6500000| PB 0x00000000e6500000| Untracked 
| 102|0x00000000e6600000, 0x00000000e6600000, 0x00000000e6700000|  0%| F|  |TAMS 0x00000000e6600000| PB 0x00000000e6600000| Untracked 
| 103|0x00000000e6700000, 0x00000000e6700000, 0x00000000e6800000|  0%| F|  |TAMS 0x00000000e6700000| PB 0x00000000e6700000| Untracked 
| 104|0x00000000e6800000, 0x00000000e6800000, 0x00000000e6900000|  0%| F|  |TAMS 0x00000000e6800000| PB 0x00000000e6800000| Untracked 
| 105|0x00000000e6900000, 0x00000000e6900000, 0x00000000e6a00000|  0%| F|  |TAMS 0x00000000e6900000| PB 0x00000000e6900000| Untracked 
| 106|0x00000000e6a00000, 0x00000000e6a00000, 0x00000000e6b00000|  0%| F|  |TAMS 0x00000000e6a00000| PB 0x00000000e6a00000| Untracked 
| 107|0x00000000e6b00000, 0x00000000e6b00000, 0x00000000e6c00000|  0%| F|  |TAMS 0x00000000e6b00000| PB 0x00000000e6b00000| Untracked 
| 108|0x00000000e6c00000, 0x00000000e6c00000, 0x00000000e6d00000|  0%| F|  |TAMS 0x00000000e6c00000| PB 0x00000000e6c00000| Untracked 
| 109|0x00000000e6d00000, 0x00000000e6d00000, 0x00000000e6e00000|  0%| F|  |TAMS 0x00000000e6d00000| PB 0x00000000e6d00000| Untracked 
| 110|0x00000000e6e00000, 0x00000000e6e00000, 0x00000000e6f00000|  0%| F|  |TAMS 0x00000000e6e00000| PB 0x00000000e6e00000| Untracked 
| 111|0x00000000e6f00000, 0x00000000e6f00000, 0x00000000e7000000|  0%| F|  |TAMS 0x00000000e6f00000| PB 0x00000000e6f00000| Untracked 
| 112|0x00000000e7000000, 0x00000000e7000000, 0x00000000e7100000|  0%| F|  |TAMS 0x00000000e7000000| PB 0x00000000e7000000| Untracked 
| 113|0x00000000e7100000, 0x00000000e7100000, 0x00000000e7200000|  0%| F|  |TAMS 0x00000000e7100000| PB 0x00000000e7100000| Untracked 
| 114|0x00000000e7200000, 0x00000000e7200000, 0x00000000e7300000|  0%| F|  |TAMS 0x00000000e7200000| PB 0x00000000e7200000| Untracked 
| 115|0x00000000e7300000, 0x00000000e7300000, 0x00000000e7400000|  0%| F|  |TAMS 0x00000000e7300000| PB 0x00000000e7300000| Untracked 
| 116|0x00000000e7400000, 0x00000000e7400000, 0x00000000e7500000|  0%| F|  |TAMS 0x00000000e7400000| PB 0x00000000e7400000| Untracked 
| 117|0x00000000e7500000, 0x00000000e7500000, 0x00000000e7600000|  0%| F|  |TAMS 0x00000000e7500000| PB 0x00000000e7500000| Untracked 
| 118|0x00000000e7600000, 0x00000000e7600000, 0x00000000e7700000|  0%| F|  |TAMS 0x00000000e7600000| PB 0x00000000e7600000| Untracked 
| 119|0x00000000e7700000, 0x00000000e7700000, 0x00000000e7800000|  0%| F|  |TAMS 0x00000000e7700000| PB 0x00000000e7700000| Untracked 
| 120|0x00000000e7800000, 0x00000000e7800000, 0x00000000e7900000|  0%| F|  |TAMS 0x00000000e7800000| PB 0x00000000e7800000| Untracked 
| 121|0x00000000e7900000, 0x00000000e7900000, 0x00000000e7a00000|  0%| F|  |TAMS 0x00000000e7900000| PB 0x00000000e7900000| Untracked 
| 122|0x00000000e7a00000, 0x00000000e7a00000, 0x00000000e7b00000|  0%| F|  |TAMS 0x00000000e7a00000| PB 0x00000000e7a00000| Untracked 
| 123|0x00000000e7b00000, 0x00000000e7b00000, 0x00000000e7c00000|  0%| F|  |TAMS 0x00000000e7b00000| PB 0x00000000e7b00000| Untracked 
| 124|0x00000000e7c00000, 0x00000000e7c00000, 0x00000000e7d00000|  0%| F|  |TAMS 0x00000000e7c00000| PB 0x00000000e7c00000| Untracked 
| 125|0x00000000e7d00000, 0x00000000e7d00000, 0x00000000e7e00000|  0%| F|  |TAMS 0x00000000e7d00000| PB 0x00000000e7d00000| Untracked 
| 126|0x00000000e7e00000, 0x00000000e7e00000, 0x00000000e7f00000|  0%| F|  |TAMS 0x00000000e7e00000| PB 0x00000000e7e00000| Untracked 
| 127|0x00000000e7f00000, 0x00000000e7f00000, 0x00000000e8000000|  0%| F|  |TAMS 0x00000000e7f00000| PB 0x00000000e7f00000| Untracked 
| 128|0x00000000e8000000, 0x00000000e8000000, 0x00000000e8100000|  0%| F|  |TAMS 0x00000000e8000000| PB 0x00000000e8000000| Untracked 
| 129|0x00000000e8100000, 0x00000000e8100000, 0x00000000e8200000|  0%| F|  |TAMS 0x00000000e8100000| PB 0x00000000e8100000| Untracked 
| 130|0x00000000e8200000, 0x00000000e8200000, 0x00000000e8300000|  0%| F|  |TAMS 0x00000000e8200000| PB 0x00000000e8200000| Untracked 
| 131|0x00000000e8300000, 0x00000000e8300000, 0x00000000e8400000|  0%| F|  |TAMS 0x00000000e8300000| PB 0x00000000e8300000| Untracked 
| 132|0x00000000e8400000, 0x00000000e8400000, 0x00000000e8500000|  0%| F|  |TAMS 0x00000000e8400000| PB 0x00000000e8400000| Untracked 
| 133|0x00000000e8500000, 0x00000000e8500000, 0x00000000e8600000|  0%| F|  |TAMS 0x00000000e8500000| PB 0x00000000e8500000| Untracked 
| 134|0x00000000e8600000, 0x00000000e8600000, 0x00000000e8700000|  0%| F|  |TAMS 0x00000000e8600000| PB 0x00000000e8600000| Untracked 
| 135|0x00000000e8700000, 0x00000000e8700000, 0x00000000e8800000|  0%| F|  |TAMS 0x00000000e8700000| PB 0x00000000e8700000| Untracked 
| 136|0x00000000e8800000, 0x00000000e8800000, 0x00000000e8900000|  0%| F|  |TAMS 0x00000000e8800000| PB 0x00000000e8800000| Untracked 
| 137|0x00000000e8900000, 0x00000000e8900000, 0x00000000e8a00000|  0%| F|  |TAMS 0x00000000e8900000| PB 0x00000000e8900000| Untracked 
| 138|0x00000000e8a00000, 0x00000000e8a00000, 0x00000000e8b00000|  0%| F|  |TAMS 0x00000000e8a00000| PB 0x00000000e8a00000| Untracked 
| 139|0x00000000e8b00000, 0x00000000e8b00000, 0x00000000e8c00000|  0%| F|  |TAMS 0x00000000e8b00000| PB 0x00000000e8b00000| Untracked 
| 140|0x00000000e8c00000, 0x00000000e8c00000, 0x00000000e8d00000|  0%| F|  |TAMS 0x00000000e8c00000| PB 0x00000000e8c00000| Untracked 
| 141|0x00000000e8d00000, 0x00000000e8d00000, 0x00000000e8e00000|  0%| F|  |TAMS 0x00000000e8d00000| PB 0x00000000e8d00000| Untracked 
| 142|0x00000000e8e00000, 0x00000000e8e00000, 0x00000000e8f00000|  0%| F|  |TAMS 0x00000000e8e00000| PB 0x00000000e8e00000| Untracked 
| 143|0x00000000e8f00000, 0x00000000e8f00000, 0x00000000e9000000|  0%| F|  |TAMS 0x00000000e8f00000| PB 0x00000000e8f00000| Untracked 
| 144|0x00000000e9000000, 0x00000000e9000000, 0x00000000e9100000|  0%| F|  |TAMS 0x00000000e9000000| PB 0x00000000e9000000| Untracked 
| 145|0x00000000e9100000, 0x00000000e9100000, 0x00000000e9200000|  0%| F|  |TAMS 0x00000000e9100000| PB 0x00000000e9100000| Untracked 
| 146|0x00000000e9200000, 0x00000000e9200000, 0x00000000e9300000|  0%| F|  |TAMS 0x00000000e9200000| PB 0x00000000e9200000| Untracked 
| 147|0x00000000e9300000, 0x00000000e9300000, 0x00000000e9400000|  0%| F|  |TAMS 0x00000000e9300000| PB 0x00000000e9300000| Untracked 
| 148|0x00000000e9400000, 0x00000000e9400000, 0x00000000e9500000|  0%| F|  |TAMS 0x00000000e9400000| PB 0x00000000e9400000| Untracked 
| 149|0x00000000e9500000, 0x00000000e9500000, 0x00000000e9600000|  0%| F|  |TAMS 0x00000000e9500000| PB 0x00000000e9500000| Untracked 
| 150|0x00000000e9600000, 0x00000000e9600000, 0x00000000e9700000|  0%| F|  |TAMS 0x00000000e9600000| PB 0x00000000e9600000| Untracked 
| 151|0x00000000e9700000, 0x00000000e9700000, 0x00000000e9800000|  0%| F|  |TAMS 0x00000000e9700000| PB 0x00000000e9700000| Untracked 
| 152|0x00000000e9800000, 0x00000000e9800000, 0x00000000e9900000|  0%| F|  |TAMS 0x00000000e9800000| PB 0x00000000e9800000| Untracked 
| 153|0x00000000e9900000, 0x00000000e9900000, 0x00000000e9a00000|  0%| F|  |TAMS 0x00000000e9900000| PB 0x00000000e9900000| Untracked 
| 154|0x00000000e9a00000, 0x00000000e9a00000, 0x00000000e9b00000|  0%| F|  |TAMS 0x00000000e9a00000| PB 0x00000000e9a00000| Untracked 
| 155|0x00000000e9b00000, 0x00000000e9b00000, 0x00000000e9c00000|  0%| F|  |TAMS 0x00000000e9b00000| PB 0x00000000e9b00000| Untracked 
| 156|0x00000000e9c00000, 0x00000000e9c00000, 0x00000000e9d00000|  0%| F|  |TAMS 0x00000000e9c00000| PB 0x00000000e9c00000| Untracked 
| 157|0x00000000e9d00000, 0x00000000e9d00000, 0x00000000e9e00000|  0%| F|  |TAMS 0x00000000e9d00000| PB 0x00000000e9d00000| Untracked 
| 158|0x00000000e9e00000, 0x00000000e9e00000, 0x00000000e9f00000|  0%| F|  |TAMS 0x00000000e9e00000| PB 0x00000000e9e00000| Untracked 
| 159|0x00000000e9f00000, 0x00000000e9f00000, 0x00000000ea000000|  0%| F|  |TAMS 0x00000000e9f00000| PB 0x00000000e9f00000| Untracked 
| 160|0x00000000ea000000, 0x00000000ea000000, 0x00000000ea100000|  0%| F|  |TAMS 0x00000000ea000000| PB 0x00000000ea000000| Untracked 
| 161|0x00000000ea100000, 0x00000000ea100000, 0x00000000ea200000|  0%| F|  |TAMS 0x00000000ea100000| PB 0x00000000ea100000| Untracked 
| 162|0x00000000ea200000, 0x00000000ea200000, 0x00000000ea300000|  0%| F|  |TAMS 0x00000000ea200000| PB 0x00000000ea200000| Untracked 
| 163|0x00000000ea300000, 0x00000000ea300000, 0x00000000ea400000|  0%| F|  |TAMS 0x00000000ea300000| PB 0x00000000ea300000| Untracked 
| 164|0x00000000ea400000, 0x00000000ea400000, 0x00000000ea500000|  0%| F|  |TAMS 0x00000000ea400000| PB 0x00000000ea400000| Untracked 
| 165|0x00000000ea500000, 0x00000000ea500000, 0x00000000ea600000|  0%| F|  |TAMS 0x00000000ea500000| PB 0x00000000ea500000| Untracked 
| 166|0x00000000ea600000, 0x00000000ea600000, 0x00000000ea700000|  0%| F|  |TAMS 0x00000000ea600000| PB 0x00000000ea600000| Untracked 
| 167|0x00000000ea700000, 0x00000000ea700000, 0x00000000ea800000|  0%| F|  |TAMS 0x00000000ea700000| PB 0x00000000ea700000| Untracked 
| 168|0x00000000ea800000, 0x00000000ea800000, 0x00000000ea900000|  0%| F|  |TAMS 0x00000000ea800000| PB 0x00000000ea800000| Untracked 
| 169|0x00000000ea900000, 0x00000000ea900000, 0x00000000eaa00000|  0%| F|  |TAMS 0x00000000ea900000| PB 0x00000000ea900000| Untracked 
| 170|0x00000000eaa00000, 0x00000000eaa00000, 0x00000000eab00000|  0%| F|  |TAMS 0x00000000eaa00000| PB 0x00000000eaa00000| Untracked 
| 171|0x00000000eab00000, 0x00000000eab00000, 0x00000000eac00000|  0%| F|  |TAMS 0x00000000eab00000| PB 0x00000000eab00000| Untracked 
| 172|0x00000000eac00000, 0x00000000eac00000, 0x00000000ead00000|  0%| F|  |TAMS 0x00000000eac00000| PB 0x00000000eac00000| Untracked 
| 173|0x00000000ead00000, 0x00000000ead00000, 0x00000000eae00000|  0%| F|  |TAMS 0x00000000ead00000| PB 0x00000000ead00000| Untracked 
| 174|0x00000000eae00000, 0x00000000eae00000, 0x00000000eaf00000|  0%| F|  |TAMS 0x00000000eae00000| PB 0x00000000eae00000| Untracked 
| 175|0x00000000eaf00000, 0x00000000eaf00000, 0x00000000eb000000|  0%| F|  |TAMS 0x00000000eaf00000| PB 0x00000000eaf00000| Untracked 
| 176|0x00000000eb000000, 0x00000000eb000000, 0x00000000eb100000|  0%| F|  |TAMS 0x00000000eb000000| PB 0x00000000eb000000| Untracked 
| 177|0x00000000eb100000, 0x00000000eb100000, 0x00000000eb200000|  0%| F|  |TAMS 0x00000000eb100000| PB 0x00000000eb100000| Untracked 
| 178|0x00000000eb200000, 0x00000000eb200000, 0x00000000eb300000|  0%| F|  |TAMS 0x00000000eb200000| PB 0x00000000eb200000| Untracked 
| 179|0x00000000eb300000, 0x00000000eb300000, 0x00000000eb400000|  0%| F|  |TAMS 0x00000000eb300000| PB 0x00000000eb300000| Untracked 
| 180|0x00000000eb400000, 0x00000000eb400000, 0x00000000eb500000|  0%| F|  |TAMS 0x00000000eb400000| PB 0x00000000eb400000| Untracked 
| 181|0x00000000eb500000, 0x00000000eb500000, 0x00000000eb600000|  0%| F|  |TAMS 0x00000000eb500000| PB 0x00000000eb500000| Untracked 
| 182|0x00000000eb600000, 0x00000000eb600000, 0x00000000eb700000|  0%| F|  |TAMS 0x00000000eb600000| PB 0x00000000eb600000| Untracked 
| 183|0x00000000eb700000, 0x00000000eb700000, 0x00000000eb800000|  0%| F|  |TAMS 0x00000000eb700000| PB 0x00000000eb700000| Untracked 
| 184|0x00000000eb800000, 0x00000000eb800000, 0x00000000eb900000|  0%| F|  |TAMS 0x00000000eb800000| PB 0x00000000eb800000| Untracked 
| 185|0x00000000eb900000, 0x00000000eba00000, 0x00000000eba00000|100%| E|  |TAMS 0x00000000eb900000| PB 0x00000000eb900000| Complete 
| 186|0x00000000eba00000, 0x00000000ebb00000, 0x00000000ebb00000|100%| E|CS|TAMS 0x00000000eba00000| PB 0x00000000eba00000| Complete 
| 187|0x00000000ebb00000, 0x00000000ebc00000, 0x00000000ebc00000|100%| E|CS|TAMS 0x00000000ebb00000| PB 0x00000000ebb00000| Complete 
| 188|0x00000000ebc00000, 0x00000000ebd00000, 0x00000000ebd00000|100%| E|CS|TAMS 0x00000000ebc00000| PB 0x00000000ebc00000| Complete 
| 189|0x00000000ebd00000, 0x00000000ebe00000, 0x00000000ebe00000|100%| E|CS|TAMS 0x00000000ebd00000| PB 0x00000000ebd00000| Complete 
| 190|0x00000000ebe00000, 0x00000000ebf00000, 0x00000000ebf00000|100%| E|CS|TAMS 0x00000000ebe00000| PB 0x00000000ebe00000| Complete 
| 191|0x00000000ebf00000, 0x00000000ec000000, 0x00000000ec000000|100%| E|CS|TAMS 0x00000000ebf00000| PB 0x00000000ebf00000| Complete 
| 192|0x00000000ec000000, 0x00000000ec100000, 0x00000000ec100000|100%| E|CS|TAMS 0x00000000ec000000| PB 0x00000000ec000000| Complete 
| 193|0x00000000ec100000, 0x00000000ec200000, 0x00000000ec200000|100%| E|CS|TAMS 0x00000000ec100000| PB 0x00000000ec100000| Complete 
| 194|0x00000000ec200000, 0x00000000ec300000, 0x00000000ec300000|100%| E|CS|TAMS 0x00000000ec200000| PB 0x00000000ec200000| Complete 
| 195|0x00000000ec300000, 0x00000000ec400000, 0x00000000ec400000|100%| E|CS|TAMS 0x00000000ec300000| PB 0x00000000ec300000| Complete 
| 196|0x00000000ec400000, 0x00000000ec500000, 0x00000000ec500000|100%| E|CS|TAMS 0x00000000ec400000| PB 0x00000000ec400000| Complete 
| 197|0x00000000ec500000, 0x00000000ec600000, 0x00000000ec600000|100%| E|CS|TAMS 0x00000000ec500000| PB 0x00000000ec500000| Complete 
| 198|0x00000000ec600000, 0x00000000ec700000, 0x00000000ec700000|100%| E|CS|TAMS 0x00000000ec600000| PB 0x00000000ec600000| Complete 
| 199|0x00000000ec700000, 0x00000000ec800000, 0x00000000ec800000|100%| E|CS|TAMS 0x00000000ec700000| PB 0x00000000ec700000| Complete 
| 200|0x00000000ec800000, 0x00000000ec900000, 0x00000000ec900000|100%| E|CS|TAMS 0x00000000ec800000| PB 0x00000000ec800000| Complete 
| 201|0x00000000ec900000, 0x00000000eca00000, 0x00000000eca00000|100%| E|CS|TAMS 0x00000000ec900000| PB 0x00000000ec900000| Complete 
| 202|0x00000000eca00000, 0x00000000ecb00000, 0x00000000ecb00000|100%| E|CS|TAMS 0x00000000eca00000| PB 0x00000000eca00000| Complete 
| 203|0x00000000ecb00000, 0x00000000ecc00000, 0x00000000ecc00000|100%| E|CS|TAMS 0x00000000ecb00000| PB 0x00000000ecb00000| Complete 
| 204|0x00000000ecc00000, 0x00000000ecd00000, 0x00000000ecd00000|100%| E|CS|TAMS 0x00000000ecc00000| PB 0x00000000ecc00000| Complete 
| 205|0x00000000ecd00000, 0x00000000ece00000, 0x00000000ece00000|100%| E|CS|TAMS 0x00000000ecd00000| PB 0x00000000ecd00000| Complete 
| 206|0x00000000ece00000, 0x00000000ecf00000, 0x00000000ecf00000|100%| E|CS|TAMS 0x00000000ece00000| PB 0x00000000ece00000| Complete 
| 207|0x00000000ecf00000, 0x00000000ed000000, 0x00000000ed000000|100%| E|CS|TAMS 0x00000000ecf00000| PB 0x00000000ecf00000| Complete 
| 208|0x00000000ed000000, 0x00000000ed100000, 0x00000000ed100000|100%| E|CS|TAMS 0x00000000ed000000| PB 0x00000000ed000000| Complete 
| 209|0x00000000ed100000, 0x00000000ed200000, 0x00000000ed200000|100%| E|CS|TAMS 0x00000000ed100000| PB 0x00000000ed100000| Complete 
| 210|0x00000000ed200000, 0x00000000ed300000, 0x00000000ed300000|100%| E|CS|TAMS 0x00000000ed200000| PB 0x00000000ed200000| Complete 
| 211|0x00000000ed300000, 0x00000000ed400000, 0x00000000ed400000|100%| E|CS|TAMS 0x00000000ed300000| PB 0x00000000ed300000| Complete 
| 212|0x00000000ed400000, 0x00000000ed500000, 0x00000000ed500000|100%| E|CS|TAMS 0x00000000ed400000| PB 0x00000000ed400000| Complete 
| 213|0x00000000ed500000, 0x00000000ed600000, 0x00000000ed600000|100%| E|CS|TAMS 0x00000000ed500000| PB 0x00000000ed500000| Complete 
| 214|0x00000000ed600000, 0x00000000ed700000, 0x00000000ed700000|100%| E|CS|TAMS 0x00000000ed600000| PB 0x00000000ed600000| Complete 
| 215|0x00000000ed700000, 0x00000000ed800000, 0x00000000ed800000|100%| E|CS|TAMS 0x00000000ed700000| PB 0x00000000ed700000| Complete 
| 216|0x00000000ed800000, 0x00000000ed900000, 0x00000000ed900000|100%| E|CS|TAMS 0x00000000ed800000| PB 0x00000000ed800000| Complete 
| 217|0x00000000ed900000, 0x00000000eda00000, 0x00000000eda00000|100%| E|CS|TAMS 0x00000000ed900000| PB 0x00000000ed900000| Complete 
| 218|0x00000000eda00000, 0x00000000edb00000, 0x00000000edb00000|100%| E|CS|TAMS 0x00000000eda00000| PB 0x00000000eda00000| Complete 
| 219|0x00000000edb00000, 0x00000000edc00000, 0x00000000edc00000|100%| E|CS|TAMS 0x00000000edb00000| PB 0x00000000edb00000| Complete 
| 220|0x00000000edc00000, 0x00000000edd00000, 0x00000000edd00000|100%| E|CS|TAMS 0x00000000edc00000| PB 0x00000000edc00000| Complete 
| 221|0x00000000edd00000, 0x00000000ede00000, 0x00000000ede00000|100%| E|CS|TAMS 0x00000000edd00000| PB 0x00000000edd00000| Complete 
| 222|0x00000000ede00000, 0x00000000edf00000, 0x00000000edf00000|100%| S|CS|TAMS 0x00000000ede00000| PB 0x00000000ede00000| Complete 
| 223|0x00000000edf00000, 0x00000000ee000000, 0x00000000ee000000|100%| S|CS|TAMS 0x00000000edf00000| PB 0x00000000edf00000| Complete 
| 224|0x00000000ee000000, 0x00000000ee100000, 0x00000000ee100000|100%| S|CS|TAMS 0x00000000ee000000| PB 0x00000000ee000000| Complete 
| 225|0x00000000ee100000, 0x00000000ee200000, 0x00000000ee200000|100%| S|CS|TAMS 0x00000000ee100000| PB 0x00000000ee100000| Complete 
| 226|0x00000000ee200000, 0x00000000ee300000, 0x00000000ee300000|100%| E|CS|TAMS 0x00000000ee200000| PB 0x00000000ee200000| Complete 
| 227|0x00000000ee300000, 0x00000000ee400000, 0x00000000ee400000|100%| E|CS|TAMS 0x00000000ee300000| PB 0x00000000ee300000| Complete 
| 228|0x00000000ee400000, 0x00000000ee500000, 0x00000000ee500000|100%| E|CS|TAMS 0x00000000ee400000| PB 0x00000000ee400000| Complete 
| 229|0x00000000ee500000, 0x00000000ee600000, 0x00000000ee600000|100%| E|CS|TAMS 0x00000000ee500000| PB 0x00000000ee500000| Complete 
| 230|0x00000000ee600000, 0x00000000ee700000, 0x00000000ee700000|100%| E|CS|TAMS 0x00000000ee600000| PB 0x00000000ee600000| Complete 
| 231|0x00000000ee700000, 0x00000000ee800000, 0x00000000ee800000|100%| E|CS|TAMS 0x00000000ee700000| PB 0x00000000ee700000| Complete 
| 232|0x00000000ee800000, 0x00000000ee900000, 0x00000000ee900000|100%| E|CS|TAMS 0x00000000ee800000| PB 0x00000000ee800000| Complete 
| 233|0x00000000ee900000, 0x00000000eea00000, 0x00000000eea00000|100%| E|CS|TAMS 0x00000000ee900000| PB 0x00000000ee900000| Complete 
| 234|0x00000000eea00000, 0x00000000eeb00000, 0x00000000eeb00000|100%| E|CS|TAMS 0x00000000eea00000| PB 0x00000000eea00000| Complete 
| 235|0x00000000eeb00000, 0x00000000eec00000, 0x00000000eec00000|100%| E|CS|TAMS 0x00000000eeb00000| PB 0x00000000eeb00000| Complete 
| 236|0x00000000eec00000, 0x00000000eed00000, 0x00000000eed00000|100%| E|CS|TAMS 0x00000000eec00000| PB 0x00000000eec00000| Complete 
| 237|0x00000000eed00000, 0x00000000eee00000, 0x00000000eee00000|100%| E|CS|TAMS 0x00000000eed00000| PB 0x00000000eed00000| Complete 
| 238|0x00000000eee00000, 0x00000000eef00000, 0x00000000eef00000|100%| E|CS|TAMS 0x00000000eee00000| PB 0x00000000eee00000| Complete 
| 239|0x00000000eef00000, 0x00000000ef000000, 0x00000000ef000000|100%| E|CS|TAMS 0x00000000eef00000| PB 0x00000000eef00000| Complete 
| 240|0x00000000ef000000, 0x00000000ef100000, 0x00000000ef100000|100%| E|CS|TAMS 0x00000000ef000000| PB 0x00000000ef000000| Complete 
| 241|0x00000000ef100000, 0x00000000ef200000, 0x00000000ef200000|100%| E|CS|TAMS 0x00000000ef100000| PB 0x00000000ef100000| Complete 
| 242|0x00000000ef200000, 0x00000000ef300000, 0x00000000ef300000|100%| E|CS|TAMS 0x00000000ef200000| PB 0x00000000ef200000| Complete 
| 243|0x00000000ef300000, 0x00000000ef400000, 0x00000000ef400000|100%| E|CS|TAMS 0x00000000ef300000| PB 0x00000000ef300000| Complete 
| 244|0x00000000ef400000, 0x00000000ef500000, 0x00000000ef500000|100%| E|CS|TAMS 0x00000000ef400000| PB 0x00000000ef400000| Complete 
| 245|0x00000000ef500000, 0x00000000ef600000, 0x00000000ef600000|100%| E|CS|TAMS 0x00000000ef500000| PB 0x00000000ef500000| Complete 
| 246|0x00000000ef600000, 0x00000000ef700000, 0x00000000ef700000|100%| E|CS|TAMS 0x00000000ef600000| PB 0x00000000ef600000| Complete 
| 247|0x00000000ef700000, 0x00000000ef800000, 0x00000000ef800000|100%| E|CS|TAMS 0x00000000ef700000| PB 0x00000000ef700000| Complete 
| 248|0x00000000ef800000, 0x00000000ef900000, 0x00000000ef900000|100%| E|CS|TAMS 0x00000000ef800000| PB 0x00000000ef800000| Complete 
| 249|0x00000000ef900000, 0x00000000efa00000, 0x00000000efa00000|100%| E|CS|TAMS 0x00000000ef900000| PB 0x00000000ef900000| Complete 
| 250|0x00000000efa00000, 0x00000000efb00000, 0x00000000efb00000|100%| E|CS|TAMS 0x00000000efa00000| PB 0x00000000efa00000| Complete 
| 251|0x00000000efb00000, 0x00000000efc00000, 0x00000000efc00000|100%| E|CS|TAMS 0x00000000efb00000| PB 0x00000000efb00000| Complete 
| 252|0x00000000efc00000, 0x00000000efd00000, 0x00000000efd00000|100%| E|CS|TAMS 0x00000000efc00000| PB 0x00000000efc00000| Complete 
| 253|0x00000000efd00000, 0x00000000efe00000, 0x00000000efe00000|100%| E|CS|TAMS 0x00000000efd00000| PB 0x00000000efd00000| Complete 
| 254|0x00000000efe00000, 0x00000000eff00000, 0x00000000eff00000|100%| E|CS|TAMS 0x00000000efe00000| PB 0x00000000efe00000| Complete 
| 255|0x00000000eff00000, 0x00000000f0000000, 0x00000000f0000000|100%| E|CS|TAMS 0x00000000eff00000| PB 0x00000000eff00000| Complete 

Card table byte_map: [0x0000029327040000,0x0000029327140000] _byte_map_base: 0x0000029326940000

Marking Bits: (CMBitMap*) 0x000002930dcf4fc0
 Bits: [0x0000029327140000, 0x0000029327940000)

Polling page: 0x000002930db70000

Metaspace:

Usage:
  Non-class:     14.33 MB used.
      Class:      2.36 MB used.
       Both:     16.69 MB used.

Virtual space:
  Non-class space:       64.00 MB reserved,      14.62 MB ( 23%) committed,  1 nodes.
      Class space:      320.00 MB reserved,       2.56 MB ( <1%) committed,  1 nodes.
             Both:      384.00 MB reserved,      17.19 MB (  4%) committed. 

Chunk freelists:
   Non-Class:  1.11 MB
       Class:  13.44 MB
        Both:  14.55 MB

MaxMetaspaceSize: 384.00 MB
CompressedClassSpaceSize: 320.00 MB
Initial GC threshold: 21.00 MB
Current GC threshold: 21.00 MB
CDS: on
 - commit_granule_bytes: 65536.
 - commit_granule_words: 8192.
 - virtual_space_node_default_size: 8388608.
 - enlarge_chunks_in_place: 1.
 - use_allocation_guard: 0.


Internal statistics:

num_allocs_failed_limit: 0.
num_arena_births: 622.
num_arena_deaths: 0.
num_vsnodes_births: 2.
num_vsnodes_deaths: 0.
num_space_committed: 275.
num_space_uncommitted: 0.
num_chunks_returned_to_freelist: 0.
num_chunks_taken_from_freelist: 1246.
num_chunk_merges: 0.
num_chunk_splits: 809.
num_chunks_enlarged: 537.
num_inconsistent_stats: 0.

CodeHeap 'non-profiled nmethods': size=120000Kb used=1302Kb max_used=1302Kb free=118697Kb
 bounds [0x000002931f3c0000, 0x000002931f630000, 0x00000293268f0000]
CodeHeap 'profiled nmethods': size=120000Kb used=5444Kb max_used=5444Kb free=114555Kb
 bounds [0x00000293178f0000, 0x0000029317e50000, 0x000002931ee20000]
CodeHeap 'non-nmethods': size=5760Kb used=1656Kb max_used=1675Kb free=4103Kb
 bounds [0x000002931ee20000, 0x000002931f090000, 0x000002931f3c0000]
 total_blobs=3290 nmethods=2721 adapters=473
 compilation: enabled
              stopped_count=0, restarted_count=0
 full_count=0

Compilation events (20 events):
Event: 3.860 Thread 0x0000029343046c50 2701       3       jdk.internal.org.objectweb.asm.MethodWriter::addSuccessorToCurrentBasicBlock (24 bytes)
Event: 3.860 Thread 0x0000029343046c50 nmethod 2701 0x0000029317e2a690 code [0x0000029317e2a840, 0x0000029317e2ab90]
Event: 3.860 Thread 0x0000029343046c50 2702       3       java.lang.invoke.DirectMethodHandle::makeAllocator (137 bytes)
Event: 3.861 Thread 0x0000029343046c50 nmethod 2702 0x0000029317e2ad10 code [0x0000029317e2af20, 0x0000029317e2b3b0]
Event: 3.864 Thread 0x0000029343046c50 2703       3       org.gradle.internal.service.DefaultServiceRegistry::find (142 bytes)
Event: 3.865 Thread 0x0000029343046c50 nmethod 2703 0x0000029317e2b610 code [0x0000029317e2ba00, 0x0000029317e2d668]
Event: 3.865 Thread 0x0000029343046c50 2709       3       java.util.regex.Matcher::matches (10 bytes)
Event: 3.866 Thread 0x0000029343046c50 nmethod 2709 0x0000029317e2de90 code [0x0000029317e2e040, 0x0000029317e2e188]
Event: 3.866 Thread 0x0000029343046c50 2708   !   3       java.util.regex.Pattern::matcher (44 bytes)
Event: 3.866 Thread 0x0000029343046c50 nmethod 2708 0x0000029317e2e210 code [0x0000029317e2e3e0, 0x0000029317e2e760]
Event: 3.866 Thread 0x0000029343046c50 2707       3       org.gradle.internal.service.DefaultServiceRegistry$CompositeServiceProvider::getService (49 bytes)
Event: 3.866 Thread 0x0000029343046c50 nmethod 2707 0x0000029317e2e890 code [0x0000029317e2ea60, 0x0000029317e2ed80]
Event: 3.866 Thread 0x0000029343046c50 2710       3       java.util.regex.Matcher::<init> (95 bytes)
Event: 3.866 Thread 0x0000029343046c50 nmethod 2710 0x0000029317e2ef10 code [0x0000029317e2f0e0, 0x0000029317e2f6f8]
Event: 3.866 Thread 0x0000029343046c50 2706       3       org.gradle.internal.service.DefaultServiceRegistry$OwnServices::getService (309 bytes)
Event: 3.868 Thread 0x0000029343046c50 nmethod 2706 0x0000029317e2f890 code [0x0000029317e2fde0, 0x0000029317e32bc8]
Event: 3.868 Thread 0x0000029343046c50 2704       3       org.gradle.internal.service.DefaultServiceRegistry$SingletonService::getService (18 bytes)
Event: 3.868 Thread 0x0000029343046c50 nmethod 2704 0x0000029317e33910 code [0x0000029317e33ae0, 0x0000029317e33d28]
Event: 3.868 Thread 0x0000029343046c50 2705       3       org.gradle.internal.service.DefaultServiceRegistry::access$1300 (6 bytes)
Event: 3.868 Thread 0x0000029343046c50 nmethod 2705 0x0000029317e33e10 code [0x0000029317e33fc0, 0x0000029317e340d8]

GC Heap History (6 events):
Event: 0.910 GC heap before
{Heap before GC invocations=0 (full 0):
 garbage-first heap   total 262144K, used 12288K [0x00000000e0000000, 0x0000000100000000)
  region size 1024K, 13 young (13312K), 0 survivors (0K)
 Metaspace       used 1005K, committed 1152K, reserved 393216K
  class space    used 80K, committed 128K, reserved 327680K
}
Event: 1.001 GC heap after
{Heap after GC invocations=1 (full 0):
 garbage-first heap   total 262144K, used 3136K [0x00000000e0000000, 0x0000000100000000)
  region size 1024K, 2 young (2048K), 2 survivors (2048K)
 Metaspace       used 1005K, committed 1152K, reserved 393216K
  class space    used 80K, committed 128K, reserved 327680K
}
Event: 1.821 GC heap before
{Heap before GC invocations=1 (full 0):
 garbage-first heap   total 262144K, used 27712K [0x00000000e0000000, 0x0000000100000000)
  region size 1024K, 23 young (23552K), 2 survivors (2048K)
 Metaspace       used 4116K, committed 4352K, reserved 393216K
  class space    used 506K, committed 640K, reserved 327680K
}
Event: 1.826 GC heap after
{Heap after GC invocations=2 (full 0):
 garbage-first heap   total 262144K, used 10962K [0x00000000e0000000, 0x0000000100000000)
  region size 1024K, 3 young (3072K), 3 survivors (3072K)
 Metaspace       used 4116K, committed 4352K, reserved 393216K
  class space    used 506K, committed 640K, reserved 327680K
}
Event: 2.292 GC heap before
{Heap before GC invocations=2 (full 0):
 garbage-first heap   total 262144K, used 38610K [0x00000000e0000000, 0x0000000100000000)
  region size 1024K, 30 young (30720K), 3 survivors (3072K)
 Metaspace       used 4243K, committed 4480K, reserved 393216K
  class space    used 509K, committed 640K, reserved 327680K
}
Event: 2.296 GC heap after
{Heap after GC invocations=3 (full 0):
 garbage-first heap   total 262144K, used 15241K [0x00000000e0000000, 0x0000000100000000)
  region size 1024K, 4 young (4096K), 4 survivors (4096K)
 Metaspace       used 4243K, committed 4480K, reserved 393216K
  class space    used 509K, committed 640K, reserved 327680K
}

Dll operation events (15 events):
Event: 0.014 Loaded shared library C:\Program Files\Java\jdk-21\bin\java.dll
Event: 0.057 Loaded shared library C:\Program Files\Java\jdk-21\bin\jsvml.dll
Event: 0.169 Loaded shared library C:\Program Files\Java\jdk-21\bin\zip.dll
Event: 0.180 Loaded shared library C:\Program Files\Java\jdk-21\bin\instrument.dll
Event: 0.186 Loaded shared library C:\Program Files\Java\jdk-21\bin\net.dll
Event: 0.187 Loaded shared library C:\Program Files\Java\jdk-21\bin\nio.dll
Event: 0.206 Loaded shared library C:\Program Files\Java\jdk-21\bin\zip.dll
Event: 0.753 Loaded shared library C:\Program Files\Java\jdk-21\bin\jimage.dll
Event: 1.031 Loaded shared library C:\Program Files\Java\jdk-21\bin\verify.dll
Event: 1.359 Loaded shared library C:\Users\011ko\.gradle\native\c067742578af261105cb4f569cf0c3c89f3d7b1fecec35dd04571415982c5e48\windows-amd64\native-platform.dll
Event: 1.372 Loaded shared library C:\Users\011ko\.gradle\native\38dada09dfb8b06ba9b0570ebf7e218e3eb74d4ef43ca46872605cf95ebc2f47\windows-amd64\native-platform-file-events.dll
Event: 2.595 Loaded shared library C:\Program Files\Java\jdk-21\bin\management.dll
Event: 2.600 Loaded shared library C:\Program Files\Java\jdk-21\bin\management_ext.dll
Event: 2.867 Loaded shared library C:\Program Files\Java\jdk-21\bin\extnet.dll
Event: 3.054 Loaded shared library C:\Program Files\Java\jdk-21\bin\sunmscapi.dll

Deoptimization events (20 events):
Event: 3.485 Thread 0x0000029344e3b970 Uncommon trap: trap_request=0xffffffde fr.pc=0x000002931f47d2e4 relative=0x0000000000000304
Event: 3.485 Thread 0x0000029344e3b970 Uncommon trap: reason=class_check action=maybe_recompile pc=0x000002931f47d2e4 method=java.util.regex.Pattern$BmpCharPropertyGreedy.match(Ljava/util/regex/Matcher;ILjava/lang/CharSequence;)Z @ 26 c2
Event: 3.485 Thread 0x0000029344e3b970 DEOPT PACKING pc=0x000002931f47d2e4 sp=0x0000009eb7bfc3c0
Event: 3.485 Thread 0x0000029344e3b970 DEOPT UNPACKING pc=0x000002931ee77da2 sp=0x0000009eb7bfc378 mode 2
Event: 3.554 Thread 0x0000029344e3b970 Uncommon trap: trap_request=0xffffff45 fr.pc=0x000002931f3e24d0 relative=0x0000000000000130
Event: 3.554 Thread 0x0000029344e3b970 Uncommon trap: reason=unstable_if action=reinterpret pc=0x000002931f3e24d0 method=java.util.regex.Matcher.reset()Ljava/util/regex/Matcher; @ 47 c2
Event: 3.554 Thread 0x0000029344e3b970 DEOPT PACKING pc=0x000002931f3e24d0 sp=0x0000009eb7bfae90
Event: 3.554 Thread 0x0000029344e3b970 DEOPT UNPACKING pc=0x000002931ee77da2 sp=0x0000009eb7bfae40 mode 2
Event: 3.572 Thread 0x0000029344e3b970 Uncommon trap: trap_request=0xffffff45 fr.pc=0x000002931f453384 relative=0x00000000000007c4
Event: 3.572 Thread 0x0000029344e3b970 Uncommon trap: reason=unstable_if action=reinterpret pc=0x000002931f453384 method=java.util.ArrayList.grow(I)[Ljava/lang/Object; @ 17 c2
Event: 3.572 Thread 0x0000029344e3b970 DEOPT PACKING pc=0x000002931f453384 sp=0x0000009eb7bfd140
Event: 3.572 Thread 0x0000029344e3b970 DEOPT UNPACKING pc=0x000002931ee77da2 sp=0x0000009eb7bfcfd8 mode 2
Event: 3.599 Thread 0x0000029344e3b970 Uncommon trap: trap_request=0xffffff45 fr.pc=0x000002931f3e5f9c relative=0x0000000000000cdc
Event: 3.599 Thread 0x0000029344e3b970 Uncommon trap: reason=unstable_if action=reinterpret pc=0x000002931f3e5f9c method=java.io.WinNTFileSystem.resolve(Ljava/lang/String;Ljava/lang/String;)Ljava/lang/String; @ 19 c2
Event: 3.599 Thread 0x0000029344e3b970 DEOPT PACKING pc=0x000002931f3e5f9c sp=0x0000009eb7bfce80
Event: 3.599 Thread 0x0000029344e3b970 DEOPT UNPACKING pc=0x000002931ee77da2 sp=0x0000009eb7bfce28 mode 2
Event: 3.601 Thread 0x0000029344e3b970 Uncommon trap: trap_request=0xffffff45 fr.pc=0x000002931f43d1f0 relative=0x0000000000000690
Event: 3.601 Thread 0x0000029344e3b970 Uncommon trap: reason=unstable_if action=reinterpret pc=0x000002931f43d1f0 method=java.io.File.getName()Ljava/lang/String; @ 16 c2
Event: 3.601 Thread 0x0000029344e3b970 DEOPT PACKING pc=0x000002931f43d1f0 sp=0x0000009eb7bfce40
Event: 3.601 Thread 0x0000029344e3b970 DEOPT UNPACKING pc=0x000002931ee77da2 sp=0x0000009eb7bfce10 mode 2

Classes loaded (20 events):
Event: 3.655 Loading class java/lang/management/MemoryUsage
Event: 3.655 Loading class java/lang/management/MemoryUsage done
Event: 3.655 Loading class java/util/concurrent/LinkedBlockingDeque$Node
Event: 3.655 Loading class java/util/concurrent/LinkedBlockingDeque$Node done
Event: 3.656 Loading class java/lang/invoke/BoundMethodHandle$Species_LLLLLLLLLLLLLLLLLL
Event: 3.656 Loading class java/lang/invoke/BoundMethodHandle$Species_LLLLLLLLLLLLLLLLLL done
Event: 3.658 Loading class java/lang/invoke/BoundMethodHandle$Species_LLLLLLLLLLLLLLLLLLL
Event: 3.658 Loading class java/lang/invoke/BoundMethodHandle$Species_LLLLLLLLLLLLLLLLLLL done
Event: 3.661 Loading class java/lang/invoke/BoundMethodHandle$Species_LLLLLLLLLLLLLLLLLLLL
Event: 3.661 Loading class java/lang/invoke/BoundMethodHandle$Species_LLLLLLLLLLLLLLLLLLLL done
Event: 3.663 Loading class java/lang/invoke/BoundMethodHandle$Species_LLLLLLLLLLLLLLLLLLLLL
Event: 3.663 Loading class java/lang/invoke/BoundMethodHandle$Species_LLLLLLLLLLLLLLLLLLLLL done
Event: 3.665 Loading class java/lang/invoke/BoundMethodHandle$Species_LLLLLLLLLLLLLLLLLLLLLL
Event: 3.665 Loading class java/lang/invoke/BoundMethodHandle$Species_LLLLLLLLLLLLLLLLLLLLLL done
Event: 3.776 Loading class java/util/function/LongFunction
Event: 3.776 Loading class java/util/function/LongFunction done
Event: 3.804 Loading class java/security/InvalidKeyException
Event: 3.804 Loading class java/security/KeyException
Event: 3.804 Loading class java/security/KeyException done
Event: 3.804 Loading class java/security/InvalidKeyException done

Classes unloaded (0 events):
No events

Classes redefined (0 events):
No events

Internal exceptions (20 events):
Event: 3.483 Thread 0x0000029344e3b970 Exception <a 'java/lang/IncompatibleClassChangeError'{0x00000000ecd98240}: Found class java.lang.Object, but interface was expected> (0x00000000ecd98240) 
thrown [s\open\src\hotspot\share\interpreter\linkResolver.cpp, line 840]
Event: 3.491 Thread 0x0000029344e3b970 Exception <a 'java/lang/NoSuchMethodError'{0x00000000ecc092f8}: 'void java.lang.invoke.DirectMethodHandle$Holder.invokeStaticInit(java.lang.Object)'> (0x00000000ecc092f8) 
thrown [s\open\src\hotspot\share\interpreter\linkResolver.cpp, line 773]
Event: 3.503 Thread 0x0000029344e3b970 Exception <a 'java/lang/NoSuchMethodError'{0x00000000eccb07d8}: 'java.lang.Object java.lang.invoke.DirectMethodHandle$Holder.newInvokeSpecial(java.lang.Object, java.lang.Object, java.lang.Object, int)'> (0x00000000eccb07d8) 
thrown [s\open\src\hotspot\share\interpreter\linkResolver.cpp, line 773]
Event: 3.504 Thread 0x0000029344e3b970 Exception <a 'java/lang/NoSuchMethodError'{0x00000000eccb4e90}: 'java.lang.Object java.lang.invoke.DirectMethodHandle$Holder.invokeSpecial(java.lang.Object, java.lang.Object, java.lang.Object, java.lang.Object, int)'> (0x00000000eccb4e90) 
thrown [s\open\src\hotspot\share\interpreter\linkResolver.cpp, line 773]
Event: 3.504 Thread 0x0000029344e3b970 Exception <a 'java/lang/NoSuchMethodError'{0x00000000eccb8d38}: 'java.lang.Object java.lang.invoke.Invokers$Holder.linkToTargetMethod(java.lang.Object, java.lang.Object, int, java.lang.Object)'> (0x00000000eccb8d38) 
thrown [s\open\src\hotspot\share\interpreter\linkResolver.cpp, line 773]
Event: 3.574 Thread 0x0000029344e3b970 Exception <a 'java/lang/NoSuchMethodError'{0x00000000ec9491b0}: 'java.lang.Object java.lang.invoke.DirectMethodHandle$Holder.invokeVirtual(java.lang.Object, java.lang.Object, java.lang.Object, java.lang.Object, java.lang.Object, java.lang.Object, java.lang.Object, java.lang.Object, java.lang.Object)'> (0x00000000ec9491b0) 
thrown [s\open\src\hotspot\share\interpreter\linkResolver.cpp, line 773]
Event: 3.596 Thread 0x0000029344e3b970 Exception <a 'java/lang/NoSuchMethodError'{0x00000000ec8605b8}: 'java.lang.Object java.lang.invoke.DirectMethodHandle$Holder.invokeVirtual(java.lang.Object, java.lang.Object, java.lang.Object, java.lang.Object, java.lang.Object, java.lang.Object, java.lang.Object, java.lang.Object, java.lang.Object, java.lang.Object)'> (0x00000000ec8605b8) 
thrown [s\open\src\hotspot\share\interpreter\linkResolver.cpp, line 773]
Event: 3.639 Thread 0x0000029344e3b970 Exception <a 'java/lang/NoSuchMethodError'{0x00000000ec7f8170}: 'java.lang.Object java.lang.invoke.DelegatingMethodHandle$Holder.reinvoke_L(java.lang.Object, java.lang.Object, java.lang.Object, java.lang.Object, java.lang.Object, java.lang.Object, java.lang.Object, java.lang.Object, java.lang.Object, java.lang.Object, java.lang.Object, java.lang.Object, java.lang.Object, java.lang.Object, java.lang.Object, java.lang.Object, java.lang.Object, java.lang.Object, java.lang.Object, java.lang.Object, java.lang.O
Event: 3.644 Thread 0x0000029344e3b970 Exception <a 'java/lang/NoSuchMethodError'{0x00000000ec650978}: 'java.lang.Object java.lang.invoke.DirectMethodHandle$Holder.invokeStatic(java.lang.Object, java.lang.Object, java.lang.Object, java.lang.Object, java.lang.Object, java.lang.Object, java.lang.Object, java.lang.Object, java.lang.Object, java.lang.Object, java.lang.Object, java.lang.Object, java.lang.Object, java.lang.Object, java.lang.Object)'> (0x00000000ec650978) 
thrown [s\open\src\hotspot\share\interpreter\linkResolver.cpp, line 773]
Event: 3.646 Thread 0x0000029344e3b970 Exception <a 'java/lang/NoSuchMethodError'{0x00000000ec67aa70}: 'java.lang.Object java.lang.invoke.DirectMethodHandle$Holder.invokeStatic(java.lang.Object, java.lang.Object, java.lang.Object, java.lang.Object, java.lang.Object, java.lang.Object, java.lang.Object, java.lang.Object, java.lang.Object, java.lang.Object, java.lang.Object, java.lang.Object, java.lang.Object, java.lang.Object, java.lang.Object, java.lang.Object)'> (0x00000000ec67aa70) 
thrown [s\open\src\hotspot\share\interpreter\linkResolver.cpp
Event: 3.648 Thread 0x0000029344e3b970 Exception <a 'java/lang/NoSuchMethodError'{0x00000000ec6a2020}: 'java.lang.Object java.lang.invoke.DirectMethodHandle$Holder.invokeStatic(java.lang.Object, java.lang.Object, java.lang.Object, java.lang.Object, java.lang.Object, java.lang.Object, java.lang.Object, java.lang.Object, java.lang.Object, java.lang.Object, java.lang.Object, java.lang.Object, java.lang.Object, java.lang.Object, java.lang.Object, java.lang.Object, java.lang.Object)'> (0x00000000ec6a2020) 
thrown [s\open\src\hotspot\share\interprete
Event: 3.650 Thread 0x0000029344e3b970 Exception <a 'java/lang/NoSuchMethodError'{0x00000000ec6ca660}: 'java.lang.Object java.lang.invoke.DirectMethodHandle$Holder.invokeStatic(java.lang.Object, java.lang.Object, java.lang.Object, java.lang.Object, java.lang.Object, java.lang.Object, java.lang.Object, java.lang.Object, java.lang.Object, java.lang.Object, java.lang.Object, java.lang.Object, java.lang.Object, java.lang.Object, java.lang.Object, java.lang.Object, java.lang.Object, java.lang.Object)'> (0x00000000ec6ca660) 
thrown [s\open\src\hotspo
Event: 3.654 Thread 0x0000029344e3b970 Exception <a 'java/lang/NoSuchMethodError'{0x00000000ec6f4728}: 'java.lang.Object java.lang.invoke.DirectMethodHandle$Holder.invokeStatic(java.lang.Object, java.lang.Object, java.lang.Object, java.lang.Object, java.lang.Object, java.lang.Object, java.lang.Object, java.lang.Object, java.lang.Object, java.lang.Object, java.lang.Object, java.lang.Object, java.lang.Object, java.lang.Object, java.lang.Object, java.lang.Object, java.lang.Object, java.lang.Object, java.lang.Object)'> (0x00000000ec6f4728) 
thrown 
Event: 3.655 Thread 0x0000029344e3b970 Exception <a 'java/lang/NoSuchMethodError'{0x00000000ec51fe98}: 'java.lang.Object java.lang.invoke.DirectMethodHandle$Holder.invokeStatic(java.lang.Object, java.lang.Object, java.lang.Object, java.lang.Object, java.lang.Object, java.lang.Object, java.lang.Object, java.lang.Object, java.lang.Object, java.lang.Object, java.lang.Object, java.lang.Object, java.lang.Object, java.lang.Object, java.lang.Object, java.lang.Object, java.lang.Object, java.lang.Object, java.lang.Object, java.lang.Object)'> (0x00000000
Event: 3.657 Thread 0x0000029344e3b970 Exception <a 'java/lang/NoSuchMethodError'{0x00000000ec54bcb8}: 'java.lang.Object java.lang.invoke.DirectMethodHandle$Holder.invokeStatic(java.lang.Object, java.lang.Object, java.lang.Object, java.lang.Object, java.lang.Object, java.lang.Object, java.lang.Object, java.lang.Object, java.lang.Object, java.lang.Object, java.lang.Object, java.lang.Object, java.lang.Object, java.lang.Object, java.lang.Object, java.lang.Object, java.lang.Object, java.lang.Object, java.lang.Object, java.lang.Object, java.lang.Obj
Event: 3.659 Thread 0x0000029344e3b970 Exception <a 'java/lang/NoSuchMethodError'{0x00000000ec5785f8}: 'java.lang.Object java.lang.invoke.DirectMethodHandle$Holder.invokeStatic(java.lang.Object, java.lang.Object, java.lang.Object, java.lang.Object, java.lang.Object, java.lang.Object, java.lang.Object, java.lang.Object, java.lang.Object, java.lang.Object, java.lang.Object, java.lang.Object, java.lang.Object, java.lang.Object, java.lang.Object, java.lang.Object, java.lang.Object, java.lang.Object, java.lang.Object, java.lang.Object, java.lang.Obj
Event: 3.663 Thread 0x0000029344e3b970 Exception <a 'java/lang/NoSuchMethodError'{0x00000000ec5a6178}: 'java.lang.Object java.lang.invoke.DirectMethodHandle$Holder.invokeStatic(java.lang.Object, java.lang.Object, java.lang.Object, java.lang.Object, java.lang.Object, java.lang.Object, java.lang.Object, java.lang.Object, java.lang.Object, java.lang.Object, java.lang.Object, java.lang.Object, java.lang.Object, java.lang.Object, java.lang.Object, java.lang.Object, java.lang.Object, java.lang.Object, java.lang.Object, java.lang.Object, java.lang.Obj
Event: 3.664 Thread 0x0000029344e3b970 Exception <a 'java/lang/NoSuchMethodError'{0x00000000ec5d4400}: 'java.lang.Object java.lang.invoke.DirectMethodHandle$Holder.invokeStatic(java.lang.Object, java.lang.Object, java.lang.Object, java.lang.Object, java.lang.Object, java.lang.Object, java.lang.Object, java.lang.Object, java.lang.Object, java.lang.Object, java.lang.Object, java.lang.Object, java.lang.Object, java.lang.Object, java.lang.Object, java.lang.Object, java.lang.Object, java.lang.Object, java.lang.Object, java.lang.Object, java.lang.Obj
Event: 3.668 Thread 0x0000029344e3b970 Exception <a 'java/lang/NoSuchMethodError'{0x00000000ec4046e8}: 'java.lang.Object java.lang.invoke.DirectMethodHandle$Holder.invokeStatic(java.lang.Object, java.lang.Object, java.lang.Object, java.lang.Object, java.lang.Object, java.lang.Object, java.lang.Object, java.lang.Object, java.lang.Object, java.lang.Object, java.lang.Object, java.lang.Object, java.lang.Object, java.lang.Object, java.lang.Object, java.lang.Object, java.lang.Object, java.lang.Object, java.lang.Object, java.lang.Object, java.lang.Obj
Event: 3.861 Thread 0x0000029344e3b970 Exception <a 'java/lang/IncompatibleClassChangeError'{0x00000000ebce8518}: Found class java.lang.Object, but interface was expected> (0x00000000ebce8518) 
thrown [s\open\src\hotspot\share\interpreter\linkResolver.cpp, line 840]

ZGC Phase Switch (0 events):
No events

VM Operations (20 events):
Event: 2.827 Executing VM operation: HandshakeAllThreads (Deoptimize)
Event: 2.827 Executing VM operation: HandshakeAllThreads (Deoptimize) done
Event: 2.977 Executing VM operation: HandshakeAllThreads (Deoptimize)
Event: 2.977 Executing VM operation: HandshakeAllThreads (Deoptimize) done
Event: 3.004 Executing VM operation: ICBufferFull
Event: 3.004 Executing VM operation: ICBufferFull done
Event: 3.027 Executing VM operation: HandshakeAllThreads (Deoptimize)
Event: 3.027 Executing VM operation: HandshakeAllThreads (Deoptimize) done
Event: 3.068 Executing VM operation: HandshakeAllThreads (Deoptimize)
Event: 3.068 Executing VM operation: HandshakeAllThreads (Deoptimize) done
Event: 3.344 Executing VM operation: HandshakeAllThreads (Deoptimize)
Event: 3.344 Executing VM operation: HandshakeAllThreads (Deoptimize) done
Event: 3.502 Executing VM operation: HandshakeAllThreads (Deoptimize)
Event: 3.502 Executing VM operation: HandshakeAllThreads (Deoptimize) done
Event: 3.662 Executing VM operation: ICBufferFull
Event: 3.662 Executing VM operation: ICBufferFull done
Event: 3.675 Executing VM operation: HandshakeAllThreads (Deoptimize)
Event: 3.675 Executing VM operation: HandshakeAllThreads (Deoptimize) done
Event: 3.675 Executing VM operation: HandshakeAllThreads (Deoptimize)
Event: 3.675 Executing VM operation: HandshakeAllThreads (Deoptimize) done

Events (20 events):
Event: 0.054 Thread 0x0000029343020ef0 Thread added: 0x0000029343020ef0
Event: 0.055 Thread 0x0000029343021a40 Thread added: 0x0000029343021a40
Event: 0.055 Thread 0x00000293430228c0 Thread added: 0x00000293430228c0
Event: 0.055 Thread 0x0000029343046c50 Thread added: 0x0000029343046c50
Event: 0.107 Thread 0x000002934311ede0 Thread added: 0x000002934311ede0
Event: 0.300 Thread 0x0000029343331650 Thread added: 0x0000029343331650
Event: 1.254 Thread 0x00000293439466a0 Thread added: 0x00000293439466a0
Event: 2.638 Thread 0x0000029344d46d60 Thread added: 0x0000029344d46d60
Event: 2.914 Thread 0x0000029343d90030 Thread added: 0x0000029343d90030
Event: 3.010 Thread 0x0000029344d9d670 Thread added: 0x0000029344d9d670
Event: 3.076 Thread 0x0000029344b6fad0 Thread added: 0x0000029344b6fad0
Event: 3.078 Thread 0x0000029344fa5e10 Thread added: 0x0000029344fa5e10
Event: 3.099 Thread 0x00000293445fc600 Thread added: 0x00000293445fc600
Event: 3.105 Thread 0x0000029344e3b970 Thread added: 0x0000029344e3b970
Event: 3.116 Thread 0x0000029344e160d0 Thread added: 0x0000029344e160d0
Event: 3.119 Thread 0x0000029344e14d20 Thread added: 0x0000029344e14d20
Event: 3.121 Thread 0x0000029344e15a40 Thread added: 0x0000029344e15a40
Event: 3.502 Thread 0x0000029344e14690 Thread added: 0x0000029344e14690
Event: 3.513 Thread 0x0000029344e16760 Thread added: 0x0000029344e16760
Event: 3.868 Thread 0x0000029344e153b0 Thread added: 0x0000029344e153b0


Dynamic libraries:
0x00007ff6b8730000 - 0x00007ff6b8740000 	C:\Program Files\Java\jdk-21\bin\java.exe
0x00007ffc0b8b0000 - 0x00007ffc0bac7000 	C:\WINDOWS\SYSTEM32\ntdll.dll
0x00007ffc0a370000 - 0x00007ffc0a434000 	C:\WINDOWS\System32\KERNEL32.DLL
0x00007ffc08e70000 - 0x00007ffc09227000 	C:\WINDOWS\System32\KERNELBASE.dll
0x00007ffc08ce0000 - 0x00007ffc08df1000 	C:\WINDOWS\System32\ucrtbase.dll
0x00007ffbd3bb0000 - 0x00007ffbd3bcb000 	C:\Program Files\Java\jdk-21\bin\VCRUNTIME140.dll
0x00007ffbc5ad0000 - 0x00007ffbc5ae9000 	C:\Program Files\Java\jdk-21\bin\jli.dll
0x00007ffc095e0000 - 0x00007ffc09692000 	C:\WINDOWS\System32\ADVAPI32.dll
0x00007ffc0b7c0000 - 0x00007ffc0b867000 	C:\WINDOWS\System32\msvcrt.dll
0x00007ffc0a160000 - 0x00007ffc0a208000 	C:\WINDOWS\System32\sechost.dll
0x00007ffc092f0000 - 0x00007ffc09318000 	C:\WINDOWS\System32\bcrypt.dll
0x00007ffc09d00000 - 0x00007ffc09e14000 	C:\WINDOWS\System32\RPCRT4.dll
0x00007ffc0b450000 - 0x00007ffc0b5ff000 	C:\WINDOWS\System32\USER32.dll
0x00007ffc09320000 - 0x00007ffc09346000 	C:\WINDOWS\System32\win32u.dll
0x00007ffc0a130000 - 0x00007ffc0a159000 	C:\WINDOWS\System32\GDI32.dll
0x00007ffc08bc0000 - 0x00007ffc08cd8000 	C:\WINDOWS\System32\gdi32full.dll
0x00007ffc09540000 - 0x00007ffc095da000 	C:\WINDOWS\System32\msvcp_win.dll
0x00007ffbea8a0000 - 0x00007ffbeab33000 	C:\WINDOWS\WinSxS\amd64_microsoft.windows.common-controls_6595b64144ccf1df_6.0.22621.3672_none_2713b9d173822955\COMCTL32.dll
0x00007ffc00f00000 - 0x00007ffc00f0a000 	C:\WINDOWS\SYSTEM32\VERSION.dll
0x00007ffc09c90000 - 0x00007ffc09cc1000 	C:\WINDOWS\System32\IMM32.DLL
0x00007ffbe0840000 - 0x00007ffbe084c000 	C:\Program Files\Java\jdk-21\bin\vcruntime140_1.dll
0x00007ffbb4e00000 - 0x00007ffbb4e8e000 	C:\Program Files\Java\jdk-21\bin\msvcp140.dll
0x00007ffb78a50000 - 0x00007ffb79763000 	C:\Program Files\Java\jdk-21\bin\server\jvm.dll
0x00007ffc096a0000 - 0x00007ffc09711000 	C:\WINDOWS\System32\WS2_32.dll
0x00007ffc08490000 - 0x00007ffc084dd000 	C:\WINDOWS\SYSTEM32\POWRPROF.dll
0x00007ffc06940000 - 0x00007ffc06974000 	C:\WINDOWS\SYSTEM32\WINMM.dll
0x00007ffc08420000 - 0x00007ffc08433000 	C:\WINDOWS\SYSTEM32\UMPDC.dll
0x00007ffc07bd0000 - 0x00007ffc07be8000 	C:\WINDOWS\SYSTEM32\kernel.appcore.dll
0x00007ffbdecb0000 - 0x00007ffbdecba000 	C:\Program Files\Java\jdk-21\bin\jimage.dll
0x00007ffc06380000 - 0x00007ffc065b2000 	C:\WINDOWS\SYSTEM32\DBGHELP.DLL
0x00007ffc09900000 - 0x00007ffc09c8e000 	C:\WINDOWS\System32\combase.dll
0x00007ffc09e20000 - 0x00007ffc09ef7000 	C:\WINDOWS\System32\OLEAUT32.dll
0x00007ffc004a0000 - 0x00007ffc004d2000 	C:\WINDOWS\SYSTEM32\dbgcore.DLL
0x00007ffc09350000 - 0x00007ffc093cb000 	C:\WINDOWS\System32\bcryptPrimitives.dll
0x00007ffbde970000 - 0x00007ffbde97f000 	C:\Program Files\Java\jdk-21\bin\instrument.dll
0x00007ffbc46b0000 - 0x00007ffbc46cf000 	C:\Program Files\Java\jdk-21\bin\java.dll
0x00007ffc0a440000 - 0x00007ffc0aca9000 	C:\WINDOWS\System32\SHELL32.dll
0x00007ffc06ae0000 - 0x00007ffc073df000 	C:\WINDOWS\SYSTEM32\windows.storage.dll
0x00007ffc069a0000 - 0x00007ffc06adf000 	C:\WINDOWS\SYSTEM32\wintypes.dll
0x00007ffc0b190000 - 0x00007ffc0b289000 	C:\WINDOWS\System32\SHCORE.dll
0x00007ffc098a0000 - 0x00007ffc098fe000 	C:\WINDOWS\System32\shlwapi.dll
0x00007ffc08af0000 - 0x00007ffc08b17000 	C:\WINDOWS\SYSTEM32\profapi.dll
0x00007ffbb27d0000 - 0x00007ffbb28a7000 	C:\Program Files\Java\jdk-21\bin\jsvml.dll
0x00007ffbc2810000 - 0x00007ffbc2828000 	C:\Program Files\Java\jdk-21\bin\zip.dll
0x00007ffbd4490000 - 0x00007ffbd44a0000 	C:\Program Files\Java\jdk-21\bin\net.dll
0x00007ffc027d0000 - 0x00007ffc02906000 	C:\WINDOWS\SYSTEM32\WINHTTP.dll
0x00007ffc08040000 - 0x00007ffc080a9000 	C:\WINDOWS\system32\mswsock.dll
0x00007ffbc27f0000 - 0x00007ffbc2806000 	C:\Program Files\Java\jdk-21\bin\nio.dll
0x00007ffbd1720000 - 0x00007ffbd1730000 	C:\Program Files\Java\jdk-21\bin\verify.dll
0x00007ffbe0850000 - 0x00007ffbe0877000 	C:\Users\011ko\.gradle\native\c067742578af261105cb4f569cf0c3c89f3d7b1fecec35dd04571415982c5e48\windows-amd64\native-platform.dll
0x00007ffbaaef0000 - 0x00007ffbab034000 	C:\Users\011ko\.gradle\native\38dada09dfb8b06ba9b0570ebf7e218e3eb74d4ef43ca46872605cf95ebc2f47\windows-amd64\native-platform-file-events.dll
0x00007ffbd0670000 - 0x00007ffbd067a000 	C:\Program Files\Java\jdk-21\bin\management.dll
0x00007ffbcdde0000 - 0x00007ffbcddeb000 	C:\Program Files\Java\jdk-21\bin\management_ext.dll
0x00007ffc09800000 - 0x00007ffc09808000 	C:\WINDOWS\System32\PSAPI.DLL
0x00007ffc08280000 - 0x00007ffc0829b000 	C:\WINDOWS\SYSTEM32\CRYPTSP.dll
0x00007ffc07b30000 - 0x00007ffc07b65000 	C:\WINDOWS\system32\rsaenh.dll
0x00007ffc08100000 - 0x00007ffc08128000 	C:\WINDOWS\SYSTEM32\USERENV.dll
0x00007ffc082a0000 - 0x00007ffc082ac000 	C:\WINDOWS\SYSTEM32\CRYPTBASE.dll
0x00007ffc07680000 - 0x00007ffc076ad000 	C:\WINDOWS\SYSTEM32\IPHLPAPI.DLL
0x00007ffc09cf0000 - 0x00007ffc09cf9000 	C:\WINDOWS\System32\NSI.dll
0x00007ffbcd2a0000 - 0x00007ffbcd2a9000 	C:\Program Files\Java\jdk-21\bin\extnet.dll
0x00007ffbcc6d0000 - 0x00007ffbcc6de000 	C:\Program Files\Java\jdk-21\bin\sunmscapi.dll
0x00007ffc093d0000 - 0x00007ffc09536000 	C:\WINDOWS\System32\CRYPT32.dll
0x00007ffc08580000 - 0x00007ffc085ad000 	C:\WINDOWS\SYSTEM32\ncrypt.dll
0x00007ffc08540000 - 0x00007ffc08577000 	C:\WINDOWS\SYSTEM32\NTASN1.dll
0x00007ffc006c0000 - 0x00007ffc006c8000 	C:\WINDOWS\system32\wshunix.dll

dbghelp: loaded successfully - version: 4.0.5 - missing functions: none
symbol engine: initialized successfully - sym options: 0x614 - pdb path: .;C:\Program Files\Java\jdk-21\bin;C:\WINDOWS\SYSTEM32;C:\WINDOWS\WinSxS\amd64_microsoft.windows.common-controls_6595b64144ccf1df_6.0.22621.3672_none_2713b9d173822955;C:\Program Files\Java\jdk-21\bin\server;C:\Users\011ko\.gradle\native\c067742578af261105cb4f569cf0c3c89f3d7b1fecec35dd04571415982c5e48\windows-amd64;C:\Users\011ko\.gradle\native\38dada09dfb8b06ba9b0570ebf7e218e3eb74d4ef43ca46872605cf95ebc2f47\windows-amd64

VM Arguments:
jvm_args: --add-opens=java.base/java.util=ALL-UNNAMED --add-opens=java.base/java.lang=ALL-UNNAMED --add-opens=java.base/java.lang.invoke=ALL-UNNAMED --add-opens=java.prefs/java.util.prefs=ALL-UNNAMED --add-opens=java.base/java.nio.charset=ALL-UNNAMED --add-opens=java.base/java.net=ALL-UNNAMED --add-opens=java.base/java.util.concurrent.atomic=ALL-UNNAMED -XX:MaxMetaspaceSize=384m -XX:+HeapDumpOnOutOfMemoryError -Xms256m -Xmx512m -Dfile.encoding=UTF-8 -Duser.country=RU -Duser.language=ru -Duser.variant -javaagent:C:\Users\011ko\.gradle\wrapper\dists\gradle-8.5-bin\5t9huq95ubn472n8rpzujfbqh\gradle-8.5\lib\agents\gradle-instrumentation-agent-8.5.jar 
java_command: org.gradle.launcher.daemon.bootstrap.GradleDaemon 8.5
java_class_path (initial): C:\Users\011ko\.gradle\wrapper\dists\gradle-8.5-bin\5t9huq95ubn472n8rpzujfbqh\gradle-8.5\lib\gradle-launcher-8.5.jar
Launcher Type: SUN_STANDARD

[Global flags]
     intx CICompilerCount                          = 3                                         {product} {ergonomic}
   size_t CompressedClassSpaceSize                 = 335544320                                 {product} {ergonomic}
     uint ConcGCThreads                            = 1                                         {product} {ergonomic}
     uint G1ConcRefinementThreads                  = 4                                         {product} {ergonomic}
   size_t G1HeapRegionSize                         = 1048576                                   {product} {ergonomic}
    uintx GCDrainStackTargetSize                   = 64                                        {product} {ergonomic}
     bool HeapDumpOnOutOfMemoryError               = true                                   {manageable} {command line}
   size_t InitialHeapSize                          = 268435456                                 {product} {command line}
   size_t MarkStackSize                            = 4194304                                   {product} {ergonomic}
   size_t MaxHeapSize                              = 536870912                                 {product} {command line}
   size_t MaxMetaspaceSize                         = 402653184                                 {product} {command line}
   size_t MaxNewSize                               = 321912832                                 {product} {ergonomic}
   size_t MinHeapDeltaBytes                        = 1048576                                   {product} {ergonomic}
   size_t MinHeapSize                              = 268435456                                 {product} {command line}
    uintx NonNMethodCodeHeapSize                   = 5832780                                {pd product} {ergonomic}
    uintx NonProfiledCodeHeapSize                  = 122912730                              {pd product} {ergonomic}
    uintx ProfiledCodeHeapSize                     = 122912730                              {pd product} {ergonomic}
    uintx ReservedCodeCacheSize                    = 251658240                              {pd product} {ergonomic}
     bool SegmentedCodeCache                       = true                                      {product} {ergonomic}
   size_t SoftMaxHeapSize                          = 536870912                              {manageable} {ergonomic}
     bool UseCompressedOops                        = true                           {product lp64_product} {ergonomic}
     bool UseG1GC                                  = true                                      {product} {ergonomic}
     bool UseLargePagesIndividualAllocation        = false                                  {pd product} {ergonomic}

Logging:
Log output configuration:
 #0: stdout all=warning uptime,level,tags foldmultilines=false
 #1: stderr all=off uptime,level,tags foldmultilines=false

Environment Variables:
PATH=C:\oraclexe\app\oracle\product\11.2.0\server\bin;;C:\Program Files\Common Files\Oracle\Java\javapath;C:\Program Files (x86)\Common Files\Oracle\Java\java8path;C:\Program Files (x86)\Common Files\Oracle\Java\javapath;C:\Windows\System32\HWAudioDriverLibs;C:\Windows\system32;C:\Windows;C:\Windows\System32\Wbem;C:\Windows\System32\WindowsPowerShell\v1.0\;C:\Windows\System32\OpenSSH\;C:\Users\Administrator\AppData\Local\Microsoft\WindowsApps;C:\WINDOWS\system32;C:\WINDOWS;C:\WINDOWS\System32\Wbem;C:\WINDOWS\System32\WindowsPowerShell\v1.0\;C:\WINDOWS\System32\OpenSSH\;C:\Program Files\nodejs\;C:\Program Files\Git\cmd;C:\Users\011ko\Documents\gradle-8.10-all\gradle-8.10\bin;C:\Program Files\AmneziaWG\;C:\Users\011ko\AppData\Local\Microsoft\WindowsApps;C:\Users\011ko\AppData\Local\Programs\Microsoft VS Code\bin;C:\Users\011ko\AppData\Roaming\npm;C:\Users\011ko\AppData\Local\GitHubDesktop\bin;C:\Users\011ko\Documents\gradle-8.10-all\gradle-8.10\bin;
USERNAME=011ko
OS=Windows_NT
PROCESSOR_IDENTIFIER=Intel64 Family 6 Model 140 Stepping 1, GenuineIntel
TMP=C:\Users\011ko\AppData\Local\Temp
TEMP=C:\Users\011ko\AppData\Local\Temp




Periodic native trim disabled

---------------  S Y S T E M  ---------------

OS:
 Windows 11 , 64 bit Build 22621 (10.0.22621.3958)
OS uptime: 12 days 13:10 hours
Hyper-V role detected

CPU: total 4 (initial active 4) (2 cores per cpu, 2 threads per core) family 6 model 140 stepping 1 microcode 0x8a, cx8, cmov, fxsr, ht, mmx, 3dnowpref, sse, sse2, sse3, ssse3, sse4.1, sse4.2, popcnt, lzcnt, tsc, tscinvbit, avx, avx2, aes, erms, clmul, bmi1, bmi2, adx, avx512f, avx512dq, avx512cd, avx512bw, avx512vl, sha, fma, vzeroupper, avx512_vpopcntdq, avx512_vpclmulqdq, avx512_vaes, avx512_vnni, clflush, clflushopt, clwb, avx512_vbmi2, avx512_vbmi, hv, rdtscp, rdpid, fsrm, gfni, avx512_bitalg, f16c, cet_ibt, cet_ss, avx512_ifma
Processor Information for all 4 processors :
  Max Mhz: 2995, Current Mhz: 2995, Mhz Limit: 2995

Memory: 4k page, system-wide physical 7991M (475M free)
TotalPageFile size 23351M (AvailPageFile size 4M)
current process WorkingSet (physical memory assigned to process): 205M, peak: 205M
current process commit charge ("private bytes"): 417M, peak: 417M

vm_info: Java HotSpot(TM) 64-Bit Server VM (21.0.4+8-LTS-274) for windows-amd64 JRE (21.0.4+8-LTS-274), built on 2024-06-05T05:23:33Z by "mach5one" with MS VC++ 17.6 (VS2022)

END.
