#
# There is insufficient memory for the Java Runtime Environment to continue.
# Native memory allocation (mmap) failed to map 132120576 bytes for G1 virtual space
# Possible reasons:
#   The system is out of physical RAM or swap space
#   The process is running with CompressedOops enabled, and the Java Heap may be blocking the growth of the native heap
# Possible solutions:
#   Reduce memory load on the system
#   Increase physical memory or swap space
#   Check if swap backing store is full
#   Decrease Java heap size (-Xmx/-Xms)
#   Decrease number of Java threads
#   Decrease Java thread stack sizes (-Xss)
#   Set larger code cache with -XX:ReservedCodeCacheSize=
#   JVM is running with Unscaled Compressed Oops mode in which the Java heap is
#     placed in the first 4GB address space. The Java Heap base address is the
#     maximum limit for the native heap growth. Please use -XX:HeapBaseMinAddress
#     to set the Java Heap base and to place the Java Heap above 4GB virtual address.
# This output file may be truncated or incomplete.
#
#  Out of Memory Error (os_windows.cpp:3600), pid=18120, tid=22600
#
# JRE version:  (21.0.4+8) (build )
# Java VM: Java HotSpot(TM) 64-Bit Server VM (21.0.4+8-LTS-274, mixed mode, sharing, tiered, compressed oops, compressed class ptrs, g1 gc, windows-amd64)
# No core dump will be written. Minidumps are not enabled by default on client versions of Windows
#

---------------  S U M M A R Y ------------

Command Line: -agentlib:jdwp=transport=dt_socket,server=n,suspend=y,address=127.0.0.1:38407 -Dfile.encoding=UTF-8 -Duser.country=RU -Duser.language=ru -Duser.variant --module-path=C:\Users\011ko\IdeaProjects\javafx-intro\build\libs\javafx-intro-1.0-SNAPSHOT.jar;C:\Users\011ko\IdeaProjects\javafx-intro\build\classes\java\main;C:\Users\011ko\.gradle\caches\modules-2\files-2.1\org.jetbrains.kotlin\kotlin-stdlib\1.9.20\e58b4816ac517e9cc5df1db051120c63d4cde669\kotlin-stdlib-1.9.20.jar;C:\Users\011ko\.gradle\caches\modules-2\files-2.1\org.openjfx\javafx-fxml\23\f8f33c215eb9c172d62e1646cb5dc351bc5d918e\javafx-fxml-23-win.jar;C:\Users\011ko\.gradle\caches\modules-2\files-2.1\org.openjfx\javafx-fxml\23\7c66c74c4ceda4179ef7e8c0250974a3c062e604\javafx-fxml-23.jar;C:\Users\011ko\.gradle\caches\modules-2\files-2.1\org.openjfx\javafx-web\21\f53cab2e01c28dd3a26d250145e1ddc86fcf125a\javafx-web-21-win.jar;C:\Users\011ko\.gradle\caches\modules-2\files-2.1\org.openjfx\javafx-controls\23\953bc543e4949437103d9d12310c4a96846fbb94\javafx-controls-23-win.jar;C:\Users\011ko\.gradle\caches\modules-2\files-2.1\org.openjfx\javafx-controls\23\e894e43263506d0b06a6e3c12d5bd06cbc8bd2a7\javafx-controls-23.jar;C:\Users\011ko\.gradle\caches\modules-2\files-2.1\org.openjfx\javafx-media\21\f5e89e981be5c3c6f316b6f8b7b49686cd7c6d58\javafx-media-21-win.jar;C:\Users\011ko\.gradle\caches\modules-2\files-2.1\org.openjfx\javafx-media\21\7767ab6303b3ebae213a0064ffd941ade8a6f92a\javafx-media-21.jar;C:\Users\011ko\.gradle\caches\modules-2\files-2.1\org.openjfx\javafx-swing\21\85c12ff6018b55276d3fef2bc83751ebfe3d58e5\javafx-swing-21-win.jar;C:\Users\011ko\.gradle\caches\modules-2\files-2.1\org.openjfx\javafx-graphics\23\160bad2ba0b248ecc31412ca4b6ef77510e717d1\javafx-graphics-23-win.jar;C:\Users\011ko\.gradle\caches\modules-2\files-2.1\org.openjfx\javafx-graphics\23\dd2376a1b5437053d133dd419bd420b193dbb05f\javafx-graphics-23.jar;C:\Users\011ko\.gradle\caches\modules-2\files-2.1\org.openjfx\javafx-base\23\cfefa13bc23dedcba9d720a42679b8d63adf83c9\javafx-base-23-win.jar;C:\Users\011ko\.gradle\caches\modules-2\files-2.1\org.openjfx\javafx-base\23\be7d2f439da056b14d724468a9a3f859-Djdk.module.main=org.example.javafxintro org.example.javafxintro/org.example.javafxintro.Restaurant

Host: 11th Gen Intel(R) Core(TM) i3-1115G4 @ 3.00GHz, 4 cores, 7G,  Windows 11 , 64 bit Build 22621 (10.0.22621.3958)
Time: Sun Nov  3 19:14:54 2024 RTZ 6 (s 11 , 64 bit Build 22621 (10.0.22621.3958) elapsed time: 0.042971 seconds (0d 0h 0m 0s)

---------------  T H R E A D  ---------------

Current thread (0x000002b12af15510):  JavaThread "Unknown thread" [_thread_in_vm, id=22600, stack(0x000000e94df00000,0x000000e94e000000) (1024K)]

Stack: [0x000000e94df00000,0x000000e94e000000]
Native frames: (J=compiled Java code, j=interpreted, Vv=VM code, C=native code)
V  [jvm.dll+0x6c8e59]
V  [jvm.dll+0x853181]
V  [jvm.dll+0x8556ae]
V  [jvm.dll+0x855d83]
V  [jvm.dll+0x27d526]
V  [jvm.dll+0x6c55f5]
V  [jvm.dll+0x6ba17a]
V  [jvm.dll+0x352a8a]
V  [jvm.dll+0x35a6e6]
V  [jvm.dll+0x3acdae]
V  [jvm.dll+0x3ad058]
V  [jvm.dll+0x326dec]
V  [jvm.dll+0x32794b]
V  [jvm.dll+0x81c569]
V  [jvm.dll+0x3b9a11]
V  [jvm.dll+0x805948]
V  [jvm.dll+0x44ec5e]
V  [jvm.dll+0x450851]
C  [jli.dll+0x52a3]
C  [ucrtbase.dll+0x29333]
C  [KERNEL32.DLL+0x1257d]
C  [ntdll.dll+0x5af08]


---------------  P R O C E S S  ---------------

Threads class SMR info:
_java_thread_list=0x00007ff9a4c96c08, length=0, elements={
}

Java Threads: ( => current thread )
Total: 0

Other Threads:
  0x000002b12af6b260 WorkerThread "GC Thread#0"                     [id=6592, stack(0x000000e94e000000,0x000000e94e100000) (1024K)]
  0x000002b12af7c640 ConcurrentGCThread "G1 Main Marker"            [id=23296, stack(0x000000e94e100000,0x000000e94e200000) (1024K)]
  0x000002b12af7d140 WorkerThread "G1 Conc#0"                       [id=7996, stack(0x000000e94e200000,0x000000e94e300000) (1024K)]

[error occurred during error reporting (printing all threads), id 0xc0000005, EXCEPTION_ACCESS_VIOLATION (0xc0000005) at pc=0x00007ff9a4409577]
VM state: not at safepoint (not fully initialized)

VM Mutex/Monitor currently owned by a thread:  ([mutex/lock_event])
[0x00007ff9a4d07f98] Heap_lock - owner thread: 0x000002b12af15510

Heap address: 0x0000000083200000, size: 1998 MB, Compressed Oops mode: 32-bit

CDS archive(s) mapped at: [0x0000000000000000-0x0000000000000000-0x0000000000000000), size 0, SharedBaseAddress: 0x0000000800000000, ArchiveRelocationMode: 1.
Narrow klass base: 0x0000000000000000, Narrow klass shift: 0, Narrow klass range: 0x0

GC Precious Log:
 CardTable entry size: 512
 Card Set container configuration: InlinePtr #cards 5 size 8 Array Of Cards #cards 12 size 40 Howl #buckets 4 coarsen threshold 1843 Howl Bitmap #cards 512 size 80 coarsen threshold 460 Card regions per heap region 1 cards per card region 2048

Heap:
 garbage-first heap   total 0K, used 0K [0x0000000083200000, 0x0000000100000000)
  region size 1024K, 0 young (0K), 0 survivors (0K)

[error occurred during error reporting (printing heap information), id 0xc0000005, EXCEPTION_ACCESS_VIOLATION (0xc0000005) at pc=0x00007ff9a47f1df9]
GC Heap History (0 events):
No events

Dll operation events (1 events):
Event: 0.015 Loaded shared library C:\Program Files\Java\jdk-21\bin\java.dll

Deoptimization events (0 events):
No events

Classes loaded (0 events):
No events

Classes unloaded (0 events):
No events

Classes redefined (0 events):
No events

Internal exceptions (0 events):
No events

ZGC Phase Switch (0 events):
No events

VM Operations (0 events):
No events

Events (0 events):
No events


Dynamic libraries:
0x00007ff671ac0000 - 0x00007ff671ad0000 	C:\Program Files\Java\jdk-21\bin\java.exe
0x00007ffa5c130000 - 0x00007ffa5c347000 	C:\WINDOWS\SYSTEM32\ntdll.dll
0x00007ffa5b4b0000 - 0x00007ffa5b574000 	C:\WINDOWS\System32\KERNEL32.DLL
0x00007ffa59650000 - 0x00007ffa59a07000 	C:\WINDOWS\System32\KERNELBASE.dll
0x00007ffa59a10000 - 0x00007ffa59b21000 	C:\WINDOWS\System32\ucrtbase.dll
0x00007ffa1fe30000 - 0x00007ffa1fe49000 	C:\Program Files\Java\jdk-21\bin\jli.dll
0x00007ffa5a1d0000 - 0x00007ffa5a282000 	C:\WINDOWS\System32\ADVAPI32.dll
0x00007ffa5bdc0000 - 0x00007ffa5be67000 	C:\WINDOWS\System32\msvcrt.dll
0x00007ffa5c040000 - 0x00007ffa5c0e8000 	C:\WINDOWS\System32\sechost.dll
0x00007ffa59db0000 - 0x00007ffa59dd8000 	C:\WINDOWS\System32\bcrypt.dll
0x00007ffa5a440000 - 0x00007ffa5a554000 	C:\WINDOWS\System32\RPCRT4.dll
0x00007ffa5bb90000 - 0x00007ffa5bd3f000 	C:\WINDOWS\System32\USER32.dll
0x00007ffa59440000 - 0x00007ffa59466000 	C:\WINDOWS\System32\win32u.dll
0x00007ffa5b270000 - 0x00007ffa5b299000 	C:\WINDOWS\System32\GDI32.dll
0x00007ffa59bd0000 - 0x00007ffa59ce8000 	C:\WINDOWS\System32\gdi32full.dll
0x00007ffa59b30000 - 0x00007ffa59bca000 	C:\WINDOWS\System32\msvcp_win.dll
0x00007ffa20da0000 - 0x00007ffa20dbb000 	C:\Program Files\Java\jdk-21\bin\VCRUNTIME140.dll
0x00007ffa43810000 - 0x00007ffa43aa3000 	C:\WINDOWS\WinSxS\amd64_microsoft.windows.common-controls_6595b64144ccf1df_6.0.22621.3672_none_2713b9d173822955\COMCTL32.dll
0x00007ffa524e0000 - 0x00007ffa524ea000 	C:\WINDOWS\SYSTEM32\VERSION.dll
0x00007ffa5bd80000 - 0x00007ffa5bdb1000 	C:\WINDOWS\System32\IMM32.DLL
0x00007ffa42210000 - 0x00007ffa4221c000 	C:\Program Files\Java\jdk-21\bin\vcruntime140_1.dll
0x00007ffa12a20000 - 0x00007ffa12aae000 	C:\Program Files\Java\jdk-21\bin\msvcp140.dll
0x00007ff9a40d0000 - 0x00007ff9a4de3000 	C:\Program Files\Java\jdk-21\bin\server\jvm.dll
0x00007ffa5bfc0000 - 0x00007ffa5c031000 	C:\WINDOWS\System32\WS2_32.dll
0x00007ffa58d10000 - 0x00007ffa58d5d000 	C:\WINDOWS\SYSTEM32\POWRPROF.dll
0x00007ffa570c0000 - 0x00007ffa570f4000 	C:\WINDOWS\SYSTEM32\WINMM.dll
0x00007ffa58ca0000 - 0x00007ffa58cb3000 	C:\WINDOWS\SYSTEM32\UMPDC.dll
0x00007ffa58450000 - 0x00007ffa58468000 	C:\WINDOWS\SYSTEM32\kernel.appcore.dll
0x00007ffa36a60000 - 0x00007ffa36a6a000 	C:\Program Files\Java\jdk-21\bin\jimage.dll
0x00007ffa56be0000 - 0x00007ffa56e12000 	C:\WINDOWS\SYSTEM32\DBGHELP.DLL
0x00007ffa5aed0000 - 0x00007ffa5b25e000 	C:\WINDOWS\System32\combase.dll
0x00007ffa59f20000 - 0x00007ffa59ff7000 	C:\WINDOWS\System32\OLEAUT32.dll
0x00007ffa1a090000 - 0x00007ffa1a0c2000 	C:\WINDOWS\SYSTEM32\dbgcore.DLL
0x00007ffa59de0000 - 0x00007ffa59e5b000 	C:\WINDOWS\System32\bcryptPrimitives.dll
0x00007ffa41f00000 - 0x00007ffa41f3c000 	C:\Program Files\Java\jdk-21\bin\jdwp.dll
0x00007ffa1fdf0000 - 0x00007ffa1fe0f000 	C:\Program Files\Java\jdk-21\bin\java.dll

dbghelp: loaded successfully - version: 4.0.5 - missing functions: none
symbol engine: initialized successfully - sym options: 0x614 - pdb path: .;C:\Program Files\Java\jdk-21\bin;C:\WINDOWS\SYSTEM32;C:\WINDOWS\WinSxS\amd64_microsoft.windows.common-controls_6595b64144ccf1df_6.0.22621.3672_none_2713b9d173822955;C:\Program Files\Java\jdk-21\bin\server

VM Arguments:
jvm_args: -agentlib:jdwp=transport=dt_socket,server=n,suspend=y,address=127.0.0.1:38407 -Dfile.encoding=UTF-8 -Duser.country=RU -Duser.language=ru -Duser.variant --module-path=C:\Users\011ko\IdeaProjects\javafx-intro\build\libs\javafx-intro-1.0-SNAPSHOT.jar;C:\Users\011ko\IdeaProjects\javafx-intro\build\classes\java\main;C:\Users\011ko\.gradle\caches\modules-2\files-2.1\org.jetbrains.kotlin\kotlin-stdlib\1.9.20\e58b4816ac517e9cc5df1db051120c63d4cde669\kotlin-stdlib-1.9.20.jar;C:\Users\011ko\.gradle\caches\modules-2\files-2.1\org.openjfx\javafx-fxml\23\f8f33c215eb9c172d62e1646cb5dc351bc5d918e\javafx-fxml-23-win.jar;C:\Users\011ko\.gradle\caches\modules-2\files-2.1\org.openjfx\javafx-fxml\23\7c66c74c4ceda4179ef7e8c0250974a3c062e604\javafx-fxml-23.jar;C:\Users\011ko\.gradle\caches\modules-2\files-2.1\org.openjfx\javafx-web\21\f53cab2e01c28dd3a26d250145e1ddc86fcf125a\javafx-web-21-win.jar;C:\Users\011ko\.gradle\caches\modules-2\files-2.1\org.openjfx\javafx-controls\23\953bc543e4949437103d9d12310c4a96846fbb94\javafx-controls-23-win.jar;C:\Users\011ko\.gradle\caches\modules-2\files-2.1\org.openjfx\javafx-controls\23\e894e43263506d0b06a6e3c12d5bd06cbc8bd2a7\javafx-controls-23.jar;C:\Users\011ko\.gradle\caches\modules-2\files-2.1\org.openjfx\javafx-media\21\f5e89e981be5c3c6f316b6f8b7b49686cd7c6d58\javafx-media-21-win.jar;C:\Users\011ko\.gradle\caches\modules-2\files-2.1\org.openjfx\javafx-media\21\7767ab6303b3ebae213a0064ffd941ade8a6f92a\javafx-media-21.jar;C:\Users\011ko\.gradle\caches\modules-2\files-2.1\org.openjfx\javafx-swing\21\85c12ff6018b55276d3fef2bc83751ebfe3d58e5\javafx-swing-21-win.jar;C:\Users\011ko\.gradle\caches\modules-2\files-2.1\org.openjfx\javafx-graphics\23\160bad2ba0b248ecc31412ca4b6ef77510e717d1\javafx-graphics-23-win.jar;C:\Users\011ko\.gradle\caches\modules-2\files-2.1\org.openjfx\javafx-graphics\23\dd2376a1b5437053d133dd419bd420b193dbb05f\javafx-graphics-23.jar;C:\Users\011ko\.gradle\caches\modules-2\files-2.1\org.openjfx\javafx-base\23\cfefa13bc23dedcba9d720a42679b8d63adf83c9\javafx-base-23-win.jar;C:\Users\011ko\.gradle\caches\modules-2\files-2.1\org.openjfx\javafx-base\23\be7d2f439da056b14d724468a9a3f859-Djdk.module.main=org.example.javafxintro 
java_command: org.example.javafxintro/org.example.javafxintro.Restaurant
java_class_path (initial): C:\Users\011ko\IdeaProjects\javafx-intro\build\resources\main;C:\Users\011ko\.gradle\caches\modules-2\files-2.1\org.jetbrains\annotations\13.0\919f0dfe192fb4e063e7dacadee7f8bb9a2672a9\annotations-13.0.jar
Launcher Type: SUN_STANDARD

[Global flags]
     intx CICompilerCount                          = 3                                         {product} {ergonomic}
     uint ConcGCThreads                            = 1                                         {product} {ergonomic}
     uint G1ConcRefinementThreads                  = 4                                         {product} {ergonomic}
   size_t G1HeapRegionSize                         = 1048576                                   {product} {ergonomic}
    uintx GCDrainStackTargetSize                   = 64                                        {product} {ergonomic}
   size_t InitialHeapSize                          = 132120576                                 {product} {ergonomic}
   size_t MarkStackSize                            = 4194304                                   {product} {ergonomic}
   size_t MaxHeapSize                              = 2095054848                                {product} {ergonomic}
   size_t MinHeapDeltaBytes                        = 1048576                                   {product} {ergonomic}
   size_t MinHeapSize                              = 8388608                                   {product} {ergonomic}
    uintx NonNMethodCodeHeapSize                   = 5832780                                {pd product} {ergonomic}
    uintx NonProfiledCodeHeapSize                  = 122912730                              {pd product} {ergonomic}
    uintx ProfiledCodeHeapSize                     = 122912730                              {pd product} {ergonomic}
    uintx ReservedCodeCacheSize                    = 251658240                              {pd product} {ergonomic}
     bool SegmentedCodeCache                       = true                                      {product} {ergonomic}
   size_t SoftMaxHeapSize                          = 2095054848                             {manageable} {ergonomic}
     bool UseCompressedOops                        = true                           {product lp64_product} {ergonomic}
     bool UseG1GC                                  = true                                      {product} {ergonomic}
     bool UseLargePagesIndividualAllocation        = false                                  {pd product} {ergonomic}

Logging:
Log output configuration:
 #0: stdout all=warning uptime,level,tags foldmultilines=false
 #1: stderr all=off uptime,level,tags foldmultilines=false

Environment Variables:
PATH=C:\oraclexe\app\oracle\product\11.2.0\server\bin;;C:\Program Files\Common Files\Oracle\Java\javapath;C:\Program Files (x86)\Common Files\Oracle\Java\java8path;C:\Program Files (x86)\Common Files\Oracle\Java\javapath;C:\Windows\System32\HWAudioDriverLibs;C:\Windows\system32;C:\Windows;C:\Windows\System32\Wbem;C:\Windows\System32\WindowsPowerShell\v1.0\;C:\Windows\System32\OpenSSH\;C:\Users\Administrator\AppData\Local\Microsoft\WindowsApps;C:\WINDOWS\system32;C:\WINDOWS;C:\WINDOWS\System32\Wbem;C:\WINDOWS\System32\WindowsPowerShell\v1.0\;C:\WINDOWS\System32\OpenSSH\;C:\Program Files\nodejs\;C:\Program Files\Git\cmd;C:\Users\011ko\Documents\gradle-8.10-all\gradle-8.10\bin;C:\Program Files\AmneziaWG\;C:\Users\011ko\AppData\Local\Microsoft\WindowsApps;C:\Users\011ko\AppData\Local\Programs\Microsoft VS Code\bin;C:\Users\011ko\AppData\Roaming\npm;C:\Users\011ko\AppData\Local\GitHubDesktop\bin;C:\Users\011ko\Documents\gradle-8.10-all\gradle-8.10\bin;
USERNAME=011ko
OS=Windows_NT
PROCESSOR_IDENTIFIER=Intel64 Family 6 Model 140 Stepping 1, GenuineIntel
TMP=C:\Users\011ko\AppData\Local\Temp
TEMP=C:\Users\011ko\AppData\Local\Temp




Periodic native trim disabled

---------------  S Y S T E M  ---------------

OS:
 Windows 11 , 64 bit Build 22621 (10.0.22621.3958)
OS uptime: 1 days 20:46 hours
Hyper-V role detected

CPU: total 4 (initial active 4) (2 cores per cpu, 2 threads per core) family 6 model 140 stepping 1 microcode 0x8a, cx8, cmov, fxsr, ht, mmx, 3dnowpref, sse, sse2, sse3, ssse3, sse4.1, sse4.2, popcnt, lzcnt, tsc, tscinvbit, avx, avx2, aes, erms, clmul, bmi1, bmi2, adx, avx512f, avx512dq, avx512cd, avx512bw, avx512vl, sha, fma, vzeroupper, avx512_vpopcntdq, avx512_vpclmulqdq, avx512_vaes, avx512_vnni, clflush, clflushopt, clwb, avx512_vbmi2, avx512_vbmi, hv, rdtscp, rdpid, fsrm, gfni, avx512_bitalg, f16c, cet_ibt, cet_ss, avx512_ifma
Processor Information for all 4 processors :
  Max Mhz: 2995, Current Mhz: 2995, Mhz Limit: 2995

Memory: 4k page, system-wide physical 7991M (777M free)
TotalPageFile size 23351M (AvailPageFile size 21M)
current process WorkingSet (physical memory assigned to process): 11M, peak: 11M
current process commit charge ("private bytes"): 52M, peak: 178M

vm_info: Java HotSpot(TM) 64-Bit Server VM (21.0.4+8-LTS-274) for windows-amd64 JRE (21.0.4+8-LTS-274), built on 2024-06-05T05:23:33Z by "mach5one" with MS VC++ 17.6 (VS2022)

END.
