#
# There is insufficient memory for the Java Runtime Environment to continue.
# Native memory allocation (malloc) failed to allocate 881616 bytes for Chunk::new
# Possible reasons:
#   The system is out of physical RAM or swap space
#   The process is running with CompressedOops enabled, and the Java Heap may be blocking the growth of the native heap
# Possible solutions:
#   Reduce memory load on the system
#   Increase physical memory or swap space
#   Check if swap backing store is full
#   Decrease Java heap size (-Xmx/-Xms)
#   Decrease number of Java threads
#   Decrease Java thread stack sizes (-Xss)
#   Set larger code cache with -XX:ReservedCodeCacheSize=
#   JVM is running with Unscaled Compressed Oops mode in which the Java heap is
#     placed in the first 4GB address space. The Java Heap base address is the
#     maximum limit for the native heap growth. Please use -XX:HeapBaseMinAddress
#     to set the Java Heap base and to place the Java Heap above 4GB virtual address.
# This output file may be truncated or incomplete.
#
#  Out of Memory Error (arena.cpp:168), pid=9584, tid=29208
#
# JRE version: Java(TM) SE Runtime Environment (21.0.4+8) (build 21.0.4+8-LTS-274)
# Java VM: Java HotSpot(TM) 64-Bit Server VM (21.0.4+8-LTS-274, mixed mode, sharing, tiered, compressed oops, compressed class ptrs, g1 gc, windows-amd64)
# No core dump will be written. Minidumps are not enabled by default on client versions of Windows
#

---------------  S U M M A R Y ------------

Command Line: --add-opens=java.base/java.util=ALL-UNNAMED --add-opens=java.base/java.lang=ALL-UNNAMED --add-opens=java.base/java.lang.invoke=ALL-UNNAMED --add-opens=java.prefs/java.util.prefs=ALL-UNNAMED --add-opens=java.base/java.nio.charset=ALL-UNNAMED --add-opens=java.base/java.net=ALL-UNNAMED --add-opens=java.base/java.util.concurrent.atomic=ALL-UNNAMED -XX:MaxMetaspaceSize=384m -XX:+HeapDumpOnOutOfMemoryError -Xms256m -Xmx512m -Dfile.encoding=UTF-8 -Duser.country=RU -Duser.language=ru -Duser.variant -javaagent:C:\Users\011ko\.gradle\wrapper\dists\gradle-8.5-bin\5t9huq95ubn472n8rpzujfbqh\gradle-8.5\lib\agents\gradle-instrumentation-agent-8.5.jar org.gradle.launcher.daemon.bootstrap.GradleDaemon 8.5

Host: 11th Gen Intel(R) Core(TM) i3-1115G4 @ 3.00GHz, 4 cores, 7G,  Windows 11 , 64 bit Build 22621 (10.0.22621.3958)
Time: Tue Oct 29 23:57:49 2024 RTZ 6 (s 11 , 64 bit Build 22621 (10.0.22621.3958) elapsed time: 12.085234 seconds (0d 0h 0m 12s)

---------------  T H R E A D  ---------------

Current thread (0x000001e63f936250):  JavaThread "C2 CompilerThread0" daemon [_thread_in_native, id=29208, stack(0x0000004a0c000000,0x0000004a0c100000) (1024K)]


Current CompileTask:
C2:  12085 7072 %     4       org.gradle.internal.instantiation.generator.AbstractClassGenerator::inspectType @ 207 (560 bytes)

Stack: [0x0000004a0c000000,0x0000004a0c100000]
Native frames: (J=compiled Java code, j=interpreted, Vv=VM code, C=native code)
V  [jvm.dll+0x6c8e59]
V  [jvm.dll+0x853181]
V  [jvm.dll+0x8556ae]
V  [jvm.dll+0x855d83]
V  [jvm.dll+0x27d526]
V  [jvm.dll+0xc4aad]
V  [jvm.dll+0xc4fe3]
V  [jvm.dll+0x3b3fd2]
V  [jvm.dll+0x1df243]
V  [jvm.dll+0x2463d2]
V  [jvm.dll+0x24585f]
V  [jvm.dll+0x1c69de]
V  [jvm.dll+0x254d49]
V  [jvm.dll+0x2532da]
V  [jvm.dll+0x3ed426]
V  [jvm.dll+0x7fd65b]
V  [jvm.dll+0x6c753d]
C  [ucrtbase.dll+0x29333]
C  [KERNEL32.DLL+0x1257d]
C  [ntdll.dll+0x5af08]


---------------  P R O C E S S  ---------------

Threads class SMR info:
_java_thread_list=0x000001e65e4f4a30, length=44, elements={
0x000001e625599840, 0x000001e63f92b000, 0x000001e63f92bf20, 0x000001e63f92e070,
0x000001e63f932720, 0x000001e63f930320, 0x000001e63f930fa0, 0x000001e63f936250,
0x000001e63f94e430, 0x000001e63f8fb340, 0x000001e63fcfdc30, 0x000001e659c65c30,
0x000001e65a7f2450, 0x000001e65ab18e00, 0x000001e65ac90200, 0x000001e65ac90870,
0x000001e65acb3130, 0x000001e65aa03590, 0x000001e65aca4490, 0x000001e65aca4b20,
0x000001e65aca6560, 0x000001e65aca5ed0, 0x000001e65aca51b0, 0x000001e65aca6bf0,
0x000001e65aca3e00, 0x000001e65aca3770, 0x000001e65c7c6df0, 0x000001e65c7c6760,
0x000001e65c7c4000, 0x000001e65c7c5a40, 0x000001e65c7c7480, 0x000001e65c7c8830,
0x000001e65c7c9550, 0x000001e65c7ca270, 0x000001e65c7c7b10, 0x000001e65c7ca900,
0x000001e65c7c4690, 0x000001e65c7caf90, 0x000001e65c7c8ec0, 0x000001e65c7c9be0,
0x000001e659fb1ee0, 0x000001e659fafe10, 0x000001e659faf0f0, 0x000001e65cd23360
}

Java Threads: ( => current thread )
  0x000001e625599840 JavaThread "main"                              [_thread_blocked, id=5600, stack(0x0000004a0b200000,0x0000004a0b300000) (1024K)]
  0x000001e63f92b000 JavaThread "Reference Handler"          daemon [_thread_blocked, id=11792, stack(0x0000004a0ba00000,0x0000004a0bb00000) (1024K)]
  0x000001e63f92bf20 JavaThread "Finalizer"                  daemon [_thread_blocked, id=22904, stack(0x0000004a0bb00000,0x0000004a0bc00000) (1024K)]
  0x000001e63f92e070 JavaThread "Signal Dispatcher"          daemon [_thread_blocked, id=28776, stack(0x0000004a0bc00000,0x0000004a0bd00000) (1024K)]
  0x000001e63f932720 JavaThread "Attach Listener"            daemon [_thread_blocked, id=28548, stack(0x0000004a0bd00000,0x0000004a0be00000) (1024K)]
  0x000001e63f930320 JavaThread "Service Thread"             daemon [_thread_blocked, id=13136, stack(0x0000004a0be00000,0x0000004a0bf00000) (1024K)]
  0x000001e63f930fa0 JavaThread "Monitor Deflation Thread"   daemon [_thread_blocked, id=21080, stack(0x0000004a0bf00000,0x0000004a0c000000) (1024K)]
=>0x000001e63f936250 JavaThread "C2 CompilerThread0"         daemon [_thread_in_native, id=29208, stack(0x0000004a0c000000,0x0000004a0c100000) (1024K)]
  0x000001e63f94e430 JavaThread "C1 CompilerThread0"         daemon [_thread_blocked, id=4584, stack(0x0000004a0c100000,0x0000004a0c200000) (1024K)]
  0x000001e63f8fb340 JavaThread "Common-Cleaner"             daemon [_thread_blocked, id=24548, stack(0x0000004a0c200000,0x0000004a0c300000) (1024K)]
  0x000001e63fcfdc30 JavaThread "Notification Thread"        daemon [_thread_blocked, id=9568, stack(0x0000004a0c300000,0x0000004a0c400000) (1024K)]
  0x000001e659c65c30 JavaThread "Daemon health stats"               [_thread_blocked, id=14068, stack(0x0000004a0c800000,0x0000004a0c900000) (1024K)]
  0x000001e65a7f2450 JavaThread "Incoming local TCP Connector on port 34723"        [_thread_in_native, id=17324, stack(0x0000004a0c900000,0x0000004a0ca00000) (1024K)]
  0x000001e65ab18e00 JavaThread "Daemon periodic checks"            [_thread_blocked, id=21604, stack(0x0000004a0ca00000,0x0000004a0cb00000) (1024K)]
  0x000001e65ac90200 JavaThread "Daemon"                            [_thread_blocked, id=12004, stack(0x0000004a0cb00000,0x0000004a0cc00000) (1024K)]
  0x000001e65ac90870 JavaThread "Handler for socket connection from /127.0.0.1:34723 to /127.0.0.1:34724"        [_thread_in_native, id=19492, stack(0x0000004a0cc00000,0x0000004a0cd00000) (1024K)]
  0x000001e65acb3130 JavaThread "Cancel handler"                    [_thread_blocked, id=12808, stack(0x0000004a0cd00000,0x0000004a0ce00000) (1024K)]
  0x000001e65aa03590 JavaThread "Daemon worker"                     [_thread_in_Java, id=9936, stack(0x0000004a0ce00000,0x0000004a0cf00000) (1024K)]
  0x000001e65aca4490 JavaThread "Asynchronous log dispatcher for DefaultDaemonConnection: socket connection from /127.0.0.1:34723 to /127.0.0.1:34724"        [_thread_blocked, id=18464, stack(0x0000004a0cf00000,0x0000004a0d000000) (1024K)]
  0x000001e65aca4b20 JavaThread "Stdin handler"                     [_thread_blocked, id=22712, stack(0x0000004a0d000000,0x0000004a0d100000) (1024K)]
  0x000001e65aca6560 JavaThread "Daemon client event forwarder"        [_thread_blocked, id=20732, stack(0x0000004a0d100000,0x0000004a0d200000) (1024K)]
  0x000001e65aca5ed0 JavaThread "Cache worker for journal cache (C:\Users\011ko\.gradle\caches\journal-1)"        [_thread_in_vm, id=14188, stack(0x0000004a0d200000,0x0000004a0d300000) (1024K)]
  0x000001e65aca51b0 JavaThread "File lock request listener"        [_thread_in_native, id=19260, stack(0x0000004a0d300000,0x0000004a0d400000) (1024K)]
  0x000001e65aca6bf0 JavaThread "Cache worker for file hash cache (C:\Users\011ko\.gradle\caches\8.5\fileHashes)"        [_thread_blocked, id=16224, stack(0x0000004a0d400000,0x0000004a0d500000) (1024K)]
  0x000001e65aca3e00 JavaThread "File watcher server"        daemon [_thread_in_native, id=22840, stack(0x0000004a0d500000,0x0000004a0d600000) (1024K)]
  0x000001e65aca3770 JavaThread "File watcher consumer"      daemon [_thread_blocked, id=26608, stack(0x0000004a0d600000,0x0000004a0d700000) (1024K)]
  0x000001e65c7c6df0 JavaThread "Cache worker for checksums cache (C:\Users\011ko\IdeaProjects\javafx-intro\.gradle\8.5\checksums)"        [_thread_blocked, id=4076, stack(0x0000004a0d700000,0x0000004a0d800000) (1024K)]
  0x000001e65c7c6760 JavaThread "Cache worker for file hash cache (C:\Users\011ko\IdeaProjects\javafx-intro\.gradle\8.5\fileHashes)"        [_thread_blocked, id=25164, stack(0x0000004a0d800000,0x0000004a0d900000) (1024K)]
  0x000001e65c7c4000 JavaThread "Cache worker for cache directory md-supplier (C:\Users\011ko\.gradle\caches\8.5\md-supplier)"        [_thread_blocked, id=14304, stack(0x0000004a0d900000,0x0000004a0da00000) (1024K)]
  0x000001e65c7c5a40 JavaThread "Cache worker for cache directory md-rule (C:\Users\011ko\.gradle\caches\8.5\md-rule)"        [_thread_blocked, id=9744, stack(0x0000004a0da00000,0x0000004a0db00000) (1024K)]
  0x000001e65c7c7480 JavaThread "Cache worker for file content cache (C:\Users\011ko\.gradle\caches\8.5\fileContent)"        [_thread_blocked, id=20104, stack(0x0000004a0db00000,0x0000004a0dc00000) (1024K)]
  0x000001e65c7c8830 JavaThread "Cache worker for execution history cache (C:\Users\011ko\.gradle\caches\8.5\executionHistory)"        [_thread_blocked, id=28780, stack(0x0000004a0dc00000,0x0000004a0dd00000) (1024K)]
  0x000001e65c7c9550 JavaThread "jar transforms"                    [_thread_blocked, id=8900, stack(0x0000004a0dd00000,0x0000004a0de00000) (1024K)]
  0x000001e65c7ca270 JavaThread "jar transforms Thread 2"           [_thread_blocked, id=17752, stack(0x0000004a0de00000,0x0000004a0df00000) (1024K)]
  0x000001e65c7c7b10 JavaThread "jar transforms Thread 3"           [_thread_blocked, id=27708, stack(0x0000004a0df00000,0x0000004a0e000000) (1024K)]
  0x000001e65c7ca900 JavaThread "jar transforms Thread 4"           [_thread_blocked, id=20852, stack(0x0000004a0e000000,0x0000004a0e100000) (1024K)]
  0x000001e65c7c4690 JavaThread "Cache worker for dependencies-accessors (C:\Users\011ko\IdeaProjects\javafx-intro\.gradle\8.5\dependencies-accessors)"        [_thread_blocked, id=3852, stack(0x0000004a0e100000,0x0000004a0e200000) (1024K)]
  0x000001e65c7caf90 JavaThread "Cache worker for Build Output Cleanup Cache (C:\Users\011ko\IdeaProjects\javafx-intro\.gradle\buildOutputCleanup)"        [_thread_blocked, id=24812, stack(0x0000004a0e200000,0x0000004a0e300000) (1024K)]
  0x000001e65c7c8ec0 JavaThread "Unconstrained build operations"        [_thread_blocked, id=3352, stack(0x0000004a0e300000,0x0000004a0e400000) (1024K)]
  0x000001e65c7c9be0 JavaThread "Unconstrained build operations Thread 2"        [_thread_blocked, id=9912, stack(0x0000004a0e400000,0x0000004a0e500000) (1024K)]
  0x000001e659fb1ee0 JavaThread "Unconstrained build operations Thread 3"        [_thread_blocked, id=12872, stack(0x0000004a0e500000,0x0000004a0e600000) (1024K)]
  0x000001e659fafe10 JavaThread "Memory manager"                    [_thread_blocked, id=24120, stack(0x0000004a0e600000,0x0000004a0e700000) (1024K)]
  0x000001e659faf0f0 JavaThread "build event listener"              [_thread_blocked, id=23084, stack(0x0000004a0e700000,0x0000004a0e800000) (1024K)]
  0x000001e65cd23360 JavaThread "C2 CompilerThread1"         daemon [_thread_in_native, id=14440, stack(0x0000004a0c400000,0x0000004a0c500000) (1024K)]
Total: 44

Other Threads:
  0x000001e63f910460 VMThread "VM Thread"                           [id=4856, stack(0x0000004a0b900000,0x0000004a0ba00000) (1024K)]
  0x000001e63f8f8410 WatcherThread "VM Periodic Task Thread"        [id=7080, stack(0x0000004a0b800000,0x0000004a0b900000) (1024K)]
  0x000001e6255c4ad0 WorkerThread "GC Thread#0"                     [id=26320, stack(0x0000004a0b300000,0x0000004a0b400000) (1024K)]
  0x000001e63fdb0b00 WorkerThread "GC Thread#1"                     [id=5312, stack(0x0000004a0c500000,0x0000004a0c600000) (1024K)]
  0x000001e65902a890 WorkerThread "GC Thread#2"                     [id=22104, stack(0x0000004a0c600000,0x0000004a0c700000) (1024K)]
  0x000001e65902ac30 WorkerThread "GC Thread#3"                     [id=23692, stack(0x0000004a0c700000,0x0000004a0c800000) (1024K)]
  0x000001e6255ca270 ConcurrentGCThread "G1 Main Marker"            [id=21468, stack(0x0000004a0b400000,0x0000004a0b500000) (1024K)]
  0x000001e6255cb510 WorkerThread "G1 Conc#0"                       [id=14816, stack(0x0000004a0b500000,0x0000004a0b600000) (1024K)]
  0x000001e62565eb10 ConcurrentGCThread "G1 Refine#0"               [id=8288, stack(0x0000004a0b600000,0x0000004a0b700000) (1024K)]
  0x000001e63f7ce490 ConcurrentGCThread "G1 Service"                [id=10644, stack(0x0000004a0b700000,0x0000004a0b800000) (1024K)]
Total: 10

Threads with active compile tasks:
C2 CompilerThread0    12122 7072 %     4       org.gradle.internal.instantiation.generator.AbstractClassGenerator::inspectType @ 207 (560 bytes)
C2 CompilerThread1    12122 7117       4       java.beans.MethodRef::set (58 bytes)
Total: 2

VM state: not at safepoint (normal execution)

VM Mutex/Monitor currently owned by a thread: None

Heap address: 0x00000000e0000000, size: 512 MB, Compressed Oops mode: 32-bit

CDS archive(s) mapped at: [0x000001e640000000-0x000001e640c90000-0x000001e640c90000), size 13172736, SharedBaseAddress: 0x000001e640000000, ArchiveRelocationMode: 1.
Compressed class space mapped at: 0x000001e641000000-0x000001e655000000, reserved size: 335544320
Narrow klass base: 0x000001e640000000, Narrow klass shift: 0, Narrow klass range: 0x100000000

GC Precious Log:
 CardTable entry size: 512
 Card Set container configuration: InlinePtr #cards 5 size 8 Array Of Cards #cards 12 size 40 Howl #buckets 4 coarsen threshold 1843 Howl Bitmap #cards 512 size 80 coarsen threshold 460 Card regions per heap region 1 cards per card region 2048
 CPUs: 4 total, 4 available
 Memory: 7991M
 Large Page Support: Disabled
 NUMA Support: Disabled
 Compressed Oops: Enabled (32-bit)
 Heap Region Size: 1M
 Heap Min Capacity: 256M
 Heap Initial Capacity: 256M
 Heap Max Capacity: 512M
 Pre-touch: Disabled
 Parallel Workers: 4
 Concurrent Workers: 1
 Concurrent Refinement Workers: 4
 Periodic GC: Disabled

Heap:
 garbage-first heap   total 262144K, used 151317K [0x00000000e0000000, 0x0000000100000000)
  region size 1024K, 97 young (99328K), 10 survivors (10240K)
 Metaspace       used 67282K, committed 69120K, reserved 393216K
  class space    used 9649K, committed 10560K, reserved 327680K

Heap Regions: E=young(eden), S=young(survivor), O=old, HS=humongous(starts), HC=humongous(continues), CS=collection set, F=free, TAMS=top-at-mark-start, PB=parsable bottom
|   0|0x00000000e0000000, 0x00000000e0100000, 0x00000000e0100000|100%| O|  |TAMS 0x00000000e0000000| PB 0x00000000e0000000| Untracked 
|   1|0x00000000e0100000, 0x00000000e0200000, 0x00000000e0200000|100%|HS|  |TAMS 0x00000000e0100000| PB 0x00000000e0100000| Complete 
|   2|0x00000000e0200000, 0x00000000e0300000, 0x00000000e0300000|100%|HC|  |TAMS 0x00000000e0200000| PB 0x00000000e0200000| Complete 
|   3|0x00000000e0300000, 0x00000000e0400000, 0x00000000e0400000|100%|HC|  |TAMS 0x00000000e0300000| PB 0x00000000e0300000| Complete 
|   4|0x00000000e0400000, 0x00000000e0500000, 0x00000000e0500000|100%|HC|  |TAMS 0x00000000e0400000| PB 0x00000000e0400000| Complete 
|   5|0x00000000e0500000, 0x00000000e0600000, 0x00000000e0600000|100%| O|  |TAMS 0x00000000e0500000| PB 0x00000000e0500000| Untracked 
|   6|0x00000000e0600000, 0x00000000e0700000, 0x00000000e0700000|100%| O|  |TAMS 0x00000000e0600000| PB 0x00000000e0600000| Untracked 
|   7|0x00000000e0700000, 0x00000000e0800000, 0x00000000e0800000|100%| O|  |TAMS 0x00000000e0700000| PB 0x00000000e0700000| Untracked 
|   8|0x00000000e0800000, 0x00000000e0900000, 0x00000000e0900000|100%| O|  |TAMS 0x00000000e0800000| PB 0x00000000e0800000| Untracked 
|   9|0x00000000e0900000, 0x00000000e0a00000, 0x00000000e0a00000|100%| O|  |TAMS 0x00000000e0900000| PB 0x00000000e0900000| Untracked 
|  10|0x00000000e0a00000, 0x00000000e0b00000, 0x00000000e0b00000|100%| O|  |TAMS 0x00000000e0a00000| PB 0x00000000e0a00000| Untracked 
|  11|0x00000000e0b00000, 0x00000000e0c00000, 0x00000000e0c00000|100%| O|  |TAMS 0x00000000e0b00000| PB 0x00000000e0b00000| Untracked 
|  12|0x00000000e0c00000, 0x00000000e0d00000, 0x00000000e0d00000|100%| O|Cm|TAMS 0x00000000e0c00000| PB 0x00000000e0c00000| Complete 
|  13|0x00000000e0d00000, 0x00000000e0e00000, 0x00000000e0e00000|100%| O|  |TAMS 0x00000000e0d00000| PB 0x00000000e0d00000| Untracked 
|  14|0x00000000e0e00000, 0x00000000e0f00000, 0x00000000e0f00000|100%| O|  |TAMS 0x00000000e0e00000| PB 0x00000000e0e00000| Untracked 
|  15|0x00000000e0f00000, 0x00000000e1000000, 0x00000000e1000000|100%| O|  |TAMS 0x00000000e0f00000| PB 0x00000000e0f00000| Untracked 
|  16|0x00000000e1000000, 0x00000000e1100000, 0x00000000e1100000|100%| O|  |TAMS 0x00000000e1000000| PB 0x00000000e1000000| Untracked 
|  17|0x00000000e1100000, 0x00000000e1200000, 0x00000000e1200000|100%| O|  |TAMS 0x00000000e1100000| PB 0x00000000e1100000| Untracked 
|  18|0x00000000e1200000, 0x00000000e1300000, 0x00000000e1300000|100%| O|  |TAMS 0x00000000e1200000| PB 0x00000000e1200000| Untracked 
|  19|0x00000000e1300000, 0x00000000e1400000, 0x00000000e1400000|100%| O|  |TAMS 0x00000000e1300000| PB 0x00000000e1300000| Untracked 
|  20|0x00000000e1400000, 0x00000000e1500000, 0x00000000e1500000|100%| O|  |TAMS 0x00000000e1400000| PB 0x00000000e1400000| Untracked 
|  21|0x00000000e1500000, 0x00000000e1600000, 0x00000000e1600000|100%| O|  |TAMS 0x00000000e1500000| PB 0x00000000e1500000| Untracked 
|  22|0x00000000e1600000, 0x00000000e1700000, 0x00000000e1700000|100%| O|  |TAMS 0x00000000e1600000| PB 0x00000000e1600000| Untracked 
|  23|0x00000000e1700000, 0x00000000e1800000, 0x00000000e1800000|100%| O|  |TAMS 0x00000000e1700000| PB 0x00000000e1700000| Untracked 
|  24|0x00000000e1800000, 0x00000000e1900000, 0x00000000e1900000|100%|HS|  |TAMS 0x00000000e1800000| PB 0x00000000e1800000| Complete 
|  25|0x00000000e1900000, 0x00000000e1a00000, 0x00000000e1a00000|100%|HC|  |TAMS 0x00000000e1900000| PB 0x00000000e1900000| Complete 
|  26|0x00000000e1a00000, 0x00000000e1b00000, 0x00000000e1b00000|100%|HS|  |TAMS 0x00000000e1a00000| PB 0x00000000e1a00000| Complete 
|  27|0x00000000e1b00000, 0x00000000e1c00000, 0x00000000e1c00000|100%|HC|  |TAMS 0x00000000e1b00000| PB 0x00000000e1b00000| Complete 
|  28|0x00000000e1c00000, 0x00000000e1d00000, 0x00000000e1d00000|100%|HC|  |TAMS 0x00000000e1c00000| PB 0x00000000e1c00000| Complete 
|  29|0x00000000e1d00000, 0x00000000e1e00000, 0x00000000e1e00000|100%|HC|  |TAMS 0x00000000e1d00000| PB 0x00000000e1d00000| Complete 
|  30|0x00000000e1e00000, 0x00000000e1f00000, 0x00000000e1f00000|100%|HS|  |TAMS 0x00000000e1e00000| PB 0x00000000e1e00000| Complete 
|  31|0x00000000e1f00000, 0x00000000e2000000, 0x00000000e2000000|100%|HC|  |TAMS 0x00000000e1f00000| PB 0x00000000e1f00000| Complete 
|  32|0x00000000e2000000, 0x00000000e2100000, 0x00000000e2100000|100%|HS|  |TAMS 0x00000000e2000000| PB 0x00000000e2000000| Complete 
|  33|0x00000000e2100000, 0x00000000e2200000, 0x00000000e2200000|100%|HC|  |TAMS 0x00000000e2100000| PB 0x00000000e2100000| Complete 
|  34|0x00000000e2200000, 0x00000000e2300000, 0x00000000e2300000|100%|HC|  |TAMS 0x00000000e2200000| PB 0x00000000e2200000| Complete 
|  35|0x00000000e2300000, 0x00000000e2400000, 0x00000000e2400000|100%|HC|  |TAMS 0x00000000e2300000| PB 0x00000000e2300000| Complete 
|  36|0x00000000e2400000, 0x00000000e2500000, 0x00000000e2500000|100%| O|  |TAMS 0x00000000e2400000| PB 0x00000000e2400000| Untracked 
|  37|0x00000000e2500000, 0x00000000e2600000, 0x00000000e2600000|100%| O|  |TAMS 0x00000000e2500000| PB 0x00000000e2500000| Untracked 
|  38|0x00000000e2600000, 0x00000000e2700000, 0x00000000e2700000|100%| O|  |TAMS 0x00000000e2600000| PB 0x00000000e2600000| Untracked 
|  39|0x00000000e2700000, 0x00000000e2800000, 0x00000000e2800000|100%| O|  |TAMS 0x00000000e2700000| PB 0x00000000e2700000| Untracked 
|  40|0x00000000e2800000, 0x00000000e2900000, 0x00000000e2900000|100%| O|  |TAMS 0x00000000e2800000| PB 0x00000000e2800000| Untracked 
|  41|0x00000000e2900000, 0x00000000e2a00000, 0x00000000e2a00000|100%| O|  |TAMS 0x00000000e2900000| PB 0x00000000e2900000| Untracked 
|  42|0x00000000e2a00000, 0x00000000e2b00000, 0x00000000e2b00000|100%| O|  |TAMS 0x00000000e2a00000| PB 0x00000000e2a00000| Untracked 
|  43|0x00000000e2b00000, 0x00000000e2c00000, 0x00000000e2c00000|100%| O|  |TAMS 0x00000000e2b00000| PB 0x00000000e2b00000| Untracked 
|  44|0x00000000e2c00000, 0x00000000e2d00000, 0x00000000e2d00000|100%| O|  |TAMS 0x00000000e2c00000| PB 0x00000000e2c00000| Untracked 
|  45|0x00000000e2d00000, 0x00000000e2e00000, 0x00000000e2e00000|100%| O|  |TAMS 0x00000000e2d00000| PB 0x00000000e2d00000| Untracked 
|  46|0x00000000e2e00000, 0x00000000e2f00000, 0x00000000e2f00000|100%| O|  |TAMS 0x00000000e2e00000| PB 0x00000000e2e00000| Untracked 
|  47|0x00000000e2f00000, 0x00000000e3000000, 0x00000000e3000000|100%| O|  |TAMS 0x00000000e2f00000| PB 0x00000000e2f00000| Untracked 
|  48|0x00000000e3000000, 0x00000000e3100000, 0x00000000e3100000|100%| O|  |TAMS 0x00000000e3000000| PB 0x00000000e3000000| Untracked 
|  49|0x00000000e3100000, 0x00000000e3200000, 0x00000000e3200000|100%| O|  |TAMS 0x00000000e3100000| PB 0x00000000e3100000| Untracked 
|  50|0x00000000e3200000, 0x00000000e3300000, 0x00000000e3300000|100%| O|  |TAMS 0x00000000e3200000| PB 0x00000000e3200000| Untracked 
|  51|0x00000000e3300000, 0x00000000e33c54a0, 0x00000000e3400000| 77%| O|  |TAMS 0x00000000e3300000| PB 0x00000000e3300000| Untracked 
|  52|0x00000000e3400000, 0x00000000e3400000, 0x00000000e3500000|  0%| F|  |TAMS 0x00000000e3400000| PB 0x00000000e3400000| Untracked 
|  53|0x00000000e3500000, 0x00000000e3500000, 0x00000000e3600000|  0%| F|  |TAMS 0x00000000e3500000| PB 0x00000000e3500000| Untracked 
|  54|0x00000000e3600000, 0x00000000e3600000, 0x00000000e3700000|  0%| F|  |TAMS 0x00000000e3600000| PB 0x00000000e3600000| Untracked 
|  55|0x00000000e3700000, 0x00000000e3700000, 0x00000000e3800000|  0%| F|  |TAMS 0x00000000e3700000| PB 0x00000000e3700000| Untracked 
|  56|0x00000000e3800000, 0x00000000e3800000, 0x00000000e3900000|  0%| F|  |TAMS 0x00000000e3800000| PB 0x00000000e3800000| Untracked 
|  57|0x00000000e3900000, 0x00000000e3900000, 0x00000000e3a00000|  0%| F|  |TAMS 0x00000000e3900000| PB 0x00000000e3900000| Untracked 
|  58|0x00000000e3a00000, 0x00000000e3a00000, 0x00000000e3b00000|  0%| F|  |TAMS 0x00000000e3a00000| PB 0x00000000e3a00000| Untracked 
|  59|0x00000000e3b00000, 0x00000000e3b00000, 0x00000000e3c00000|  0%| F|  |TAMS 0x00000000e3b00000| PB 0x00000000e3b00000| Untracked 
|  60|0x00000000e3c00000, 0x00000000e3c00000, 0x00000000e3d00000|  0%| F|  |TAMS 0x00000000e3c00000| PB 0x00000000e3c00000| Untracked 
|  61|0x00000000e3d00000, 0x00000000e3d00000, 0x00000000e3e00000|  0%| F|  |TAMS 0x00000000e3d00000| PB 0x00000000e3d00000| Untracked 
|  62|0x00000000e3e00000, 0x00000000e3e00000, 0x00000000e3f00000|  0%| F|  |TAMS 0x00000000e3e00000| PB 0x00000000e3e00000| Untracked 
|  63|0x00000000e3f00000, 0x00000000e3f00000, 0x00000000e4000000|  0%| F|  |TAMS 0x00000000e3f00000| PB 0x00000000e3f00000| Untracked 
|  64|0x00000000e4000000, 0x00000000e4000000, 0x00000000e4100000|  0%| F|  |TAMS 0x00000000e4000000| PB 0x00000000e4000000| Untracked 
|  65|0x00000000e4100000, 0x00000000e4100000, 0x00000000e4200000|  0%| F|  |TAMS 0x00000000e4100000| PB 0x00000000e4100000| Untracked 
|  66|0x00000000e4200000, 0x00000000e4200000, 0x00000000e4300000|  0%| F|  |TAMS 0x00000000e4200000| PB 0x00000000e4200000| Untracked 
|  67|0x00000000e4300000, 0x00000000e4300000, 0x00000000e4400000|  0%| F|  |TAMS 0x00000000e4300000| PB 0x00000000e4300000| Untracked 
|  68|0x00000000e4400000, 0x00000000e4400000, 0x00000000e4500000|  0%| F|  |TAMS 0x00000000e4400000| PB 0x00000000e4400000| Untracked 
|  69|0x00000000e4500000, 0x00000000e4500000, 0x00000000e4600000|  0%| F|  |TAMS 0x00000000e4500000| PB 0x00000000e4500000| Untracked 
|  70|0x00000000e4600000, 0x00000000e4600000, 0x00000000e4700000|  0%| F|  |TAMS 0x00000000e4600000| PB 0x00000000e4600000| Untracked 
|  71|0x00000000e4700000, 0x00000000e4700000, 0x00000000e4800000|  0%| F|  |TAMS 0x00000000e4700000| PB 0x00000000e4700000| Untracked 
|  72|0x00000000e4800000, 0x00000000e4800000, 0x00000000e4900000|  0%| F|  |TAMS 0x00000000e4800000| PB 0x00000000e4800000| Untracked 
|  73|0x00000000e4900000, 0x00000000e4900000, 0x00000000e4a00000|  0%| F|  |TAMS 0x00000000e4900000| PB 0x00000000e4900000| Untracked 
|  74|0x00000000e4a00000, 0x00000000e4a00000, 0x00000000e4b00000|  0%| F|  |TAMS 0x00000000e4a00000| PB 0x00000000e4a00000| Untracked 
|  75|0x00000000e4b00000, 0x00000000e4b00000, 0x00000000e4c00000|  0%| F|  |TAMS 0x00000000e4b00000| PB 0x00000000e4b00000| Untracked 
|  76|0x00000000e4c00000, 0x00000000e4c00000, 0x00000000e4d00000|  0%| F|  |TAMS 0x00000000e4c00000| PB 0x00000000e4c00000| Untracked 
|  77|0x00000000e4d00000, 0x00000000e4d00000, 0x00000000e4e00000|  0%| F|  |TAMS 0x00000000e4d00000| PB 0x00000000e4d00000| Untracked 
|  78|0x00000000e4e00000, 0x00000000e4e00000, 0x00000000e4f00000|  0%| F|  |TAMS 0x00000000e4e00000| PB 0x00000000e4e00000| Untracked 
|  79|0x00000000e4f00000, 0x00000000e4f00000, 0x00000000e5000000|  0%| F|  |TAMS 0x00000000e4f00000| PB 0x00000000e4f00000| Untracked 
|  80|0x00000000e5000000, 0x00000000e5000000, 0x00000000e5100000|  0%| F|  |TAMS 0x00000000e5000000| PB 0x00000000e5000000| Untracked 
|  81|0x00000000e5100000, 0x00000000e5100000, 0x00000000e5200000|  0%| F|  |TAMS 0x00000000e5100000| PB 0x00000000e5100000| Untracked 
|  82|0x00000000e5200000, 0x00000000e5200000, 0x00000000e5300000|  0%| F|  |TAMS 0x00000000e5200000| PB 0x00000000e5200000| Untracked 
|  83|0x00000000e5300000, 0x00000000e5300000, 0x00000000e5400000|  0%| F|  |TAMS 0x00000000e5300000| PB 0x00000000e5300000| Untracked 
|  84|0x00000000e5400000, 0x00000000e5400000, 0x00000000e5500000|  0%| F|  |TAMS 0x00000000e5400000| PB 0x00000000e5400000| Untracked 
|  85|0x00000000e5500000, 0x00000000e5500000, 0x00000000e5600000|  0%| F|  |TAMS 0x00000000e5500000| PB 0x00000000e5500000| Untracked 
|  86|0x00000000e5600000, 0x00000000e5600000, 0x00000000e5700000|  0%| F|  |TAMS 0x00000000e5600000| PB 0x00000000e5600000| Untracked 
|  87|0x00000000e5700000, 0x00000000e5700000, 0x00000000e5800000|  0%| F|  |TAMS 0x00000000e5700000| PB 0x00000000e5700000| Untracked 
|  88|0x00000000e5800000, 0x00000000e5800000, 0x00000000e5900000|  0%| F|  |TAMS 0x00000000e5800000| PB 0x00000000e5800000| Untracked 
|  89|0x00000000e5900000, 0x00000000e5900000, 0x00000000e5a00000|  0%| F|  |TAMS 0x00000000e5900000| PB 0x00000000e5900000| Untracked 
|  90|0x00000000e5a00000, 0x00000000e5a00000, 0x00000000e5b00000|  0%| F|  |TAMS 0x00000000e5a00000| PB 0x00000000e5a00000| Untracked 
|  91|0x00000000e5b00000, 0x00000000e5b00000, 0x00000000e5c00000|  0%| F|  |TAMS 0x00000000e5b00000| PB 0x00000000e5b00000| Untracked 
|  92|0x00000000e5c00000, 0x00000000e5c00000, 0x00000000e5d00000|  0%| F|  |TAMS 0x00000000e5c00000| PB 0x00000000e5c00000| Untracked 
|  93|0x00000000e5d00000, 0x00000000e5d00000, 0x00000000e5e00000|  0%| F|  |TAMS 0x00000000e5d00000| PB 0x00000000e5d00000| Untracked 
|  94|0x00000000e5e00000, 0x00000000e5e00000, 0x00000000e5f00000|  0%| F|  |TAMS 0x00000000e5e00000| PB 0x00000000e5e00000| Untracked 
|  95|0x00000000e5f00000, 0x00000000e5f00000, 0x00000000e6000000|  0%| F|  |TAMS 0x00000000e5f00000| PB 0x00000000e5f00000| Untracked 
|  96|0x00000000e6000000, 0x00000000e6000000, 0x00000000e6100000|  0%| F|  |TAMS 0x00000000e6000000| PB 0x00000000e6000000| Untracked 
|  97|0x00000000e6100000, 0x00000000e6100000, 0x00000000e6200000|  0%| F|  |TAMS 0x00000000e6100000| PB 0x00000000e6100000| Untracked 
|  98|0x00000000e6200000, 0x00000000e6200000, 0x00000000e6300000|  0%| F|  |TAMS 0x00000000e6200000| PB 0x00000000e6200000| Untracked 
|  99|0x00000000e6300000, 0x00000000e6300000, 0x00000000e6400000|  0%| F|  |TAMS 0x00000000e6300000| PB 0x00000000e6300000| Untracked 
| 100|0x00000000e6400000, 0x00000000e6400000, 0x00000000e6500000|  0%| F|  |TAMS 0x00000000e6400000| PB 0x00000000e6400000| Untracked 
| 101|0x00000000e6500000, 0x00000000e6500000, 0x00000000e6600000|  0%| F|  |TAMS 0x00000000e6500000| PB 0x00000000e6500000| Untracked 
| 102|0x00000000e6600000, 0x00000000e6600000, 0x00000000e6700000|  0%| F|  |TAMS 0x00000000e6600000| PB 0x00000000e6600000| Untracked 
| 103|0x00000000e6700000, 0x00000000e6700000, 0x00000000e6800000|  0%| F|  |TAMS 0x00000000e6700000| PB 0x00000000e6700000| Untracked 
| 104|0x00000000e6800000, 0x00000000e6800000, 0x00000000e6900000|  0%| F|  |TAMS 0x00000000e6800000| PB 0x00000000e6800000| Untracked 
| 105|0x00000000e6900000, 0x00000000e6900000, 0x00000000e6a00000|  0%| F|  |TAMS 0x00000000e6900000| PB 0x00000000e6900000| Untracked 
| 106|0x00000000e6a00000, 0x00000000e6a00000, 0x00000000e6b00000|  0%| F|  |TAMS 0x00000000e6a00000| PB 0x00000000e6a00000| Untracked 
| 107|0x00000000e6b00000, 0x00000000e6b00000, 0x00000000e6c00000|  0%| F|  |TAMS 0x00000000e6b00000| PB 0x00000000e6b00000| Untracked 
| 108|0x00000000e6c00000, 0x00000000e6c00000, 0x00000000e6d00000|  0%| F|  |TAMS 0x00000000e6c00000| PB 0x00000000e6c00000| Untracked 
| 109|0x00000000e6d00000, 0x00000000e6d00000, 0x00000000e6e00000|  0%| F|  |TAMS 0x00000000e6d00000| PB 0x00000000e6d00000| Untracked 
| 110|0x00000000e6e00000, 0x00000000e6e00000, 0x00000000e6f00000|  0%| F|  |TAMS 0x00000000e6e00000| PB 0x00000000e6e00000| Untracked 
| 111|0x00000000e6f00000, 0x00000000e6f00000, 0x00000000e7000000|  0%| F|  |TAMS 0x00000000e6f00000| PB 0x00000000e6f00000| Untracked 
| 112|0x00000000e7000000, 0x00000000e7000000, 0x00000000e7100000|  0%| F|  |TAMS 0x00000000e7000000| PB 0x00000000e7000000| Untracked 
| 113|0x00000000e7100000, 0x00000000e7100000, 0x00000000e7200000|  0%| F|  |TAMS 0x00000000e7100000| PB 0x00000000e7100000| Untracked 
| 114|0x00000000e7200000, 0x00000000e7200000, 0x00000000e7300000|  0%| F|  |TAMS 0x00000000e7200000| PB 0x00000000e7200000| Untracked 
| 115|0x00000000e7300000, 0x00000000e7300000, 0x00000000e7400000|  0%| F|  |TAMS 0x00000000e7300000| PB 0x00000000e7300000| Untracked 
| 116|0x00000000e7400000, 0x00000000e7400000, 0x00000000e7500000|  0%| F|  |TAMS 0x00000000e7400000| PB 0x00000000e7400000| Untracked 
| 117|0x00000000e7500000, 0x00000000e7500000, 0x00000000e7600000|  0%| F|  |TAMS 0x00000000e7500000| PB 0x00000000e7500000| Untracked 
| 118|0x00000000e7600000, 0x00000000e7600000, 0x00000000e7700000|  0%| F|  |TAMS 0x00000000e7600000| PB 0x00000000e7600000| Untracked 
| 119|0x00000000e7700000, 0x00000000e7700000, 0x00000000e7800000|  0%| F|  |TAMS 0x00000000e7700000| PB 0x00000000e7700000| Untracked 
| 120|0x00000000e7800000, 0x00000000e7800000, 0x00000000e7900000|  0%| F|  |TAMS 0x00000000e7800000| PB 0x00000000e7800000| Untracked 
| 121|0x00000000e7900000, 0x00000000e7900000, 0x00000000e7a00000|  0%| F|  |TAMS 0x00000000e7900000| PB 0x00000000e7900000| Untracked 
| 122|0x00000000e7a00000, 0x00000000e7a00000, 0x00000000e7b00000|  0%| F|  |TAMS 0x00000000e7a00000| PB 0x00000000e7a00000| Untracked 
| 123|0x00000000e7b00000, 0x00000000e7b00000, 0x00000000e7c00000|  0%| F|  |TAMS 0x00000000e7b00000| PB 0x00000000e7b00000| Untracked 
| 124|0x00000000e7c00000, 0x00000000e7c00000, 0x00000000e7d00000|  0%| F|  |TAMS 0x00000000e7c00000| PB 0x00000000e7c00000| Untracked 
| 125|0x00000000e7d00000, 0x00000000e7d00000, 0x00000000e7e00000|  0%| F|  |TAMS 0x00000000e7d00000| PB 0x00000000e7d00000| Untracked 
| 126|0x00000000e7e00000, 0x00000000e7e00000, 0x00000000e7f00000|  0%| F|  |TAMS 0x00000000e7e00000| PB 0x00000000e7e00000| Untracked 
| 127|0x00000000e7f00000, 0x00000000e7f00000, 0x00000000e8000000|  0%| F|  |TAMS 0x00000000e7f00000| PB 0x00000000e7f00000| Untracked 
| 128|0x00000000e8000000, 0x00000000e8000000, 0x00000000e8100000|  0%| F|  |TAMS 0x00000000e8000000| PB 0x00000000e8000000| Untracked 
| 129|0x00000000e8100000, 0x00000000e8100000, 0x00000000e8200000|  0%| F|  |TAMS 0x00000000e8100000| PB 0x00000000e8100000| Untracked 
| 130|0x00000000e8200000, 0x00000000e8200000, 0x00000000e8300000|  0%| F|  |TAMS 0x00000000e8200000| PB 0x00000000e8200000| Untracked 
| 131|0x00000000e8300000, 0x00000000e8300000, 0x00000000e8400000|  0%| F|  |TAMS 0x00000000e8300000| PB 0x00000000e8300000| Untracked 
| 132|0x00000000e8400000, 0x00000000e8400000, 0x00000000e8500000|  0%| F|  |TAMS 0x00000000e8400000| PB 0x00000000e8400000| Untracked 
| 133|0x00000000e8500000, 0x00000000e8500000, 0x00000000e8600000|  0%| F|  |TAMS 0x00000000e8500000| PB 0x00000000e8500000| Untracked 
| 134|0x00000000e8600000, 0x00000000e8600000, 0x00000000e8700000|  0%| F|  |TAMS 0x00000000e8600000| PB 0x00000000e8600000| Untracked 
| 135|0x00000000e8700000, 0x00000000e8700000, 0x00000000e8800000|  0%| F|  |TAMS 0x00000000e8700000| PB 0x00000000e8700000| Untracked 
| 136|0x00000000e8800000, 0x00000000e8800000, 0x00000000e8900000|  0%| F|  |TAMS 0x00000000e8800000| PB 0x00000000e8800000| Untracked 
| 137|0x00000000e8900000, 0x00000000e8900000, 0x00000000e8a00000|  0%| F|  |TAMS 0x00000000e8900000| PB 0x00000000e8900000| Untracked 
| 138|0x00000000e8a00000, 0x00000000e8a00000, 0x00000000e8b00000|  0%| F|  |TAMS 0x00000000e8a00000| PB 0x00000000e8a00000| Untracked 
| 139|0x00000000e8b00000, 0x00000000e8b00000, 0x00000000e8c00000|  0%| F|  |TAMS 0x00000000e8b00000| PB 0x00000000e8b00000| Untracked 
| 140|0x00000000e8c00000, 0x00000000e8c00000, 0x00000000e8d00000|  0%| F|  |TAMS 0x00000000e8c00000| PB 0x00000000e8c00000| Untracked 
| 141|0x00000000e8d00000, 0x00000000e8d00000, 0x00000000e8e00000|  0%| F|  |TAMS 0x00000000e8d00000| PB 0x00000000e8d00000| Untracked 
| 142|0x00000000e8e00000, 0x00000000e8e00000, 0x00000000e8f00000|  0%| F|  |TAMS 0x00000000e8e00000| PB 0x00000000e8e00000| Untracked 
| 143|0x00000000e8f00000, 0x00000000e8f00000, 0x00000000e9000000|  0%| F|  |TAMS 0x00000000e8f00000| PB 0x00000000e8f00000| Untracked 
| 144|0x00000000e9000000, 0x00000000e9000000, 0x00000000e9100000|  0%| F|  |TAMS 0x00000000e9000000| PB 0x00000000e9000000| Untracked 
| 145|0x00000000e9100000, 0x00000000e9100000, 0x00000000e9200000|  0%| F|  |TAMS 0x00000000e9100000| PB 0x00000000e9100000| Untracked 
| 146|0x00000000e9200000, 0x00000000e9200000, 0x00000000e9300000|  0%| F|  |TAMS 0x00000000e9200000| PB 0x00000000e9200000| Untracked 
| 147|0x00000000e9300000, 0x00000000e9300000, 0x00000000e9400000|  0%| F|  |TAMS 0x00000000e9300000| PB 0x00000000e9300000| Untracked 
| 148|0x00000000e9400000, 0x00000000e9400000, 0x00000000e9500000|  0%| F|  |TAMS 0x00000000e9400000| PB 0x00000000e9400000| Untracked 
| 149|0x00000000e9500000, 0x00000000e9500000, 0x00000000e9600000|  0%| F|  |TAMS 0x00000000e9500000| PB 0x00000000e9500000| Untracked 
| 150|0x00000000e9600000, 0x00000000e9600000, 0x00000000e9700000|  0%| F|  |TAMS 0x00000000e9600000| PB 0x00000000e9600000| Untracked 
| 151|0x00000000e9700000, 0x00000000e9700000, 0x00000000e9800000|  0%| F|  |TAMS 0x00000000e9700000| PB 0x00000000e9700000| Untracked 
| 152|0x00000000e9800000, 0x00000000e9800000, 0x00000000e9900000|  0%| F|  |TAMS 0x00000000e9800000| PB 0x00000000e9800000| Untracked 
| 153|0x00000000e9900000, 0x00000000e9900000, 0x00000000e9a00000|  0%| F|  |TAMS 0x00000000e9900000| PB 0x00000000e9900000| Untracked 
| 154|0x00000000e9a00000, 0x00000000e9a00000, 0x00000000e9b00000|  0%| F|  |TAMS 0x00000000e9a00000| PB 0x00000000e9a00000| Untracked 
| 155|0x00000000e9b00000, 0x00000000e9b00000, 0x00000000e9c00000|  0%| F|  |TAMS 0x00000000e9b00000| PB 0x00000000e9b00000| Untracked 
| 156|0x00000000e9c00000, 0x00000000e9c00000, 0x00000000e9d00000|  0%| F|  |TAMS 0x00000000e9c00000| PB 0x00000000e9c00000| Untracked 
| 157|0x00000000e9d00000, 0x00000000e9d00000, 0x00000000e9e00000|  0%| F|  |TAMS 0x00000000e9d00000| PB 0x00000000e9d00000| Untracked 
| 158|0x00000000e9e00000, 0x00000000e9e00000, 0x00000000e9f00000|  0%| F|  |TAMS 0x00000000e9e00000| PB 0x00000000e9e00000| Untracked 
| 159|0x00000000e9f00000, 0x00000000ea000000, 0x00000000ea000000|100%| E|  |TAMS 0x00000000e9f00000| PB 0x00000000e9f00000| Complete 
| 160|0x00000000ea000000, 0x00000000ea100000, 0x00000000ea100000|100%| E|CS|TAMS 0x00000000ea000000| PB 0x00000000ea000000| Complete 
| 161|0x00000000ea100000, 0x00000000ea200000, 0x00000000ea200000|100%| E|CS|TAMS 0x00000000ea100000| PB 0x00000000ea100000| Complete 
| 162|0x00000000ea200000, 0x00000000ea300000, 0x00000000ea300000|100%| E|CS|TAMS 0x00000000ea200000| PB 0x00000000ea200000| Complete 
| 163|0x00000000ea300000, 0x00000000ea400000, 0x00000000ea400000|100%| E|CS|TAMS 0x00000000ea300000| PB 0x00000000ea300000| Complete 
| 164|0x00000000ea400000, 0x00000000ea500000, 0x00000000ea500000|100%| E|CS|TAMS 0x00000000ea400000| PB 0x00000000ea400000| Complete 
| 165|0x00000000ea500000, 0x00000000ea600000, 0x00000000ea600000|100%| E|CS|TAMS 0x00000000ea500000| PB 0x00000000ea500000| Complete 
| 166|0x00000000ea600000, 0x00000000ea700000, 0x00000000ea700000|100%| E|CS|TAMS 0x00000000ea600000| PB 0x00000000ea600000| Complete 
| 167|0x00000000ea700000, 0x00000000ea800000, 0x00000000ea800000|100%| E|CS|TAMS 0x00000000ea700000| PB 0x00000000ea700000| Complete 
| 168|0x00000000ea800000, 0x00000000ea900000, 0x00000000ea900000|100%| E|CS|TAMS 0x00000000ea800000| PB 0x00000000ea800000| Complete 
| 169|0x00000000ea900000, 0x00000000eaa00000, 0x00000000eaa00000|100%| E|CS|TAMS 0x00000000ea900000| PB 0x00000000ea900000| Complete 
| 170|0x00000000eaa00000, 0x00000000eab00000, 0x00000000eab00000|100%| E|CS|TAMS 0x00000000eaa00000| PB 0x00000000eaa00000| Complete 
| 171|0x00000000eab00000, 0x00000000eac00000, 0x00000000eac00000|100%| E|CS|TAMS 0x00000000eab00000| PB 0x00000000eab00000| Complete 
| 172|0x00000000eac00000, 0x00000000ead00000, 0x00000000ead00000|100%| E|CS|TAMS 0x00000000eac00000| PB 0x00000000eac00000| Complete 
| 173|0x00000000ead00000, 0x00000000eae00000, 0x00000000eae00000|100%| E|CS|TAMS 0x00000000ead00000| PB 0x00000000ead00000| Complete 
| 174|0x00000000eae00000, 0x00000000eaf00000, 0x00000000eaf00000|100%| E|CS|TAMS 0x00000000eae00000| PB 0x00000000eae00000| Complete 
| 175|0x00000000eaf00000, 0x00000000eb000000, 0x00000000eb000000|100%| E|CS|TAMS 0x00000000eaf00000| PB 0x00000000eaf00000| Complete 
| 176|0x00000000eb000000, 0x00000000eb100000, 0x00000000eb100000|100%| E|CS|TAMS 0x00000000eb000000| PB 0x00000000eb000000| Complete 
| 177|0x00000000eb100000, 0x00000000eb200000, 0x00000000eb200000|100%| E|CS|TAMS 0x00000000eb100000| PB 0x00000000eb100000| Complete 
| 178|0x00000000eb200000, 0x00000000eb300000, 0x00000000eb300000|100%| E|CS|TAMS 0x00000000eb200000| PB 0x00000000eb200000| Complete 
| 179|0x00000000eb300000, 0x00000000eb400000, 0x00000000eb400000|100%| E|CS|TAMS 0x00000000eb300000| PB 0x00000000eb300000| Complete 
| 180|0x00000000eb400000, 0x00000000eb500000, 0x00000000eb500000|100%| E|CS|TAMS 0x00000000eb400000| PB 0x00000000eb400000| Complete 
| 181|0x00000000eb500000, 0x00000000eb600000, 0x00000000eb600000|100%| E|CS|TAMS 0x00000000eb500000| PB 0x00000000eb500000| Complete 
| 182|0x00000000eb600000, 0x00000000eb700000, 0x00000000eb700000|100%| E|CS|TAMS 0x00000000eb600000| PB 0x00000000eb600000| Complete 
| 183|0x00000000eb700000, 0x00000000eb800000, 0x00000000eb800000|100%| E|CS|TAMS 0x00000000eb700000| PB 0x00000000eb700000| Complete 
| 184|0x00000000eb800000, 0x00000000eb900000, 0x00000000eb900000|100%| E|CS|TAMS 0x00000000eb800000| PB 0x00000000eb800000| Complete 
| 185|0x00000000eb900000, 0x00000000eba00000, 0x00000000eba00000|100%| E|CS|TAMS 0x00000000eb900000| PB 0x00000000eb900000| Complete 
| 186|0x00000000eba00000, 0x00000000ebb00000, 0x00000000ebb00000|100%| E|CS|TAMS 0x00000000eba00000| PB 0x00000000eba00000| Complete 
| 187|0x00000000ebb00000, 0x00000000ebc00000, 0x00000000ebc00000|100%| E|CS|TAMS 0x00000000ebb00000| PB 0x00000000ebb00000| Complete 
| 188|0x00000000ebc00000, 0x00000000ebd00000, 0x00000000ebd00000|100%| E|CS|TAMS 0x00000000ebc00000| PB 0x00000000ebc00000| Complete 
| 189|0x00000000ebd00000, 0x00000000ebe00000, 0x00000000ebe00000|100%| E|CS|TAMS 0x00000000ebd00000| PB 0x00000000ebd00000| Complete 
| 190|0x00000000ebe00000, 0x00000000ebf00000, 0x00000000ebf00000|100%| E|CS|TAMS 0x00000000ebe00000| PB 0x00000000ebe00000| Complete 
| 191|0x00000000ebf00000, 0x00000000ec000000, 0x00000000ec000000|100%| E|CS|TAMS 0x00000000ebf00000| PB 0x00000000ebf00000| Complete 
| 192|0x00000000ec000000, 0x00000000ec100000, 0x00000000ec100000|100%| E|CS|TAMS 0x00000000ec000000| PB 0x00000000ec000000| Complete 
| 193|0x00000000ec100000, 0x00000000ec200000, 0x00000000ec200000|100%| E|CS|TAMS 0x00000000ec100000| PB 0x00000000ec100000| Complete 
| 194|0x00000000ec200000, 0x00000000ec300000, 0x00000000ec300000|100%| E|CS|TAMS 0x00000000ec200000| PB 0x00000000ec200000| Complete 
| 195|0x00000000ec300000, 0x00000000ec400000, 0x00000000ec400000|100%| E|CS|TAMS 0x00000000ec300000| PB 0x00000000ec300000| Complete 
| 196|0x00000000ec400000, 0x00000000ec500000, 0x00000000ec500000|100%| E|CS|TAMS 0x00000000ec400000| PB 0x00000000ec400000| Complete 
| 197|0x00000000ec500000, 0x00000000ec600000, 0x00000000ec600000|100%| E|CS|TAMS 0x00000000ec500000| PB 0x00000000ec500000| Complete 
| 198|0x00000000ec600000, 0x00000000ec700000, 0x00000000ec700000|100%| E|CS|TAMS 0x00000000ec600000| PB 0x00000000ec600000| Complete 
| 199|0x00000000ec700000, 0x00000000ec800000, 0x00000000ec800000|100%| E|CS|TAMS 0x00000000ec700000| PB 0x00000000ec700000| Complete 
| 200|0x00000000ec800000, 0x00000000ec900000, 0x00000000ec900000|100%| E|CS|TAMS 0x00000000ec800000| PB 0x00000000ec800000| Complete 
| 201|0x00000000ec900000, 0x00000000eca00000, 0x00000000eca00000|100%| E|CS|TAMS 0x00000000ec900000| PB 0x00000000ec900000| Complete 
| 202|0x00000000eca00000, 0x00000000ecb00000, 0x00000000ecb00000|100%| E|CS|TAMS 0x00000000eca00000| PB 0x00000000eca00000| Complete 
| 203|0x00000000ecb00000, 0x00000000ecc00000, 0x00000000ecc00000|100%| E|CS|TAMS 0x00000000ecb00000| PB 0x00000000ecb00000| Complete 
| 204|0x00000000ecc00000, 0x00000000ecd00000, 0x00000000ecd00000|100%| E|CS|TAMS 0x00000000ecc00000| PB 0x00000000ecc00000| Complete 
| 205|0x00000000ecd00000, 0x00000000ece00000, 0x00000000ece00000|100%| E|CS|TAMS 0x00000000ecd00000| PB 0x00000000ecd00000| Complete 
| 206|0x00000000ece00000, 0x00000000ecf00000, 0x00000000ecf00000|100%| E|CS|TAMS 0x00000000ece00000| PB 0x00000000ece00000| Complete 
| 207|0x00000000ecf00000, 0x00000000ed000000, 0x00000000ed000000|100%| E|CS|TAMS 0x00000000ecf00000| PB 0x00000000ecf00000| Complete 
| 208|0x00000000ed000000, 0x00000000ed100000, 0x00000000ed100000|100%| E|CS|TAMS 0x00000000ed000000| PB 0x00000000ed000000| Complete 
| 209|0x00000000ed100000, 0x00000000ed200000, 0x00000000ed200000|100%| E|CS|TAMS 0x00000000ed100000| PB 0x00000000ed100000| Complete 
| 210|0x00000000ed200000, 0x00000000ed300000, 0x00000000ed300000|100%| E|CS|TAMS 0x00000000ed200000| PB 0x00000000ed200000| Complete 
| 211|0x00000000ed300000, 0x00000000ed400000, 0x00000000ed400000|100%| E|CS|TAMS 0x00000000ed300000| PB 0x00000000ed300000| Complete 
| 212|0x00000000ed400000, 0x00000000ed500000, 0x00000000ed500000|100%| E|CS|TAMS 0x00000000ed400000| PB 0x00000000ed400000| Complete 
| 213|0x00000000ed500000, 0x00000000ed600000, 0x00000000ed600000|100%| E|CS|TAMS 0x00000000ed500000| PB 0x00000000ed500000| Complete 
| 214|0x00000000ed600000, 0x00000000ed700000, 0x00000000ed700000|100%| E|CS|TAMS 0x00000000ed600000| PB 0x00000000ed600000| Complete 
| 215|0x00000000ed700000, 0x00000000ed800000, 0x00000000ed800000|100%| E|CS|TAMS 0x00000000ed700000| PB 0x00000000ed700000| Complete 
| 216|0x00000000ed800000, 0x00000000ed900000, 0x00000000ed900000|100%| E|CS|TAMS 0x00000000ed800000| PB 0x00000000ed800000| Complete 
| 217|0x00000000ed900000, 0x00000000eda00000, 0x00000000eda00000|100%| E|CS|TAMS 0x00000000ed900000| PB 0x00000000ed900000| Complete 
| 218|0x00000000eda00000, 0x00000000edb00000, 0x00000000edb00000|100%| E|CS|TAMS 0x00000000eda00000| PB 0x00000000eda00000| Complete 
| 219|0x00000000edb00000, 0x00000000edc00000, 0x00000000edc00000|100%| E|CS|TAMS 0x00000000edb00000| PB 0x00000000edb00000| Complete 
| 220|0x00000000edc00000, 0x00000000edd00000, 0x00000000edd00000|100%| E|CS|TAMS 0x00000000edc00000| PB 0x00000000edc00000| Complete 
| 221|0x00000000edd00000, 0x00000000ede00000, 0x00000000ede00000|100%| E|CS|TAMS 0x00000000edd00000| PB 0x00000000edd00000| Complete 
| 222|0x00000000ede00000, 0x00000000edf00000, 0x00000000edf00000|100%| E|CS|TAMS 0x00000000ede00000| PB 0x00000000ede00000| Complete 
| 223|0x00000000edf00000, 0x00000000ee000000, 0x00000000ee000000|100%| E|CS|TAMS 0x00000000edf00000| PB 0x00000000edf00000| Complete 
| 224|0x00000000ee000000, 0x00000000ee100000, 0x00000000ee100000|100%| E|CS|TAMS 0x00000000ee000000| PB 0x00000000ee000000| Complete 
| 225|0x00000000ee100000, 0x00000000ee200000, 0x00000000ee200000|100%| E|CS|TAMS 0x00000000ee100000| PB 0x00000000ee100000| Complete 
| 226|0x00000000ee200000, 0x00000000ee300000, 0x00000000ee300000|100%| E|CS|TAMS 0x00000000ee200000| PB 0x00000000ee200000| Complete 
| 227|0x00000000ee300000, 0x00000000ee400000, 0x00000000ee400000|100%| E|CS|TAMS 0x00000000ee300000| PB 0x00000000ee300000| Complete 
| 228|0x00000000ee400000, 0x00000000ee500000, 0x00000000ee500000|100%| E|CS|TAMS 0x00000000ee400000| PB 0x00000000ee400000| Complete 
| 229|0x00000000ee500000, 0x00000000ee600000, 0x00000000ee600000|100%| E|CS|TAMS 0x00000000ee500000| PB 0x00000000ee500000| Complete 
| 230|0x00000000ee600000, 0x00000000ee700000, 0x00000000ee700000|100%| E|CS|TAMS 0x00000000ee600000| PB 0x00000000ee600000| Complete 
| 231|0x00000000ee700000, 0x00000000ee800000, 0x00000000ee800000|100%| E|CS|TAMS 0x00000000ee700000| PB 0x00000000ee700000| Complete 
| 232|0x00000000ee800000, 0x00000000ee900000, 0x00000000ee900000|100%| E|CS|TAMS 0x00000000ee800000| PB 0x00000000ee800000| Complete 
| 233|0x00000000ee900000, 0x00000000eea00000, 0x00000000eea00000|100%| E|CS|TAMS 0x00000000ee900000| PB 0x00000000ee900000| Complete 
| 234|0x00000000eea00000, 0x00000000eeb00000, 0x00000000eeb00000|100%| E|CS|TAMS 0x00000000eea00000| PB 0x00000000eea00000| Complete 
| 235|0x00000000eeb00000, 0x00000000eec00000, 0x00000000eec00000|100%| E|CS|TAMS 0x00000000eeb00000| PB 0x00000000eeb00000| Complete 
| 236|0x00000000eec00000, 0x00000000eed00000, 0x00000000eed00000|100%| E|CS|TAMS 0x00000000eec00000| PB 0x00000000eec00000| Complete 
| 237|0x00000000eed00000, 0x00000000eee00000, 0x00000000eee00000|100%| E|CS|TAMS 0x00000000eed00000| PB 0x00000000eed00000| Complete 
| 238|0x00000000eee00000, 0x00000000eef00000, 0x00000000eef00000|100%| E|CS|TAMS 0x00000000eee00000| PB 0x00000000eee00000| Complete 
| 239|0x00000000eef00000, 0x00000000ef000000, 0x00000000ef000000|100%| E|CS|TAMS 0x00000000eef00000| PB 0x00000000eef00000| Complete 
| 240|0x00000000ef000000, 0x00000000ef100000, 0x00000000ef100000|100%| E|CS|TAMS 0x00000000ef000000| PB 0x00000000ef000000| Complete 
| 241|0x00000000ef100000, 0x00000000ef200000, 0x00000000ef200000|100%| S|CS|TAMS 0x00000000ef100000| PB 0x00000000ef100000| Complete 
| 242|0x00000000ef200000, 0x00000000ef300000, 0x00000000ef300000|100%| S|CS|TAMS 0x00000000ef200000| PB 0x00000000ef200000| Complete 
| 243|0x00000000ef300000, 0x00000000ef400000, 0x00000000ef400000|100%| S|CS|TAMS 0x00000000ef300000| PB 0x00000000ef300000| Complete 
| 244|0x00000000ef400000, 0x00000000ef500000, 0x00000000ef500000|100%| S|CS|TAMS 0x00000000ef400000| PB 0x00000000ef400000| Complete 
| 245|0x00000000ef500000, 0x00000000ef600000, 0x00000000ef600000|100%| S|CS|TAMS 0x00000000ef500000| PB 0x00000000ef500000| Complete 
| 246|0x00000000ef600000, 0x00000000ef700000, 0x00000000ef700000|100%| S|CS|TAMS 0x00000000ef600000| PB 0x00000000ef600000| Complete 
| 247|0x00000000ef700000, 0x00000000ef800000, 0x00000000ef800000|100%| S|CS|TAMS 0x00000000ef700000| PB 0x00000000ef700000| Complete 
| 248|0x00000000ef800000, 0x00000000ef900000, 0x00000000ef900000|100%| S|CS|TAMS 0x00000000ef800000| PB 0x00000000ef800000| Complete 
| 249|0x00000000ef900000, 0x00000000efa00000, 0x00000000efa00000|100%| S|CS|TAMS 0x00000000ef900000| PB 0x00000000ef900000| Complete 
| 250|0x00000000efa00000, 0x00000000efb00000, 0x00000000efb00000|100%| S|CS|TAMS 0x00000000efa00000| PB 0x00000000efa00000| Complete 
| 251|0x00000000efb00000, 0x00000000efc00000, 0x00000000efc00000|100%| E|CS|TAMS 0x00000000efb00000| PB 0x00000000efb00000| Complete 
| 252|0x00000000efc00000, 0x00000000efd00000, 0x00000000efd00000|100%| E|CS|TAMS 0x00000000efc00000| PB 0x00000000efc00000| Complete 
| 253|0x00000000efd00000, 0x00000000efe00000, 0x00000000efe00000|100%| E|CS|TAMS 0x00000000efd00000| PB 0x00000000efd00000| Complete 
| 254|0x00000000efe00000, 0x00000000eff00000, 0x00000000eff00000|100%| E|CS|TAMS 0x00000000efe00000| PB 0x00000000efe00000| Complete 
| 255|0x00000000eff00000, 0x00000000f0000000, 0x00000000f0000000|100%| E|CS|TAMS 0x00000000eff00000| PB 0x00000000eff00000| Complete 

Card table byte_map: [0x000001e63ca10000,0x000001e63cb10000] _byte_map_base: 0x000001e63c310000

Marking Bits: (CMBitMap*) 0x000001e6255c51d0
 Bits: [0x000001e63cb10000, 0x000001e63d310000)

Polling page: 0x000001e6234e0000

Metaspace:

Usage:
  Non-class:     56.28 MB used.
      Class:      9.42 MB used.
       Both:     65.71 MB used.

Virtual space:
  Non-class space:       64.00 MB reserved,      57.19 MB ( 89%) committed,  1 nodes.
      Class space:      320.00 MB reserved,      10.31 MB (  3%) committed,  1 nodes.
             Both:      384.00 MB reserved,      67.50 MB ( 18%) committed. 

Chunk freelists:
   Non-Class:  6.64 MB
       Class:  5.54 MB
        Both:  12.18 MB

MaxMetaspaceSize: 384.00 MB
CompressedClassSpaceSize: 320.00 MB
Initial GC threshold: 21.00 MB
Current GC threshold: 100.88 MB
CDS: on
 - commit_granule_bytes: 65536.
 - commit_granule_words: 8192.
 - virtual_space_node_default_size: 8388608.
 - enlarge_chunks_in_place: 1.
 - use_allocation_guard: 0.


Internal statistics:

num_allocs_failed_limit: 18.
num_arena_births: 3296.
num_arena_deaths: 0.
num_vsnodes_births: 2.
num_vsnodes_deaths: 0.
num_space_committed: 1080.
num_space_uncommitted: 0.
num_chunks_returned_to_freelist: 18.
num_chunks_taken_from_freelist: 6396.
num_chunk_merges: 18.
num_chunk_splits: 4159.
num_chunks_enlarged: 2549.
num_inconsistent_stats: 0.

CodeHeap 'non-profiled nmethods': size=120000Kb used=3874Kb max_used=3997Kb free=116125Kb
 bounds [0x000001e6354e0000, 0x000001e6358d0000, 0x000001e63ca10000]
CodeHeap 'profiled nmethods': size=120000Kb used=12428Kb max_used=12428Kb free=107571Kb
 bounds [0x000001e62da10000, 0x000001e62e640000, 0x000001e634f40000]
CodeHeap 'non-nmethods': size=5760Kb used=3057Kb max_used=3085Kb free=2702Kb
 bounds [0x000001e634f40000, 0x000001e635250000, 0x000001e6354e0000]
 total_blobs=7333 nmethods=6418 adapters=818
 compilation: enabled
              stopped_count=0, restarted_count=0
 full_count=0

Compilation events (20 events):
Event: 12.049 Thread 0x000001e63f94e430 7124       1       org.gradle.api.internal.provider.Collectors$TypedCollector::getType (5 bytes)
Event: 12.049 Thread 0x000001e63f94e430 nmethod 7124 0x000001e635679990 code [0x000001e635679b20, 0x000001e635679be8]
Event: 12.054 Thread 0x000001e63f94e430 7125       3       org.codehaus.groovy.reflection.ClassInfo::<init> (88 bytes)
Event: 12.054 Thread 0x000001e63f94e430 nmethod 7125 0x000001e62e628f10 code [0x000001e62e6291e0, 0x000001e62e62a3b0]
Event: 12.054 Thread 0x000001e63f94e430 7126       3       org.codehaus.groovy.reflection.ClassInfo$LazyCachedClassRef::<init> (11 bytes)
Event: 12.054 Thread 0x000001e63f94e430 nmethod 7126 0x000001e62e62a810 code [0x000001e62e62a9e0, 0x000001e62e62ade0]
Event: 12.054 Thread 0x000001e63f94e430 7127       3       org.codehaus.groovy.reflection.ClassInfo$LazyClassLoaderRef::<init> (11 bytes)
Event: 12.055 Thread 0x000001e63f94e430 nmethod 7127 0x000001e62e62af90 code [0x000001e62e62b160, 0x000001e62e62b560]
Event: 12.055 Thread 0x000001e63f94e430 7128       3       org.codehaus.groovy.util.ManagedConcurrentLinkedQueue::add (20 bytes)
Event: 12.055 Thread 0x000001e63f94e430 nmethod 7128 0x000001e62e62b710 code [0x000001e62e62b8e0, 0x000001e62e62bc68]
Event: 12.055 Thread 0x000001e63f94e430 7129       3       org.codehaus.groovy.util.ManagedConcurrentLinkedQueue$Element::<init> (15 bytes)
Event: 12.055 Thread 0x000001e63f94e430 nmethod 7129 0x000001e62e62be10 code [0x000001e62e62bfc0, 0x000001e62e62c218]
Event: 12.055 Thread 0x000001e63f94e430 7130       3       org.codehaus.groovy.reflection.ClassInfo$LazyCachedClassRef::initValue (5 bytes)
Event: 12.055 Thread 0x000001e63f94e430 nmethod 7130 0x000001e62e62c390 code [0x000001e62e62c560, 0x000001e62e62c928]
Event: 12.055 Thread 0x000001e63f94e430 7131       3       org.codehaus.groovy.reflection.ClassInfo$LazyCachedClassRef::initValue (21 bytes)
Event: 12.055 Thread 0x000001e63f94e430 nmethod 7131 0x000001e62e62ca90 code [0x000001e62e62cc40, 0x000001e62e62cfa8]
Event: 12.055 Thread 0x000001e63f94e430 7132       3       org.codehaus.groovy.reflection.ClassInfo::access$300 (6 bytes)
Event: 12.055 Thread 0x000001e63f94e430 nmethod 7132 0x000001e62e62d110 code [0x000001e62e62d2c0, 0x000001e62e62d3d8]
Event: 12.055 Thread 0x000001e63f94e430 7133       3       org.codehaus.groovy.reflection.ClassInfo::createCachedClass (514 bytes)
Event: 12.057 Thread 0x000001e63f94e430 nmethod 7133 0x000001e62e62d490 code [0x000001e62e62da20, 0x000001e62e630330]

GC Heap History (20 events):
Event: 0.468 GC heap before
{Heap before GC invocations=0 (full 0):
 garbage-first heap   total 262144K, used 12288K [0x00000000e0000000, 0x0000000100000000)
  region size 1024K, 13 young (13312K), 0 survivors (0K)
 Metaspace       used 1004K, committed 1152K, reserved 393216K
  class space    used 80K, committed 128K, reserved 327680K
}
Event: 0.471 GC heap after
{Heap after GC invocations=1 (full 0):
 garbage-first heap   total 262144K, used 3072K [0x00000000e0000000, 0x0000000100000000)
  region size 1024K, 2 young (2048K), 2 survivors (2048K)
 Metaspace       used 1004K, committed 1152K, reserved 393216K
  class space    used 80K, committed 128K, reserved 327680K
}
Event: 0.969 GC heap before
{Heap before GC invocations=1 (full 0):
 garbage-first heap   total 262144K, used 27648K [0x00000000e0000000, 0x0000000100000000)
  region size 1024K, 23 young (23552K), 2 survivors (2048K)
 Metaspace       used 4121K, committed 4352K, reserved 393216K
  class space    used 506K, committed 640K, reserved 327680K
}
Event: 0.972 GC heap after
{Heap after GC invocations=2 (full 0):
 garbage-first heap   total 262144K, used 10840K [0x00000000e0000000, 0x0000000100000000)
  region size 1024K, 3 young (3072K), 3 survivors (3072K)
 Metaspace       used 4121K, committed 4352K, reserved 393216K
  class space    used 506K, committed 640K, reserved 327680K
}
Event: 1.274 GC heap before
{Heap before GC invocations=2 (full 0):
 garbage-first heap   total 262144K, used 38488K [0x00000000e0000000, 0x0000000100000000)
  region size 1024K, 30 young (30720K), 3 survivors (3072K)
 Metaspace       used 4242K, committed 4416K, reserved 393216K
  class space    used 509K, committed 640K, reserved 327680K
}
Event: 1.276 GC heap after
{Heap after GC invocations=3 (full 0):
 garbage-first heap   total 262144K, used 15522K [0x00000000e0000000, 0x0000000100000000)
  region size 1024K, 4 young (4096K), 4 survivors (4096K)
 Metaspace       used 4242K, committed 4416K, reserved 393216K
  class space    used 509K, committed 640K, reserved 327680K
}
Event: 3.303 GC heap before
{Heap before GC invocations=3 (full 0):
 garbage-first heap   total 262144K, used 109730K [0x00000000e0000000, 0x0000000100000000)
  region size 1024K, 97 young (99328K), 4 survivors (4096K)
 Metaspace       used 20790K, committed 21504K, reserved 393216K
  class space    used 3048K, committed 3392K, reserved 327680K
}
Event: 3.316 GC heap after
{Heap after GC invocations=4 (full 0):
 garbage-first heap   total 262144K, used 23063K [0x00000000e0000000, 0x0000000100000000)
  region size 1024K, 12 young (12288K), 12 survivors (12288K)
 Metaspace       used 20790K, committed 21504K, reserved 393216K
  class space    used 3048K, committed 3392K, reserved 327680K
}
Event: 4.842 GC heap before
{Heap before GC invocations=5 (full 0):
 garbage-first heap   total 262144K, used 127511K [0x00000000e0000000, 0x0000000100000000)
  region size 1024K, 115 young (117760K), 12 survivors (12288K)
 Metaspace       used 34515K, committed 35712K, reserved 393216K
  class space    used 4947K, committed 5568K, reserved 327680K
}
Event: 4.859 GC heap after
{Heap after GC invocations=6 (full 0):
 garbage-first heap   total 262144K, used 31229K [0x00000000e0000000, 0x0000000100000000)
  region size 1024K, 15 young (15360K), 15 survivors (15360K)
 Metaspace       used 34515K, committed 35712K, reserved 393216K
  class space    used 4947K, committed 5568K, reserved 327680K
}
Event: 4.909 GC heap before
{Heap before GC invocations=6 (full 0):
 garbage-first heap   total 262144K, used 34301K [0x00000000e0000000, 0x0000000100000000)
  region size 1024K, 19 young (19456K), 15 survivors (15360K)
 Metaspace       used 34769K, committed 35968K, reserved 393216K
  class space    used 4975K, committed 5568K, reserved 327680K
}
Event: 4.922 GC heap after
{Heap after GC invocations=7 (full 0):
 garbage-first heap   total 262144K, used 32256K [0x00000000e0000000, 0x0000000100000000)
  region size 1024K, 9 young (9216K), 9 survivors (9216K)
 Metaspace       used 34769K, committed 35968K, reserved 393216K
  class space    used 4975K, committed 5568K, reserved 327680K
}
Event: 4.937 GC heap before
{Heap before GC invocations=7 (full 0):
 garbage-first heap   total 262144K, used 38400K [0x00000000e0000000, 0x0000000100000000)
  region size 1024K, 11 young (11264K), 9 survivors (9216K)
 Metaspace       used 35030K, committed 36288K, reserved 393216K
  class space    used 4983K, committed 5632K, reserved 327680K
}
Event: 4.944 GC heap after
{Heap after GC invocations=8 (full 0):
 garbage-first heap   total 262144K, used 33792K [0x00000000e0000000, 0x0000000100000000)
  region size 1024K, 8 young (8192K), 8 survivors (8192K)
 Metaspace       used 35030K, committed 36288K, reserved 393216K
  class space    used 4983K, committed 5632K, reserved 327680K
}
Event: 6.879 GC heap before
{Heap before GC invocations=9 (full 0):
 garbage-first heap   total 262144K, used 183296K [0x00000000e0000000, 0x0000000100000000)
  region size 1024K, 153 young (156672K), 8 survivors (8192K)
 Metaspace       used 51931K, committed 53760K, reserved 393216K
  class space    used 7556K, committed 8448K, reserved 327680K
}
Event: 6.897 GC heap after
{Heap after GC invocations=10 (full 0):
 garbage-first heap   total 262144K, used 41472K [0x00000000e0000000, 0x0000000100000000)
  region size 1024K, 18 young (18432K), 18 survivors (18432K)
 Metaspace       used 51931K, committed 53760K, reserved 393216K
  class space    used 7556K, committed 8448K, reserved 327680K
}
Event: 8.665 GC heap before
{Heap before GC invocations=10 (full 0):
 garbage-first heap   total 262144K, used 140800K [0x00000000e0000000, 0x0000000100000000)
  region size 1024K, 104 young (106496K), 18 survivors (18432K)
 Metaspace       used 59772K, committed 61568K, reserved 393216K
  class space    used 8654K, committed 9536K, reserved 327680K
}
Event: 8.686 GC heap after
{Heap after GC invocations=11 (full 0):
 garbage-first heap   total 262144K, used 62045K [0x00000000e0000000, 0x0000000100000000)
  region size 1024K, 19 young (19456K), 19 survivors (19456K)
 Metaspace       used 59772K, committed 61568K, reserved 393216K
  class space    used 8654K, committed 9536K, reserved 327680K
}
Event: 8.745 GC heap before
{Heap before GC invocations=11 (full 0):
 garbage-first heap   total 262144K, used 66141K [0x00000000e0000000, 0x0000000100000000)
  region size 1024K, 24 young (24576K), 19 survivors (19456K)
 Metaspace       used 60099K, committed 61888K, reserved 393216K
  class space    used 8696K, committed 9600K, reserved 327680K
}
Event: 8.761 GC heap after
{Heap after GC invocations=12 (full 0):
 garbage-first heap   total 262144K, used 63253K [0x00000000e0000000, 0x0000000100000000)
  region size 1024K, 10 young (10240K), 10 survivors (10240K)
 Metaspace       used 60099K, committed 61888K, reserved 393216K
  class space    used 8696K, committed 9600K, reserved 327680K
}

Dll operation events (15 events):
Event: 0.013 Loaded shared library C:\Program Files\Java\jdk-21\bin\java.dll
Event: 0.058 Loaded shared library C:\Program Files\Java\jdk-21\bin\jsvml.dll
Event: 0.122 Loaded shared library C:\Program Files\Java\jdk-21\bin\zip.dll
Event: 0.126 Loaded shared library C:\Program Files\Java\jdk-21\bin\instrument.dll
Event: 0.131 Loaded shared library C:\Program Files\Java\jdk-21\bin\net.dll
Event: 0.133 Loaded shared library C:\Program Files\Java\jdk-21\bin\nio.dll
Event: 0.138 Loaded shared library C:\Program Files\Java\jdk-21\bin\zip.dll
Event: 0.385 Loaded shared library C:\Program Files\Java\jdk-21\bin\jimage.dll
Event: 0.485 Loaded shared library C:\Program Files\Java\jdk-21\bin\verify.dll
Event: 0.668 Loaded shared library C:\Users\011ko\.gradle\native\c067742578af261105cb4f569cf0c3c89f3d7b1fecec35dd04571415982c5e48\windows-amd64\native-platform.dll
Event: 0.672 Loaded shared library C:\Users\011ko\.gradle\native\38dada09dfb8b06ba9b0570ebf7e218e3eb74d4ef43ca46872605cf95ebc2f47\windows-amd64\native-platform-file-events.dll
Event: 1.532 Loaded shared library C:\Program Files\Java\jdk-21\bin\management.dll
Event: 1.536 Loaded shared library C:\Program Files\Java\jdk-21\bin\management_ext.dll
Event: 1.763 Loaded shared library C:\Program Files\Java\jdk-21\bin\extnet.dll
Event: 1.931 Loaded shared library C:\Program Files\Java\jdk-21\bin\sunmscapi.dll

Deoptimization events (20 events):
Event: 11.237 Thread 0x000001e65aa03590 DEOPT PACKING pc=0x000001e6357b4624 sp=0x0000004a0cef7c70
Event: 11.237 Thread 0x000001e65aa03590 DEOPT UNPACKING pc=0x000001e634f97da2 sp=0x0000004a0cef7c20 mode 2
Event: 11.237 Thread 0x000001e65aa03590 Uncommon trap: trap_request=0xffffffde fr.pc=0x000001e6357b5424 relative=0x00000000000007e4
Event: 11.237 Thread 0x000001e65aa03590 Uncommon trap: reason=class_check action=maybe_recompile pc=0x000001e6357b5424 method=org.gradle.internal.instantiation.generator.AbstractClassGenerator$InjectionAnnotationValidator.validateMethod(Ljava/lang/reflect/Method;Lorg/gradle/internal/reflect/Pro
Event: 11.237 Thread 0x000001e65aa03590 DEOPT PACKING pc=0x000001e6357b5424 sp=0x0000004a0cef7b80
Event: 11.237 Thread 0x000001e65aa03590 DEOPT UNPACKING pc=0x000001e634f97da2 sp=0x0000004a0cef7b70 mode 2
Event: 11.616 Thread 0x000001e65aa03590 DEOPT PACKING pc=0x000001e62db29f79 sp=0x0000004a0cef7c90
Event: 11.616 Thread 0x000001e65aa03590 DEOPT UNPACKING pc=0x000001e634f988e2 sp=0x0000004a0cef7180 mode 0
Event: 11.661 Thread 0x000001e65aa03590 Uncommon trap: trap_request=0xffffffde fr.pc=0x000001e6357b5424 relative=0x00000000000007e4
Event: 11.661 Thread 0x000001e65aa03590 Uncommon trap: reason=class_check action=maybe_recompile pc=0x000001e6357b5424 method=org.gradle.internal.instantiation.generator.AbstractClassGenerator$InjectionAnnotationValidator.validateMethod(Ljava/lang/reflect/Method;Lorg/gradle/internal/reflect/Pro
Event: 11.661 Thread 0x000001e65aa03590 DEOPT PACKING pc=0x000001e6357b5424 sp=0x0000004a0cef6c90
Event: 11.661 Thread 0x000001e65aa03590 DEOPT UNPACKING pc=0x000001e634f97da2 sp=0x0000004a0cef6c58 mode 2
Event: 11.677 Thread 0x000001e65aa03590 Uncommon trap: trap_request=0xffffffde fr.pc=0x000001e6357b5424 relative=0x00000000000007e4
Event: 11.677 Thread 0x000001e65aa03590 Uncommon trap: reason=class_check action=maybe_recompile pc=0x000001e6357b5424 method=org.gradle.internal.instantiation.generator.AbstractClassGenerator$InjectionAnnotationValidator.validateMethod(Ljava/lang/reflect/Method;Lorg/gradle/internal/reflect/Pro
Event: 11.677 Thread 0x000001e65aa03590 DEOPT PACKING pc=0x000001e6357b5424 sp=0x0000004a0cef7100
Event: 11.677 Thread 0x000001e65aa03590 DEOPT UNPACKING pc=0x000001e634f97da2 sp=0x0000004a0cef70c8 mode 2
Event: 12.038 Thread 0x000001e65aa03590 Uncommon trap: trap_request=0xffffff45 fr.pc=0x000001e63589cdd0 relative=0x0000000000001850
Event: 12.038 Thread 0x000001e65aa03590 Uncommon trap: reason=unstable_if action=reinterpret pc=0x000001e63589cdd0 method=sun.reflect.generics.parser.SignatureParser.parseZeroOrMoreTypeSignatures()[Lsun/reflect/generics/tree/TypeSignature; @ 18 c2
Event: 12.038 Thread 0x000001e65aa03590 DEOPT PACKING pc=0x000001e63589cdd0 sp=0x0000004a0cef8b90
Event: 12.038 Thread 0x000001e65aa03590 DEOPT UNPACKING pc=0x000001e634f97da2 sp=0x0000004a0cef8718 mode 2

Classes loaded (20 events):
Event: 8.605 Loading class sun/reflect/misc/MethodUtil
Event: 8.606 Loading class sun/reflect/misc/MethodUtil done
Event: 8.606 Loading class sun/reflect/misc/MethodUtil$1
Event: 8.606 Loading class sun/reflect/misc/MethodUtil$1 done
Event: 8.610 Loading class java/time/temporal/WeekFields
Event: 8.611 Loading class java/time/temporal/WeekFields done
Event: 8.611 Loading class java/time/temporal/WeekFields$ComputedDayOfField
Event: 8.611 Loading class java/time/temporal/WeekFields$ComputedDayOfField done
Event: 8.613 Loading class sun/nio/ch/ChannelOutputStream
Event: 8.613 Loading class sun/nio/ch/ChannelOutputStream done
Event: 11.098 Loading class java/util/ArrayList$SubList$1
Event: 11.102 Loading class java/util/ArrayList$SubList$1 done
Event: 11.137 Loading class java/lang/Override
Event: 11.137 Loading class java/lang/Override done
Event: 11.596 Loading class java/util/AbstractList$ListItr
Event: 11.596 Loading class java/util/AbstractList$ListItr done
Event: 11.938 Loading class java/util/concurrent/LinkedBlockingDeque$Itr
Event: 11.939 Loading class java/util/concurrent/LinkedBlockingDeque$AbstractItr
Event: 11.939 Loading class java/util/concurrent/LinkedBlockingDeque$AbstractItr done
Event: 11.939 Loading class java/util/concurrent/LinkedBlockingDeque$Itr done

Classes unloaded (0 events):
No events

Classes redefined (0 events):
No events

Internal exceptions (20 events):
Event: 11.931 Thread 0x000001e65aa03590 Exception <a 'java/lang/ClassNotFoundException'{0x00000000ea89f0d0}: org/gradle/api/internal/artifacts/dsl/DefaultRepositoryHandlerCustomizer> (0x00000000ea89f0d0) 
thrown [s\open\src\hotspot\share\classfile\systemDictionary.cpp, line 312]
Event: 11.937 Thread 0x000001e65aa03590 Exception <a 'java/lang/ClassNotFoundException'{0x00000000ea8f4f28}: org/gradle/api/internal/artifacts/dsl/DefaultRepositoryHandler_DecoratedCustomizer> (0x00000000ea8f4f28) 
thrown [s\open\src\hotspot\share\classfile\systemDictionary.cpp, line 312]
Event: 11.959 Thread 0x000001e65aa03590 Exception <a 'java/lang/ClassNotFoundException'{0x00000000ea76f768}: org/gradle/api/internal/plugins/NaggingBasePluginConventionBeanInfo> (0x00000000ea76f768) 
thrown [s\open\src\hotspot\share\classfile\systemDictionary.cpp, line 312]
Event: 11.960 Thread 0x000001e65aa03590 Exception <a 'java/lang/ClassNotFoundException'{0x00000000ea7c17a0}: org/gradle/api/plugins/BasePluginConventionBeanInfo> (0x00000000ea7c17a0) 
thrown [s\open\src\hotspot\share\classfile\systemDictionary.cpp, line 312]
Event: 11.960 Thread 0x000001e65aa03590 Exception <a 'java/lang/ClassNotFoundException'{0x00000000ea7d5dc8}: org/gradle/api/plugins/BasePluginConventionCustomizer> (0x00000000ea7d5dc8) 
thrown [s\open\src\hotspot\share\classfile\systemDictionary.cpp, line 312]
Event: 11.962 Thread 0x000001e65aa03590 Exception <a 'java/lang/ClassNotFoundException'{0x00000000ea7f6cb8}: org/gradle/api/internal/plugins/NaggingBasePluginConventionCustomizer> (0x00000000ea7f6cb8) 
thrown [s\open\src\hotspot\share\classfile\systemDictionary.cpp, line 312]
Event: 11.965 Thread 0x000001e65aa03590 Exception <a 'java/lang/ClassNotFoundException'{0x00000000ea63bf08}: org/gradle/api/plugins/internal/NaggingJavaPluginConventionBeanInfo> (0x00000000ea63bf08) 
thrown [s\open\src\hotspot\share\classfile\systemDictionary.cpp, line 312]
Event: 11.966 Thread 0x000001e65aa03590 Exception <a 'java/lang/ClassNotFoundException'{0x00000000ea650568}: org/gradle/api/plugins/JavaPluginConventionBeanInfo> (0x00000000ea650568) 
thrown [s\open\src\hotspot\share\classfile\systemDictionary.cpp, line 312]
Event: 11.969 Thread 0x000001e65aa03590 Exception <a 'java/lang/ClassNotFoundException'{0x00000000ea664b88}: org/gradle/api/plugins/JavaPluginConventionCustomizer> (0x00000000ea664b88) 
thrown [s\open\src\hotspot\share\classfile\systemDictionary.cpp, line 312]
Event: 11.970 Thread 0x000001e65aa03590 Exception <a 'java/lang/ClassNotFoundException'{0x00000000ea68f350}: org/gradle/api/plugins/internal/NaggingJavaPluginConventionCustomizer> (0x00000000ea68f350) 
thrown [s\open\src\hotspot\share\classfile\systemDictionary.cpp, line 312]
Event: 12.020 Thread 0x000001e65aa03590 Exception <a 'java/lang/ClassNotFoundException'{0x00000000ea2430f0}: org/gradle/api/internal/tasks/DefaultTaskContainer_DecoratedBeanInfo> (0x00000000ea2430f0) 
thrown [s\open\src\hotspot\share\classfile\systemDictionary.cpp, line 312]
Event: 12.021 Thread 0x000001e65aa03590 Exception <a 'java/lang/ClassNotFoundException'{0x00000000ea254b08}: org/gradle/api/internal/tasks/DefaultTaskContainerBeanInfo> (0x00000000ea254b08) 
thrown [s\open\src\hotspot\share\classfile\systemDictionary.cpp, line 312]
Event: 12.024 Thread 0x000001e65aa03590 Exception <a 'java/lang/ClassNotFoundException'{0x00000000ea266548}: org/gradle/api/internal/tasks/DefaultTaskCollectionBeanInfo> (0x00000000ea266548) 
thrown [s\open\src\hotspot\share\classfile\systemDictionary.cpp, line 312]
Event: 12.028 Thread 0x000001e65aa03590 Exception <a 'java/lang/ClassNotFoundException'{0x00000000ea277f78}: org/gradle/api/internal/DefaultNamedDomainObjectSetBeanInfo> (0x00000000ea277f78) 
thrown [s\open\src\hotspot\share\classfile\systemDictionary.cpp, line 312]
Event: 12.029 Thread 0x000001e65aa03590 Exception <a 'java/lang/ClassNotFoundException'{0x00000000ea289bd0}: org/gradle/api/internal/DefaultNamedDomainObjectSetCustomizer> (0x00000000ea289bd0) 
thrown [s\open\src\hotspot\share\classfile\systemDictionary.cpp, line 312]
Event: 12.035 Thread 0x000001e65aa03590 Exception <a 'java/lang/ClassNotFoundException'{0x00000000ea2c67e8}: org/gradle/api/internal/tasks/DefaultTaskCollectionCustomizer> (0x00000000ea2c67e8) 
thrown [s\open\src\hotspot\share\classfile\systemDictionary.cpp, line 312]
Event: 12.037 Thread 0x000001e65aa03590 Exception <a 'java/lang/ClassNotFoundException'{0x00000000ea126700}: org/gradle/api/internal/tasks/DefaultTaskContainerCustomizer> (0x00000000ea126700) 
thrown [s\open\src\hotspot\share\classfile\systemDictionary.cpp, line 312]
Event: 12.041 Thread 0x000001e65aa03590 Exception <a 'java/lang/ClassNotFoundException'{0x00000000ea1b1a40}: org/gradle/api/internal/tasks/DefaultTaskContainer_DecoratedCustomizer> (0x00000000ea1b1a40) 
thrown [s\open\src\hotspot\share\classfile\systemDictionary.cpp, line 312]
Event: 12.058 Thread 0x000001e65aa03590 Exception <a 'java/lang/ClassNotFoundException'{0x00000000ea0ce788}: org/gradle/api/tasks/compile/JavaCompile_DecoratedBeanInfo> (0x00000000ea0ce788) 
thrown [s\open\src\hotspot\share\classfile\systemDictionary.cpp, line 312]
Event: 12.059 Thread 0x000001e65aa03590 Exception <a 'java/lang/ClassNotFoundException'{0x00000000ea0e5050}: org/gradle/api/tasks/compile/JavaCompileBeanInfo> (0x00000000ea0e5050) 
thrown [s\open\src\hotspot\share\classfile\systemDictionary.cpp, line 312]

ZGC Phase Switch (0 events):
No events

VM Operations (20 events):
Event: 8.639 Executing VM operation: HandshakeAllThreads (Deoptimize)
Event: 8.639 Executing VM operation: HandshakeAllThreads (Deoptimize) done
Event: 8.665 Executing VM operation: CollectForMetadataAllocation (Metadata GC Threshold)
Event: 8.686 Executing VM operation: CollectForMetadataAllocation (Metadata GC Threshold) done
Event: 8.745 Executing VM operation: CollectForMetadataAllocation (Metadata GC Threshold)
Event: 8.774 Executing VM operation: CollectForMetadataAllocation (Metadata GC Threshold) done
Event: 8.823 Executing VM operation: G1PauseRemark
Event: 8.835 Executing VM operation: G1PauseRemark done
Event: 8.856 Executing VM operation: G1PauseCleanup
Event: 8.860 Executing VM operation: G1PauseCleanup done
Event: 9.870 Executing VM operation: Cleanup
Event: 9.870 Executing VM operation: Cleanup done
Event: 10.881 Executing VM operation: Cleanup
Event: 10.903 Executing VM operation: Cleanup done
Event: 11.597 Executing VM operation: HandshakeAllThreads (Deoptimize)
Event: 11.597 Executing VM operation: HandshakeAllThreads (Deoptimize) done
Event: 11.957 Executing VM operation: HandshakeAllThreads (Deoptimize)
Event: 11.971 Executing VM operation: HandshakeAllThreads (Deoptimize) done
Event: 11.971 Executing VM operation: Cleanup
Event: 11.972 Executing VM operation: Cleanup done

Events (20 events):
Event: 8.828 Thread 0x000001e63f910460 flushing nmethod 0x000001e62dd71810
Event: 8.828 Thread 0x000001e63f910460 flushing nmethod 0x000001e62dd72290
Event: 8.828 Thread 0x000001e63f910460 flushing nmethod 0x000001e62dd72710
Event: 8.828 Thread 0x000001e63f910460 flushing nmethod 0x000001e62dd72a10
Event: 8.828 Thread 0x000001e63f910460 flushing nmethod 0x000001e62dd74e10
Event: 8.828 Thread 0x000001e63f910460 flushing nmethod 0x000001e62dd8a710
Event: 8.828 Thread 0x000001e63f910460 flushing nmethod 0x000001e62de16a10
Event: 8.828 Thread 0x000001e63f910460 flushing nmethod 0x000001e62de4ca90
Event: 8.828 Thread 0x000001e63f910460 flushing nmethod 0x000001e62de81010
Event: 8.828 Thread 0x000001e63f910460 flushing nmethod 0x000001e62de81690
Event: 8.828 Thread 0x000001e63f910460 flushing nmethod 0x000001e62deb1190
Event: 8.828 Thread 0x000001e63f910460 flushing nmethod 0x000001e62e135890
Event: 8.828 Thread 0x000001e63f910460 flushing nmethod 0x000001e62e15d610
Event: 8.828 Thread 0x000001e63f910460 flushing nmethod 0x000001e62e190210
Event: 8.828 Thread 0x000001e63f910460 flushing nmethod 0x000001e62e190790
Event: 8.828 Thread 0x000001e63f910460 flushing nmethod 0x000001e62e1df010
Event: 8.828 Thread 0x000001e63f910460 flushing nmethod 0x000001e62e1e2f90
Event: 8.828 Thread 0x000001e63f910460 flushing nmethod 0x000001e62e1ffb10
Event: 8.929 Thread 0x000001e63fd9aa10 Thread exited: 0x000001e63fd9aa10
Event: 11.916 Thread 0x000001e65cd23360 Thread added: 0x000001e65cd23360


Dynamic libraries:
0x00007ff6b8730000 - 0x00007ff6b8740000 	C:\Program Files\Java\jdk-21\bin\java.exe
0x00007ffc0b8b0000 - 0x00007ffc0bac7000 	C:\WINDOWS\SYSTEM32\ntdll.dll
0x00007ffc0a370000 - 0x00007ffc0a434000 	C:\WINDOWS\System32\KERNEL32.DLL
0x00007ffc08e70000 - 0x00007ffc09227000 	C:\WINDOWS\System32\KERNELBASE.dll
0x00007ffc08ce0000 - 0x00007ffc08df1000 	C:\WINDOWS\System32\ucrtbase.dll
0x00007ffbd3bb0000 - 0x00007ffbd3bcb000 	C:\Program Files\Java\jdk-21\bin\VCRUNTIME140.dll
0x00007ffbc5ad0000 - 0x00007ffbc5ae9000 	C:\Program Files\Java\jdk-21\bin\jli.dll
0x00007ffc095e0000 - 0x00007ffc09692000 	C:\WINDOWS\System32\ADVAPI32.dll
0x00007ffc0b7c0000 - 0x00007ffc0b867000 	C:\WINDOWS\System32\msvcrt.dll
0x00007ffc0a160000 - 0x00007ffc0a208000 	C:\WINDOWS\System32\sechost.dll
0x00007ffc092f0000 - 0x00007ffc09318000 	C:\WINDOWS\System32\bcrypt.dll
0x00007ffc09d00000 - 0x00007ffc09e14000 	C:\WINDOWS\System32\RPCRT4.dll
0x00007ffc0b450000 - 0x00007ffc0b5ff000 	C:\WINDOWS\System32\USER32.dll
0x00007ffc09320000 - 0x00007ffc09346000 	C:\WINDOWS\System32\win32u.dll
0x00007ffc0a130000 - 0x00007ffc0a159000 	C:\WINDOWS\System32\GDI32.dll
0x00007ffc08bc0000 - 0x00007ffc08cd8000 	C:\WINDOWS\System32\gdi32full.dll
0x00007ffc09540000 - 0x00007ffc095da000 	C:\WINDOWS\System32\msvcp_win.dll
0x00007ffbea8a0000 - 0x00007ffbeab33000 	C:\WINDOWS\WinSxS\amd64_microsoft.windows.common-controls_6595b64144ccf1df_6.0.22621.3672_none_2713b9d173822955\COMCTL32.dll
0x00007ffc00f00000 - 0x00007ffc00f0a000 	C:\WINDOWS\SYSTEM32\VERSION.dll
0x00007ffc09c90000 - 0x00007ffc09cc1000 	C:\WINDOWS\System32\IMM32.DLL
0x00007ffbe0840000 - 0x00007ffbe084c000 	C:\Program Files\Java\jdk-21\bin\vcruntime140_1.dll
0x00007ffbb4e00000 - 0x00007ffbb4e8e000 	C:\Program Files\Java\jdk-21\bin\msvcp140.dll
0x00007ffb78a50000 - 0x00007ffb79763000 	C:\Program Files\Java\jdk-21\bin\server\jvm.dll
0x00007ffc096a0000 - 0x00007ffc09711000 	C:\WINDOWS\System32\WS2_32.dll
0x00007ffc08490000 - 0x00007ffc084dd000 	C:\WINDOWS\SYSTEM32\POWRPROF.dll
0x00007ffc06940000 - 0x00007ffc06974000 	C:\WINDOWS\SYSTEM32\WINMM.dll
0x00007ffc08420000 - 0x00007ffc08433000 	C:\WINDOWS\SYSTEM32\UMPDC.dll
0x00007ffc07bd0000 - 0x00007ffc07be8000 	C:\WINDOWS\SYSTEM32\kernel.appcore.dll
0x00007ffbdecb0000 - 0x00007ffbdecba000 	C:\Program Files\Java\jdk-21\bin\jimage.dll
0x00007ffc06380000 - 0x00007ffc065b2000 	C:\WINDOWS\SYSTEM32\DBGHELP.DLL
0x00007ffc09900000 - 0x00007ffc09c8e000 	C:\WINDOWS\System32\combase.dll
0x00007ffc09e20000 - 0x00007ffc09ef7000 	C:\WINDOWS\System32\OLEAUT32.dll
0x00007ffc004a0000 - 0x00007ffc004d2000 	C:\WINDOWS\SYSTEM32\dbgcore.DLL
0x00007ffc09350000 - 0x00007ffc093cb000 	C:\WINDOWS\System32\bcryptPrimitives.dll
0x00007ffbde970000 - 0x00007ffbde97f000 	C:\Program Files\Java\jdk-21\bin\instrument.dll
0x00007ffbc46b0000 - 0x00007ffbc46cf000 	C:\Program Files\Java\jdk-21\bin\java.dll
0x00007ffc0a440000 - 0x00007ffc0aca9000 	C:\WINDOWS\System32\SHELL32.dll
0x00007ffc06ae0000 - 0x00007ffc073df000 	C:\WINDOWS\SYSTEM32\windows.storage.dll
0x00007ffc069a0000 - 0x00007ffc06adf000 	C:\WINDOWS\SYSTEM32\wintypes.dll
0x00007ffc0b190000 - 0x00007ffc0b289000 	C:\WINDOWS\System32\SHCORE.dll
0x00007ffc098a0000 - 0x00007ffc098fe000 	C:\WINDOWS\System32\shlwapi.dll
0x00007ffc08af0000 - 0x00007ffc08b17000 	C:\WINDOWS\SYSTEM32\profapi.dll
0x00007ffbb27d0000 - 0x00007ffbb28a7000 	C:\Program Files\Java\jdk-21\bin\jsvml.dll
0x00007ffbc2810000 - 0x00007ffbc2828000 	C:\Program Files\Java\jdk-21\bin\zip.dll
0x00007ffbd4490000 - 0x00007ffbd44a0000 	C:\Program Files\Java\jdk-21\bin\net.dll
0x00007ffc027d0000 - 0x00007ffc02906000 	C:\WINDOWS\SYSTEM32\WINHTTP.dll
0x00007ffc08040000 - 0x00007ffc080a9000 	C:\WINDOWS\system32\mswsock.dll
0x00007ffbc27f0000 - 0x00007ffbc2806000 	C:\Program Files\Java\jdk-21\bin\nio.dll
0x00007ffbd1720000 - 0x00007ffbd1730000 	C:\Program Files\Java\jdk-21\bin\verify.dll
0x00007ffbe0850000 - 0x00007ffbe0877000 	C:\Users\011ko\.gradle\native\c067742578af261105cb4f569cf0c3c89f3d7b1fecec35dd04571415982c5e48\windows-amd64\native-platform.dll
0x00007ffbaaef0000 - 0x00007ffbab034000 	C:\Users\011ko\.gradle\native\38dada09dfb8b06ba9b0570ebf7e218e3eb74d4ef43ca46872605cf95ebc2f47\windows-amd64\native-platform-file-events.dll
0x00007ffbd0670000 - 0x00007ffbd067a000 	C:\Program Files\Java\jdk-21\bin\management.dll
0x00007ffbcdde0000 - 0x00007ffbcddeb000 	C:\Program Files\Java\jdk-21\bin\management_ext.dll
0x00007ffc09800000 - 0x00007ffc09808000 	C:\WINDOWS\System32\PSAPI.DLL
0x00007ffc08280000 - 0x00007ffc0829b000 	C:\WINDOWS\SYSTEM32\CRYPTSP.dll
0x00007ffc07b30000 - 0x00007ffc07b65000 	C:\WINDOWS\system32\rsaenh.dll
0x00007ffc08100000 - 0x00007ffc08128000 	C:\WINDOWS\SYSTEM32\USERENV.dll
0x00007ffc082a0000 - 0x00007ffc082ac000 	C:\WINDOWS\SYSTEM32\CRYPTBASE.dll
0x00007ffc07680000 - 0x00007ffc076ad000 	C:\WINDOWS\SYSTEM32\IPHLPAPI.DLL
0x00007ffc09cf0000 - 0x00007ffc09cf9000 	C:\WINDOWS\System32\NSI.dll
0x00007ffbcd2a0000 - 0x00007ffbcd2a9000 	C:\Program Files\Java\jdk-21\bin\extnet.dll
0x00007ffbcc6d0000 - 0x00007ffbcc6de000 	C:\Program Files\Java\jdk-21\bin\sunmscapi.dll
0x00007ffc093d0000 - 0x00007ffc09536000 	C:\WINDOWS\System32\CRYPT32.dll
0x00007ffc08580000 - 0x00007ffc085ad000 	C:\WINDOWS\SYSTEM32\ncrypt.dll
0x00007ffc08540000 - 0x00007ffc08577000 	C:\WINDOWS\SYSTEM32\NTASN1.dll
0x00007ffc006c0000 - 0x00007ffc006c8000 	C:\WINDOWS\system32\wshunix.dll

dbghelp: loaded successfully - version: 4.0.5 - missing functions: none
symbol engine: initialized successfully - sym options: 0x614 - pdb path: .;C:\Program Files\Java\jdk-21\bin;C:\WINDOWS\SYSTEM32;C:\WINDOWS\WinSxS\amd64_microsoft.windows.common-controls_6595b64144ccf1df_6.0.22621.3672_none_2713b9d173822955;C:\Program Files\Java\jdk-21\bin\server;C:\Users\011ko\.gradle\native\c067742578af261105cb4f569cf0c3c89f3d7b1fecec35dd04571415982c5e48\windows-amd64;C:\Users\011ko\.gradle\native\38dada09dfb8b06ba9b0570ebf7e218e3eb74d4ef43ca46872605cf95ebc2f47\windows-amd64

VM Arguments:
jvm_args: --add-opens=java.base/java.util=ALL-UNNAMED --add-opens=java.base/java.lang=ALL-UNNAMED --add-opens=java.base/java.lang.invoke=ALL-UNNAMED --add-opens=java.prefs/java.util.prefs=ALL-UNNAMED --add-opens=java.base/java.nio.charset=ALL-UNNAMED --add-opens=java.base/java.net=ALL-UNNAMED --add-opens=java.base/java.util.concurrent.atomic=ALL-UNNAMED -XX:MaxMetaspaceSize=384m -XX:+HeapDumpOnOutOfMemoryError -Xms256m -Xmx512m -Dfile.encoding=UTF-8 -Duser.country=RU -Duser.language=ru -Duser.variant -javaagent:C:\Users\011ko\.gradle\wrapper\dists\gradle-8.5-bin\5t9huq95ubn472n8rpzujfbqh\gradle-8.5\lib\agents\gradle-instrumentation-agent-8.5.jar 
java_command: org.gradle.launcher.daemon.bootstrap.GradleDaemon 8.5
java_class_path (initial): C:\Users\011ko\.gradle\wrapper\dists\gradle-8.5-bin\5t9huq95ubn472n8rpzujfbqh\gradle-8.5\lib\gradle-launcher-8.5.jar
Launcher Type: SUN_STANDARD

[Global flags]
     intx CICompilerCount                          = 3                                         {product} {ergonomic}
   size_t CompressedClassSpaceSize                 = 335544320                                 {product} {ergonomic}
     uint ConcGCThreads                            = 1                                         {product} {ergonomic}
     uint G1ConcRefinementThreads                  = 4                                         {product} {ergonomic}
   size_t G1HeapRegionSize                         = 1048576                                   {product} {ergonomic}
    uintx GCDrainStackTargetSize                   = 64                                        {product} {ergonomic}
     bool HeapDumpOnOutOfMemoryError               = true                                   {manageable} {command line}
   size_t InitialHeapSize                          = 268435456                                 {product} {command line}
   size_t MarkStackSize                            = 4194304                                   {product} {ergonomic}
   size_t MaxHeapSize                              = 536870912                                 {product} {command line}
   size_t MaxMetaspaceSize                         = 402653184                                 {product} {command line}
   size_t MaxNewSize                               = 321912832                                 {product} {ergonomic}
   size_t MinHeapDeltaBytes                        = 1048576                                   {product} {ergonomic}
   size_t MinHeapSize                              = 268435456                                 {product} {command line}
    uintx NonNMethodCodeHeapSize                   = 5832780                                {pd product} {ergonomic}
    uintx NonProfiledCodeHeapSize                  = 122912730                              {pd product} {ergonomic}
    uintx ProfiledCodeHeapSize                     = 122912730                              {pd product} {ergonomic}
    uintx ReservedCodeCacheSize                    = 251658240                              {pd product} {ergonomic}
     bool SegmentedCodeCache                       = true                                      {product} {ergonomic}
   size_t SoftMaxHeapSize                          = 536870912                              {manageable} {ergonomic}
     bool UseCompressedOops                        = true                           {product lp64_product} {ergonomic}
     bool UseG1GC                                  = true                                      {product} {ergonomic}
     bool UseLargePagesIndividualAllocation        = false                                  {pd product} {ergonomic}

Logging:
Log output configuration:
 #0: stdout all=warning uptime,level,tags foldmultilines=false
 #1: stderr all=off uptime,level,tags foldmultilines=false

Environment Variables:
PATH=C:\oraclexe\app\oracle\product\11.2.0\server\bin;;C:\Program Files\Common Files\Oracle\Java\javapath;C:\Program Files (x86)\Common Files\Oracle\Java\java8path;C:\Program Files (x86)\Common Files\Oracle\Java\javapath;C:\Windows\System32\HWAudioDriverLibs;C:\Windows\system32;C:\Windows;C:\Windows\System32\Wbem;C:\Windows\System32\WindowsPowerShell\v1.0\;C:\Windows\System32\OpenSSH\;C:\Users\Administrator\AppData\Local\Microsoft\WindowsApps;C:\WINDOWS\system32;C:\WINDOWS;C:\WINDOWS\System32\Wbem;C:\WINDOWS\System32\WindowsPowerShell\v1.0\;C:\WINDOWS\System32\OpenSSH\;C:\Program Files\nodejs\;C:\Program Files\Git\cmd;C:\Users\011ko\Documents\gradle-8.10-all\gradle-8.10\bin;C:\Program Files\AmneziaWG\;C:\Users\011ko\AppData\Local\Microsoft\WindowsApps;C:\Users\011ko\AppData\Local\Programs\Microsoft VS Code\bin;C:\Users\011ko\AppData\Roaming\npm;C:\Users\011ko\AppData\Local\GitHubDesktop\bin;C:\Users\011ko\Documents\gradle-8.10-all\gradle-8.10\bin;
USERNAME=011ko
OS=Windows_NT
PROCESSOR_IDENTIFIER=Intel64 Family 6 Model 140 Stepping 1, GenuineIntel
TMP=C:\Users\011ko\AppData\Local\Temp
TEMP=C:\Users\011ko\AppData\Local\Temp




Periodic native trim disabled

---------------  S Y S T E M  ---------------

OS:
 Windows 11 , 64 bit Build 22621 (10.0.22621.3958)
OS uptime: 12 days 12:11 hours
Hyper-V role detected

CPU: total 4 (initial active 4) (2 cores per cpu, 2 threads per core) family 6 model 140 stepping 1 microcode 0x8a, cx8, cmov, fxsr, ht, mmx, 3dnowpref, sse, sse2, sse3, ssse3, sse4.1, sse4.2, popcnt, lzcnt, tsc, tscinvbit, avx, avx2, aes, erms, clmul, bmi1, bmi2, adx, avx512f, avx512dq, avx512cd, avx512bw, avx512vl, sha, fma, vzeroupper, avx512_vpopcntdq, avx512_vpclmulqdq, avx512_vaes, avx512_vnni, clflush, clflushopt, clwb, avx512_vbmi2, avx512_vbmi, hv, rdtscp, rdpid, fsrm, gfni, avx512_bitalg, f16c, cet_ibt, cet_ss, avx512_ifma
Processor Information for all 4 processors :
  Max Mhz: 2995, Current Mhz: 2995, Mhz Limit: 2995

Memory: 4k page, system-wide physical 7991M (379M free)
TotalPageFile size 23351M (AvailPageFile size 14M)
current process WorkingSet (physical memory assigned to process): 427M, peak: 430M
current process commit charge ("private bytes"): 497M, peak: 503M

vm_info: Java HotSpot(TM) 64-Bit Server VM (21.0.4+8-LTS-274) for windows-amd64 JRE (21.0.4+8-LTS-274), built on 2024-06-05T05:23:33Z by "mach5one" with MS VC++ 17.6 (VS2022)

END.
